<html>
<body>
<pre>
<h1>µVision Build Log</h1>
<h2>Tool Versions:</h2>
IDE-Version: ¦ÌVision V5.30.0.0
Copyright (C) 2020 ARM Ltd and ARM Germany GmbH. All rights reserved.
License Information: asd ¹ù×ÓÀ¤, asd, LIC=IK1BF-6A255-Y8AFK-ZCQK6-9IMF3-T55MJ
 
Tool Versions:
Toolchain:       MDK-ARM Plus  Version: 5.30.0.0
Toolchain Path:  D:\software\Keil\ARM\ARMCC\Bin
C Compiler:      Armcc.exe V5.06 update 6 (build 750)
Assembler:       Armasm.exe V5.06 update 6 (build 750)
Linker/Locator:  ArmLink.exe V5.06 update 6 (build 750)
Library Manager: ArmAr.exe V5.06 update 6 (build 750)
Hex Converter:   FromElf.exe V5.06 update 6 (build 750)
CPU DLL:         SARMCM3.DLL V5.30.0.0
Dialog DLL:      DCM.DLL V1.17.3.0
Target DLL:      STLink\ST-LINKIII-KEIL_SWO.dll V3.0.7.0
Dialog DLL:      TCM.DLL V1.42.0.0
 
<h2>Project:</h2>
D:\software\GIT\project\stm32\5_airTemp\Project.uvprojx
Project File Date:  09/17/2020

<h2>Output:</h2>
*** Using Compiler 'V5.06 update 6 (build 750)', folder: 'D:\software\Keil\ARM\ARMCC\Bin'
Build target 'STM32L476G-Discovery'
compiling main.c...
..\STM32L4xx_HAL_Driver\Inc\stm32l4xx_hal_flash.h(832): warning:  #47-D: incompatible redefinition of macro "FLASH_SIZE"  (declared at line 940 of "D:\software\Keil\Packs\Keil\STM32L4xx_DFP\2.3.0\Drivers\CMSIS\Device\ST\STM32L4xx\Include\stm32l431xx.h")
  #define FLASH_SIZE                         ((((*((uint16_t *)FLASH_SIZE_DATA_REGISTER)) == 0xFFFF)) ? (0x400 << 10) : \
..\BSP\ds3231.h(36): warning:  #9-D: nested comment is not allowed
  /*
..\APP\product\main.c(141): warning:  #177-D: variable "RCC_PeriphCLKInitStruct"  was declared but never referenced
    RCC_PeriphCLKInitTypeDef  RCC_PeriphCLKInitStruct;
..\APP\product\main.c(207): warning:  #951-D: return type of function "main" must be "int"
  void main( void )
..\APP\product\main.c(232): warning:  #144-D: a value of type "void (*)(void *)" cannot be used to initialize an entity of type "os_pthread"
      osThreadDef(TIME, time_task, TIME_TASK_PRIORITY, 0, TASK_TIME_STACK_SIZE);
..\APP\product\main.c(232): warning:  #188-D: enumerated type mixed with another type
      osThreadDef(TIME, time_task, TIME_TASK_PRIORITY, 0, TASK_TIME_STACK_SIZE);
..\APP\product\main.c(442): warning:  #177-D: variable "ulCounter"  was declared but never referenced
      static unsigned long ulCounter = 0;
..\APP\product\main.c(444): warning:  #177-D: variable "ulCheckFrequency"  was declared but never referenced
      static const unsigned long ulCheckFrequency = 5000UL / portTICK_PERIOD_MS;
..\APP\product\main.c: 8 warnings, 0 errors
compiling sensor_process.c...
..\STM32L4xx_HAL_Driver\Inc\stm32l4xx_hal_flash.h(832): warning:  #47-D: incompatible redefinition of macro "FLASH_SIZE"  (declared at line 940 of "D:\software\Keil\Packs\Keil\STM32L4xx_DFP\2.3.0\Drivers\CMSIS\Device\ST\STM32L4xx\Include\stm32l431xx.h")
  #define FLASH_SIZE                         ((((*((uint16_t *)FLASH_SIZE_DATA_REGISTER)) == 0xFFFF)) ? (0x400 << 10) : \
..\BSP\ds3231.h(36): warning:  #9-D: nested comment is not allowed
  /*
..\APP\sensor\sensor_process.c(201): warning:  #1035-D: single-precision operand implicitly converted to double-precision
                      fp32_1 = (((float)result_0) * STD_R_VALUE) / result_1;
..\APP\sensor\sensor_process.c(222): warning:  #128-D: loop is not reachable
      while(1)
..\APP\sensor\sensor_process.c(47): warning:  #177-D: variable "i"  was declared but never referenced
      uint32_t i = 0, j = 0, k = 0;
..\APP\sensor\sensor_process.c(47): warning:  #177-D: variable "j"  was declared but never referenced
      uint32_t i = 0, j = 0, k = 0;
..\APP\sensor\sensor_process.c(47): warning:  #177-D: variable "k"  was declared but never referenced
      uint32_t i = 0, j = 0, k = 0;
..\APP\sensor\sensor_process.c(48): warning:  #177-D: variable "str"  was declared but never referenced
      uint8_t str[256];
..\APP\sensor\sensor_process.c(49): warning:  #177-D: variable "readstr"  was declared but never referenced
      uint8_t readstr[256];
..\APP\sensor\sensor_process.c(50): warning:  #177-D: variable "error"  was declared but never referenced
      uint32_t error = 0;
..\APP\sensor\sensor_process.c(54): warning:  #177-D: variable "count"  was declared but never referenced
      uint8 count = 50, readAD[2], readSTAT = 0;
..\APP\sensor\sensor_process.c(54): warning:  #177-D: variable "readSTAT"  was declared but never referenced
      uint8 count = 50, readAD[2], readSTAT = 0;
..\APP\sensor\sensor_process.c: 12 warnings, 0 errors
linking...
Program Size: Code=20584 RO-data=520 RW-data=240 ZI-data=33992  
"STM32L476G-Discovery\STM32L476G-Discovery.axf" - 0 Error(s), 20 Warning(s).

<h2>Software Packages used:</h2>

Package Vendor: ARM
                http://www.keil.com/pack/ARM.CMSIS.5.7.0.pack
                ARM.CMSIS.5.7.0
                CMSIS (Cortex Microcontroller Software Interface Standard)
   * Component: CORE Version: 5.4.0

Package Vendor: Keil
                https://www.keil.com/pack/Keil.STM32L4xx_DFP.2.3.0.pack
                Keil.STM32L4xx_DFP.2.3.0
                STMicroelectronics STM32L4 Series Device Support, Drivers and Examples

<h2>Collection of Component include folders:</h2>
  .\RTE\_STM32L476G-Discovery
  D:\software\Keil\Packs\ARM\CMSIS\5.7.0\CMSIS\Core\Include
  D:\software\Keil\Packs\Keil\STM32L4xx_DFP\2.3.0\Drivers\CMSIS\Device\ST\STM32L4xx\Include

<h2>Collection of Component Files used:</h2>

   * Component: ARM::CMSIS:CORE:5.4.0
Build Time Elapsed:  00:00:03
</pre>
</body>
</html>
