<html>
<body>
<pre>
<h1>礦ision Build Log</h1>
<h2>Tool Versions:</h2>
IDE-Version: μVision V5.30.0.0
Copyright (C) 2020 ARM Ltd and ARM Germany GmbH. All rights reserved.
License Information: asd 郭子坤, asd, LIC=IK1BF-6A255-Y8AFK-ZCQK6-9IMF3-T55MJ
 
Tool Versions:
Toolchain:       MDK-ARM Plus  Version: 5.30.0.0
Toolchain Path:  D:\software\Keil\ARM\ARMCC\Bin
C Compiler:      Armcc.exe V5.06 update 6 (build 750)
Assembler:       Armasm.exe V5.06 update 6 (build 750)
Linker/Locator:  ArmLink.exe V5.06 update 6 (build 750)
Library Manager: ArmAr.exe V5.06 update 6 (build 750)
Hex Converter:   FromElf.exe V5.06 update 6 (build 750)
CPU DLL:         SARMCM3.DLL V5.30.0.0
Dialog DLL:      DCM.DLL V1.17.3.0
Target DLL:      STLink\ST-LINKIII-KEIL_SWO.dll V3.0.7.0
Dialog DLL:      TCM.DLL V1.42.0.0
 
<h2>Project:</h2>
D:\software\GIT\project\stm32\5_airTemp\Project.uvprojx
Project File Date:  11/03/2020

<h2>Output:</h2>
*** Using Compiler 'V5.06 update 6 (build 750)', folder: 'D:\software\Keil\ARM\ARMCC\Bin'
Build target 'STM32L476G-Discovery'
compiling wk2204.c...
..\STM32L4xx_HAL_Driver\Inc\stm32l4xx_hal_flash.h(832): warning:  #47-D: incompatible redefinition of macro "FLASH_SIZE"  (declared at line 940 of "D:\software\Keil\Packs\Keil\STM32L4xx_DFP\2.3.0\Drivers\CMSIS\Device\ST\STM32L4xx\Include\stm32l431xx.h")
  #define FLASH_SIZE                         ((((*((uint16_t *)FLASH_SIZE_DATA_REGISTER)) == 0xFFFF)) ? (0x400 << 10) : \
..\BSP\wk2204.h(58): warning:  #47-D: incompatible redefinition of macro "WK2XXX_GIER"  (declared at line 12)
  #define WK2XXX_GIER 0x8F  //使能子串口 1 的时钟
..\BSP\wk2204.h(59): warning:  #47-D: incompatible redefinition of macro "WK2XXX_GIER"  (declared at line 58)
  #define WK2XXX_GIER 0x4F  //使能子串口 2 的时钟
..\BSP\wk2204.h(60): warning:  #47-D: incompatible redefinition of macro "WK2XXX_GIER"  (declared at line 59)
  #define WK2XXX_GIER 0x2F  //使能子串口 3 的时钟
..\BSP\wk2204.h(61): warning:  #47-D: incompatible redefinition of macro "WK2XXX_GIER"  (declared at line 60)
  #define WK2XXX_GIER 0x1F  //使能子串口 4 的时钟
..\BSP\wk2204.h(83): warning:  #1295-D: Deprecated declaration BaudAdaptive - give arg types
  void BaudAdaptive();
..\BSP\wk2204.c(149): warning:  #9-D: nested comment is not allowed
  /*************************************************************************/
..\BSP\wk2204.c(163): warning:  #767-D: conversion from pointer to smaller integer
          return (uint8_t )m_tempdata.m_uartrcv[UARTDEV_3].buff;
..\BSP\wk2204.c(153): warning:  #177-D: variable "i"  was declared but never referenced
      uint32 i = 256;
..\BSP\wk2204.c(198): warning:  #177-D: variable "n"  was declared but never referenced
      unsigned char rec_data, n, cmd = 0x00;
..\BSP\wk2204.c(339): warning:  #186-D: pointless comparison of unsigned integer with zero
      for(i = 9999; i < 0 ; i--);
..\BSP\wk2204.c: 11 warnings, 0 errors
linking...
Program Size: Code=64156 RO-data=2424 RW-data=304 ZI-data=35448  
"STM32L476G-Discovery\STM32L476G-Discovery.axf" - 0 Error(s), 11 Warning(s).

<h2>Software Packages used:</h2>

Package Vendor: ARM
                http://www.keil.com/pack/ARM.CMSIS.5.7.0.pack
                ARM.CMSIS.5.7.0
                CMSIS (Cortex Microcontroller Software Interface Standard)
   * Component: CORE Version: 5.4.0

Package Vendor: Keil
                https://www.keil.com/pack/Keil.STM32L4xx_DFP.2.3.0.pack
                Keil.STM32L4xx_DFP.2.3.0
                STMicroelectronics STM32L4 Series Device Support, Drivers and Examples

<h2>Collection of Component include folders:</h2>
  .\RTE\_STM32L476G-Discovery
  D:\software\Keil\Packs\ARM\CMSIS\5.7.0\CMSIS\Core\Include
  D:\software\Keil\Packs\Keil\STM32L4xx_DFP\2.3.0\Drivers\CMSIS\Device\ST\STM32L4xx\Include

<h2>Collection of Component Files used:</h2>

   * Component: ARM::CMSIS:CORE:5.4.0
Build Time Elapsed:  00:00:03
</pre>
</body>
</html>
