Component: ARM Compiler 5.06 update 6 (build 750) Tool: armlink [4d35ed]

==============================================================================

Section Cross References

    system_stm32l4xx.o(i.SystemCoreClockUpdate) refers to system_stm32l4xx.o(.constdata) for .constdata
    system_stm32l4xx.o(i.SystemCoreClockUpdate) refers to system_stm32l4xx.o(.data) for .data
    heap_4.o(i.prvHeapInit) refers to heap_4.o(.bss) for .bss
    heap_4.o(i.prvHeapInit) refers to heap_4.o(.data) for .data
    heap_4.o(i.prvInsertBlockIntoFreeList) refers to heap_4.o(.data) for .data
    heap_4.o(i.pvPortMalloc) refers to tasks.o(i.vTaskSuspendAll) for vTaskSuspendAll
    heap_4.o(i.pvPortMalloc) refers to heap_4.o(i.prvHeapInit) for prvHeapInit
    heap_4.o(i.pvPortMalloc) refers to heap_4.o(i.prvInsertBlockIntoFreeList) for prvInsertBlockIntoFreeList
    heap_4.o(i.pvPortMalloc) refers to tasks.o(i.xTaskResumeAll) for xTaskResumeAll
    heap_4.o(i.pvPortMalloc) refers to heap_4.o(.data) for .data
    heap_4.o(i.vPortFree) refers to tasks.o(i.vTaskSuspendAll) for vTaskSuspendAll
    heap_4.o(i.vPortFree) refers to heap_4.o(i.prvInsertBlockIntoFreeList) for prvInsertBlockIntoFreeList
    heap_4.o(i.vPortFree) refers to tasks.o(i.xTaskResumeAll) for xTaskResumeAll
    heap_4.o(i.vPortFree) refers to heap_4.o(.data) for .data
    heap_4.o(i.xPortGetFreeHeapSize) refers to heap_4.o(.data) for .data
    heap_4.o(i.xPortGetMinimumEverFreeHeapSize) refers to heap_4.o(.data) for .data
    port.o(.emb_text) refers to tasks.o(i.vTaskSwitchContext) for vTaskSwitchContext
    port.o(.emb_text) refers to tasks.o(.data) for pxCurrentTCB
    port.o(i.prvTaskExitError) refers to port.o(.data) for .data
    port.o(i.pxPortInitialiseStack) refers to port.o(i.prvTaskExitError) for prvTaskExitError
    port.o(i.vPortEndScheduler) refers to port.o(.data) for .data
    port.o(i.vPortEnterCritical) refers to port.o(.data) for .data
    port.o(i.vPortExitCritical) refers to port.o(.data) for .data
    port.o(i.vPortSetupTimerInterrupt) refers to system_stm32l4xx.o(.data) for SystemCoreClock
    port.o(i.vPortValidateInterruptPriority) refers to port.o(.emb_text) for vPortGetIPSR
    port.o(i.vPortValidateInterruptPriority) refers to port.o(.data) for .data
    port.o(i.xPortStartScheduler) refers to port.o(i.vPortSetupTimerInterrupt) for vPortSetupTimerInterrupt
    port.o(i.xPortStartScheduler) refers to port.o(.emb_text) for __asm___6_port_c_39a90d8d__prvEnableVFP
    port.o(i.xPortStartScheduler) refers to port.o(.data) for .data
    port.o(i.xPortSysTickHandler) refers to tasks.o(i.xTaskIncrementTick) for xTaskIncrementTick
    event_groups.o(i.vEventGroupClearBitsCallback) refers to event_groups.o(i.xEventGroupClearBits) for xEventGroupClearBits
    event_groups.o(i.vEventGroupDelete) refers to tasks.o(i.vTaskSuspendAll) for vTaskSuspendAll
    event_groups.o(i.vEventGroupDelete) refers to tasks.o(i.xTaskRemoveFromUnorderedEventList) for xTaskRemoveFromUnorderedEventList
    event_groups.o(i.vEventGroupDelete) refers to heap_4.o(i.vPortFree) for vPortFree
    event_groups.o(i.vEventGroupDelete) refers to tasks.o(i.xTaskResumeAll) for xTaskResumeAll
    event_groups.o(i.vEventGroupSetBitsCallback) refers to event_groups.o(i.xEventGroupSetBits) for xEventGroupSetBits
    event_groups.o(i.xEventGroupClearBits) refers to port.o(i.vPortEnterCritical) for vPortEnterCritical
    event_groups.o(i.xEventGroupClearBits) refers to port.o(i.vPortExitCritical) for vPortExitCritical
    event_groups.o(i.xEventGroupCreate) refers to heap_4.o(i.pvPortMalloc) for pvPortMalloc
    event_groups.o(i.xEventGroupCreate) refers to list.o(i.vListInitialise) for vListInitialise
    event_groups.o(i.xEventGroupSetBits) refers to tasks.o(i.vTaskSuspendAll) for vTaskSuspendAll
    event_groups.o(i.xEventGroupSetBits) refers to tasks.o(i.xTaskRemoveFromUnorderedEventList) for xTaskRemoveFromUnorderedEventList
    event_groups.o(i.xEventGroupSetBits) refers to tasks.o(i.xTaskResumeAll) for xTaskResumeAll
    event_groups.o(i.xEventGroupSync) refers to tasks.o(i.xTaskGetSchedulerState) for xTaskGetSchedulerState
    event_groups.o(i.xEventGroupSync) refers to tasks.o(i.vTaskSuspendAll) for vTaskSuspendAll
    event_groups.o(i.xEventGroupSync) refers to event_groups.o(i.xEventGroupSetBits) for xEventGroupSetBits
    event_groups.o(i.xEventGroupSync) refers to tasks.o(i.vTaskPlaceOnUnorderedEventList) for vTaskPlaceOnUnorderedEventList
    event_groups.o(i.xEventGroupSync) refers to tasks.o(i.xTaskResumeAll) for xTaskResumeAll
    event_groups.o(i.xEventGroupSync) refers to tasks.o(i.uxTaskResetEventItemValue) for uxTaskResetEventItemValue
    event_groups.o(i.xEventGroupSync) refers to port.o(i.vPortEnterCritical) for vPortEnterCritical
    event_groups.o(i.xEventGroupSync) refers to port.o(i.vPortExitCritical) for vPortExitCritical
    event_groups.o(i.xEventGroupWaitBits) refers to tasks.o(i.xTaskGetSchedulerState) for xTaskGetSchedulerState
[...]
    HAL_I2CEx_ConfigAnalogFilter             0x08003239   Thumb Code    86  stm32l4xx_hal_i2c_ex.o(i.HAL_I2CEx_ConfigAnalogFilter)
    HAL_I2CEx_ConfigDigitalFilter            0x0800328f   Thumb Code    82  stm32l4xx_hal_i2c_ex.o(i.HAL_I2CEx_ConfigDigitalFilter)
    HAL_I2C_DeInit                           0x080032e1   Thumb Code    50  stm32l4xx_hal_i2c.o(i.HAL_I2C_DeInit)
    HAL_I2C_Init                             0x08003315   Thumb Code   178  stm32l4xx_hal_i2c.o(i.HAL_I2C_Init)
    HAL_I2C_Mem_Read                         0x080033cd   Thumb Code   360  stm32l4xx_hal_i2c.o(i.HAL_I2C_Mem_Read)
    HAL_I2C_MspDeInit                        0x0800353f   Thumb Code     2  stm32l4xx_hal_i2c.o(i.HAL_I2C_MspDeInit)
    HAL_I2C_MspInit                          0x08003541   Thumb Code     2  stm32l4xx_hal_i2c.o(i.HAL_I2C_MspInit)
    HAL_IncTick                              0x08003545   Thumb Code    10  stm32l4xx_hal.o(i.HAL_IncTick)
    HAL_Init                                 0x08003555   Thumb Code    22  stm32l4xx_hal.o(i.HAL_Init)
    HAL_InitTick                             0x0800356d   Thumb Code    34  stm32l4xx_hal.o(i.HAL_InitTick)
    HAL_MspInit                              0x08003595   Thumb Code   122  main.o(i.HAL_MspInit)
    HAL_NVIC_EnableIRQ                       0x08003615   Thumb Code    26  stm32l4xx_hal_cortex.o(i.HAL_NVIC_EnableIRQ)
    HAL_NVIC_SetPriority                     0x08003631   Thumb Code    60  stm32l4xx_hal_cortex.o(i.HAL_NVIC_SetPriority)
    HAL_NVIC_SetPriorityGrouping             0x08003671   Thumb Code    26  stm32l4xx_hal_cortex.o(i.HAL_NVIC_SetPriorityGrouping)
    HAL_PWREx_ControlVoltageScaling          0x08003695   Thumb Code    86  stm32l4xx_hal_pwr_ex.o(i.HAL_PWREx_ControlVoltageScaling)
    HAL_PWREx_GetVoltageRange                0x080036f9   Thumb Code    10  stm32l4xx_hal_pwr_ex.o(i.HAL_PWREx_GetVoltageRange)
    HAL_RCCEx_PeriphCLKConfig                0x08003709   Thumb Code   682  stm32l4xx_hal_rcc_ex.o(i.HAL_RCCEx_PeriphCLKConfig)
    HAL_RCC_ClockConfig                      0x080039c5   Thumb Code   358  stm32l4xx_hal_rcc.o(i.HAL_RCC_ClockConfig)
    HAL_RCC_GetHCLKFreq                      0x08003b3d   Thumb Code     6  stm32l4xx_hal_rcc.o(i.HAL_RCC_GetHCLKFreq)
    HAL_RCC_GetPCLK1Freq                     0x08003b49   Thumb Code    20  stm32l4xx_hal_rcc.o(i.HAL_RCC_GetPCLK1Freq)
    HAL_RCC_GetPCLK2Freq                     0x08003b69   Thumb Code    20  stm32l4xx_hal_rcc.o(i.HAL_RCC_GetPCLK2Freq)
    HAL_RCC_GetSysClockFreq                  0x08003b89   Thumb Code   182  stm32l4xx_hal_rcc.o(i.HAL_RCC_GetSysClockFreq)
    HAL_RCC_OscConfig                        0x08003c4d   Thumb Code  1194  stm32l4xx_hal_rcc.o(i.HAL_RCC_OscConfig)
    HAL_SPI_Init                             0x080040fd   Thumb Code   172  stm32l4xx_hal_spi.o(i.HAL_SPI_Init)
    HAL_SPI_MspInit                          0x080041a9   Thumb Code     2  stm32l4xx_hal_spi.o(i.HAL_SPI_MspInit)
    HAL_SYSTICK_CLKSourceConfig              0x080041ab   Thumb Code    24  stm32l4xx_hal_cortex.o(i.HAL_SYSTICK_CLKSourceConfig)
    HAL_SYSTICK_Config                       0x080041c3   Thumb Code    40  stm32l4xx_hal_cortex.o(i.HAL_SYSTICK_Config)
    HAL_TIMEx_BreakCallback                  0x080041eb   Thumb Code     2  stm32l4xx_hal_tim_ex.o(i.HAL_TIMEx_BreakCallback)
    HAL_TIMEx_CommutationCallback            0x080041ed   Thumb Code     2  stm32l4xx_hal_tim_ex.o(i.HAL_TIMEx_CommutationCallback)
    HAL_TIMEx_MasterConfigSynchronization    0x080041f1   Thumb Code    72  stm32l4xx_hal_tim_ex.o(i.HAL_TIMEx_MasterConfigSynchronization)
    HAL_TIM_Base_Init                        0x0800423d   Thumb Code    54  stm32l4xx_hal_tim.o(i.HAL_TIM_Base_Init)
    HAL_TIM_Base_MspInit                     0x08004275   Thumb Code    50  stm32l4xx_hal_msp.o(i.HAL_TIM_Base_MspInit)
    HAL_TIM_Base_Start_IT                    0x080042b1   Thumb Code    24  stm32l4xx_hal_tim.o(i.HAL_TIM_Base_Start_IT)
    HAL_TIM_ConfigClockSource                0x080042c9   Thumb Code   246  stm32l4xx_hal_tim.o(i.HAL_TIM_ConfigClockSource)
    HAL_TIM_IC_CaptureCallback               0x080043c5   Thumb Code     2  stm32l4xx_hal_tim.o(i.HAL_TIM_IC_CaptureCallback)
    HAL_TIM_IRQHandler                       0x080043c7   Thumb Code   358  stm32l4xx_hal_tim.o(i.HAL_TIM_IRQHandler)
    HAL_TIM_OC_DelayElapsedCallback          0x0800452d   Thumb Code     2  stm32l4xx_hal_tim.o(i.HAL_TIM_OC_DelayElapsedCallback)
    HAL_TIM_PWM_PulseFinishedCallback        0x0800452f   Thumb Code     2  stm32l4xx_hal_tim.o(i.HAL_TIM_PWM_PulseFinishedCallback)
    HAL_TIM_PeriodElapsedCallback            0x08004531   Thumb Code    18  wind_hal.o(i.HAL_TIM_PeriodElapsedCallback)
    HAL_TIM_TriggerCallback                  0x08004549   Thumb Code     2  stm32l4xx_hal_tim.o(i.HAL_TIM_TriggerCallback)
    HAL_UARTEx_WakeupCallback                0x0800454b   Thumb Code     2  stm32l4xx_hal_uart_ex.o(i.HAL_UARTEx_WakeupCallback)
    HAL_UART_ErrorCallback                   0x0800454d   Thumb Code    14  uart.o(i.HAL_UART_ErrorCallback)
    HAL_UART_IRQHandler                      0x0800455d   Thumb Code   328  stm32l4xx_hal_uart.o(i.HAL_UART_IRQHandler)
    HAL_UART_Init                            0x080046a9   Thumb Code   106  stm32l4xx_hal_uart.o(i.HAL_UART_Init)
    HAL_UART_MspInit                         0x08004715   Thumb Code   404  uart.o(i.HAL_UART_MspInit)
    HAL_UART_Receive_DMA                     0x080048dd   Thumb Code   132  stm32l4xx_hal_uart.o(i.HAL_UART_Receive_DMA)
    HAL_UART_RxCpltCallback                  0x0800496d   Thumb Code   106  uart.o(i.HAL_UART_RxCpltCallback)
    HAL_UART_RxHalfCpltCallback              0x080049e9   Thumb Code     2  stm32l4xx_hal_uart.o(i.HAL_UART_RxHalfCpltCallback)
    HAL_UART_Transmit_DMA                    0x080049ed   Thumb Code   122  stm32l4xx_hal_uart.o(i.HAL_UART_Transmit_DMA)
    HAL_UART_TxCpltCallback                  0x08004a75   Thumb Code    38  uart.o(i.HAL_UART_TxCpltCallback)
    HAL_UART_TxHalfCpltCallback              0x08004aa9   Thumb Code     2  stm32l4xx_hal_uart.o(i.HAL_UART_TxHalfCpltCallback)
    HardFault_Handler                        0x08004aab   Thumb Code     2  stm32l4xx_it.o(i.HardFault_Handler)
    I2CInit                                  0x08004aad   Thumb Code   184  i2c.o(i.I2CInit)
    I2C_ReadBuffer                           0x08004c29   Thumb Code    66  i2c.o(i.I2C_ReadBuffer)
    Init_ADC                                 0x08004df9   Thumb Code    64  adc12_a.o(i.Init_ADC)
    Init_Timer1                              0x08004e55   Thumb Code   104  wind_hal.o(i.Init_Timer1)
    Init_sys_cfg                             0x08004ee5   Thumb Code   408  wind_sensor.o(i.Init_sys_cfg)
    MemManage_Handler                        0x080050a9   Thumb Code     2  stm32l4xx_it.o(i.MemManage_Handler)
    NMI_Handler                              0x080050ab   Thumb Code     2  stm32l4xx_it.o(i.NMI_Handler)
    Pack_Data                                0x080050ad   Thumb Code    94  sensor_basic.o(i.Pack_Data)
    Pack_Datal                               0x08005115   Thumb Code    84  sensor_basic.o(i.Pack_Datal)
    Rtc_UpdateTime                           0x08005315   Thumb Code   158  main.o(i.Rtc_UpdateTime)
    S32ToStrAlignRight                       0x080053b9   Thumb Code   236  sensor_basic.o(i.S32ToStrAlignRight)
    SPIInit                                  0x080054ad   Thumb Code   114  spi.o(i.SPIInit)
    SPI_Read_Write_Byte                      0x08005531   Thumb Code    88  spi.o(i.SPI_Read_Write_Byte)
    SampleData_Init                          0x08005621   Thumb Code   446  wind_sample.o(i.SampleData_Init)
    Self_test                                0x080057f9   Thumb Code   292  sensor_process.o(i.Self_test)
    Sensor_Init                              0x0800593d   Thumb Code   140  wind_hal.o(i.Sensor_Init)
    StandardDeviation                        0x080059d9   Thumb Code   164  sensor_basic.o(i.StandardDeviation)
    Start_ADC                                0x08005a81   Thumb Code   174  adc12_a.o(i.Start_ADC)
    SysTick_Handler                          0x08005b49   Thumb Code    18  stm32l4xx_it.o(i.SysTick_Handler)
    SystemClock_Config                       0x08005b5b   Thumb Code   136  main.o(i.SystemClock_Config)
    SystemInit                               0x08005be5   Thumb Code    56  system_stm32l4xx.o(i.SystemInit)
    TIM1_UP_TIM16_IRQHandler                 0x08005c29   Thumb Code     6  stm32l4xx_it.o(i.TIM1_UP_TIM16_IRQHandler)
    TIM_Base_SetConfig                       0x08005c35   Thumb Code    94  stm32l4xx_hal_tim.o(i.TIM_Base_SetConfig)
    TIM_ETR_SetConfig                        0x08005ca1   Thumb Code    20  stm32l4xx_hal_tim.o(i.TIM_ETR_SetConfig)
    UART_AdvFeatureConfig                    0x08005d0b   Thumb Code   200  stm32l4xx_hal_uart.o(i.UART_AdvFeatureConfig)
    UART_CheckIdleState                      0x08005dd3   Thumb Code    92  stm32l4xx_hal_uart.o(i.UART_CheckIdleState)
    UART_Init                                0x08005f41   Thumb Code   156  uart.o(i.UART_Init)
    UART_SetConfig                           0x08005fed   Thumb Code   554  stm32l4xx_hal_uart.o(i.UART_SetConfig)
    UART_WaitOnFlagUntilTimeout              0x08006241   Thumb Code   100  stm32l4xx_hal_uart.o(i.UART_WaitOnFlagUntilTimeout)
    USART1_IRQHandler                        0x080062a5   Thumb Code    32  stm32l4xx_it.o(i.USART1_IRQHandler)
    USART2_IRQHandler                        0x080062c9   Thumb Code    32  stm32l4xx_it.o(i.USART2_IRQHandler)
    USART_DMA_Restart                        0x080062ed   Thumb Code   154  uart.o(i.USART_DMA_Restart)
    UartOpen                                 0x08006391   Thumb Code   362  uart.o(i.UartOpen)
    UartRead                                 0x08006545   Thumb Code   142  uart.o(i.UartRead)
    UartRecv_1                               0x080065d9   Thumb Code   138  uart.o(i.UartRecv_1)
    UartRecv_2                               0x08006669   Thumb Code   138  uart.o(i.UartRecv_2)
    UartSend_1                               0x080066f9   Thumb Code    84  uart.o(i.UartSend_1)
    UartSend_2                               0x08006751   Thumb Code    84  uart.o(i.UartSend_2)
    UartWrite                                0x080067a9   Thumb Code   140  uart.o(i.UartWrite)
    Uart_CFG                                 0x08006839   Thumb Code    88  sysinit.o(i.Uart_CFG)
    UsageFault_Handler                       0x08006899   Thumb Code     2  stm32l4xx_it.o(i.UsageFault_Handler)
    Utils_CheckCmdStr                        0x0800689d   Thumb Code    66  command.o(i.Utils_CheckCmdStr)
    W25Q128_Data_Prog                        0x080068e1   Thumb Code   124  w25q128.o(i.W25Q128_Data_Prog)
    W25Q128_Data_Read                        0x080069a1   Thumb Code    92  w25q128.o(i.W25Q128_Data_Read)
    W25Q128_Erase_Chip                       0x08006a15   Thumb Code    42  w25q128.o(i.W25Q128_Erase_Chip)
    W25Q128_IS_Busy                          0x08006a3f   Thumb Code    30  w25q128.o(i.W25Q128_IS_Busy)
    W25Q128_Init                             0x08006a5d   Thumb Code    38  w25q128.o(i.W25Q128_Init)
    W25Q128_Read_Reg                         0x08006a83   Thumb Code    52  w25q128.o(i.W25Q128_Read_Reg)
    W25Q128_Recv_Buf                         0x08006ab7   Thumb Code    36  w25q128.o(i.W25Q128_Recv_Buf)
    W25Q128_Reset                            0x08006adb   Thumb Code    48  w25q128.o(i.W25Q128_Reset)
    W25Q128_SET_CS_HIGH                      0x08006b0b   Thumb Code    12  spi.o(i.W25Q128_SET_CS_HIGH)
    W25Q128_SET_CS_LOW                       0x08006b17   Thumb Code    14  spi.o(i.W25Q128_SET_CS_LOW)
    W25Q128_Send_Buf                         0x08006b25   Thumb Code    50  w25q128.o(i.W25Q128_Send_Buf)
    W25Q128_WriteEnable                      0x08006b57   Thumb Code    24  w25q128.o(i.W25Q128_WriteEnable)
    _Error_Handler                           0x08006b6f   Thumb Code     2  main.o(i._Error_Handler)
    __0sprintf                               0x08006b71   Thumb Code    34  printfa.o(i.__0sprintf)
    __1sprintf                               0x08006b71   Thumb Code     0  printfa.o(i.__0sprintf)
    __2sprintf                               0x08006b71   Thumb Code     0  printfa.o(i.__0sprintf)
    __c89sprintf                             0x08006b71   Thumb Code     0  printfa.o(i.__0sprintf)
    sprintf                                  0x08006b71   Thumb Code     0  printfa.o(i.__0sprintf)
    __ARM_fpclassify                         0x08006b99   Thumb Code    48  fpclassify.o(i.__ARM_fpclassify)
    __aeabi_errno_addr                       0x08006be9   Thumb Code     4  errno.o(i.__aeabi_errno_addr)
    __rt_errno_addr                          0x08006be9   Thumb Code     0  errno.o(i.__aeabi_errno_addr)
    __hardfp_atof                            0x08006bf1   Thumb Code    44  atof.o(i.__hardfp_atof)
    __hardfp_modf                            0x08006c29   Thumb Code   202  modf.o(i.__hardfp_modf)
    __hardfp_pow                             0x08006cf9   Thumb Code  3072  pow.o(i.__hardfp_pow)
    __hardfp_sqrt                            0x08007979   Thumb Code   122  sqrt.o(i.__hardfp_sqrt)
    __kernel_poly                            0x080079f3   Thumb Code   248  poly.o(i.__kernel_poly)
    __mathlib_dbl_divzero                    0x08007af1   Thumb Code    28  dunder.o(i.__mathlib_dbl_divzero)
    __mathlib_dbl_infnan2                    0x08007b21   Thumb Code    20  dunder.o(i.__mathlib_dbl_infnan2)
    __mathlib_dbl_invalid                    0x08007b39   Thumb Code    24  dunder.o(i.__mathlib_dbl_invalid)
    __mathlib_dbl_overflow                   0x08007b59   Thumb Code    24  dunder.o(i.__mathlib_dbl_overflow)
    __mathlib_dbl_underflow                  0x08007b79   Thumb Code    24  dunder.o(i.__mathlib_dbl_underflow)
    __read_errno                             0x08007b99   Thumb Code     6  errno.o(i.__read_errno)
    __scatterload_copy                       0x08007ba5   Thumb Code    14  handlers.o(i.__scatterload_copy)
    __scatterload_null                       0x08007bb3   Thumb Code     2  handlers.o(i.__scatterload_null)
    __scatterload_zeroinit                   0x08007bb5   Thumb Code    14  handlers.o(i.__scatterload_zeroinit)
    __set_errno                              0x08007bc5   Thumb Code     6  errno.o(i.__set_errno)
    _is_digit                                0x08007d5b   Thumb Code    14  scanf_fp.o(i._is_digit)
    autosend                                 0x080084a9   Thumb Code    32  sensor_process.o(i.autosend)
    check_data                               0x080084e5   Thumb Code    84  command.o(i.check_data)
    check_datetime                           0x08008549   Thumb Code   146  command.o(i.check_datetime)
    check_digit                              0x080085e1   Thumb Code    44  command.o(i.check_digit)
    check_element                            0x0800860d   Thumb Code   310  command.o(i.check_element)
    check_event_autosend                     0x08008751   Thumb Code   122  sensor_basic.o(i.check_event_autosend)
    check_format                             0x080087d9   Thumb Code    74  command.o(i.check_format)
    check_sensor                             0x08008825   Thumb Code   266  command.o(i.check_sensor)
    check_time                               0x0800894d   Thumb Code    22  command.o(i.check_time)
    checkuart                                0x08008965   Thumb Code   152  uartprocess.o(i.checkuart)
    cmd_asl                                  0x08008a05   Thumb Code   204  command.o(i.cmd_asl)
    cmd_at                                   0x08008b1d   Thumb Code   360  command.o(i.cmd_at)
    cmd_autocheck                            0x08008ced   Thumb Code   136  command.o(i.cmd_autocheck)
    cmd_cfc                                  0x08008dd5   Thumb Code   430  command.o(i.cmd_cfc)
    cmd_cr                                   0x08009119   Thumb Code   608  command.o(i.cmd_cr)
    cmd_date                                 0x080093e1   Thumb Code   260  command.o(i.cmd_date)
    cmd_datetime                             0x08009541   Thumb Code   340  command.o(i.cmd_datetime)
    cmd_debugoff                             0x08009711   Thumb Code   174  command.o(i.cmd_debugoff)
    cmd_debugon                              0x08009829   Thumb Code   170  command.o(i.cmd_debugon)
    cmd_di                                   0x0800993d   Thumb Code   130  command.o(i.cmd_di)
    cmd_down                                 0x080099f5   Thumb Code   670  command.o(i.cmd_down)
    cmd_erase_check                          0x08009cd5   Thumb Code   306  command.o(i.cmd_erase_check)
    cmd_fat                                  0x08009eb1   Thumb Code   194  command.o(i.cmd_fat)
    cmd_ftd                                  0x08009fc5   Thumb Code   202  command.o(i.cmd_ftd)
    cmd_help                                 0x0800a0dd   Thumb Code    78  command.o(i.cmd_help)
    cmd_id                                   0x0800a14d   Thumb Code   252  command.o(i.cmd_id)
    cmd_lat                                  0x0800a28d   Thumb Code   218  command.o(i.cmd_lat)
    cmd_long                                 0x0800a3c5   Thumb Code   218  command.o(i.cmd_long)
    cmd_qcpm                                 0x0800a4fd   Thumb Code   796  command.o(i.cmd_qcpm)
    cmd_qcps                                 0x0800a8d1   Thumb Code   480  command.o(i.cmd_qcps)
    cmd_qz                                   0x0800ab29   Thumb Code   172  command.o(i.cmd_qz)
    cmd_readdata                             0x0800ac19   Thumb Code   198  command.o(i.cmd_readdata)
    cmd_reset                                0x0800ad01   Thumb Code    74  command.o(i.cmd_reset)
    cmd_restore                              0x0800ad6d   Thumb Code   186  command.o(i.cmd_restore)
    cmd_secdout_off                          0x0800aebd   Thumb Code   182  command.o(i.cmd_secdout_off)
    cmd_secdout_on                           0x0800b009   Thumb Code   182  command.o(i.cmd_secdout_on)
    cmd_setcom                               0x0800b15d   Thumb Code   384  command.o(i.cmd_setcom)
    cmd_setcomway                            0x0800b351   Thumb Code   150  command.o(i.cmd_setcomway)
    cmd_shsensor                             0x0800b429   Thumb Code   224  command.o(i.cmd_shsensor)
    cmd_sn                                   0x0800b5c1   Thumb Code   192  command.o(i.cmd_sn)
    cmd_ss                                   0x0800b6c1   Thumb Code   962  command.o(i.cmd_ss)
    cmd_st                                   0x0800bb65   Thumb Code   158  command.o(i.cmd_st)
    cmd_starttime                            0x0800bc49   Thumb Code   238  command.o(i.cmd_starttime)
    cmd_stat                                 0x0800bdd5   Thumb Code    96  command.o(i.cmd_stat)
    cmd_stdev                                0x0800be71   Thumb Code   202  command.o(i.cmd_stdev)
    cmd_stsensor                             0x0800bf89   Thumb Code   554  command.o(i.cmd_stsensor)
    cmd_superadmin                           0x0800c2fd   Thumb Code    86  command.o(i.cmd_superadmin)
    cmd_time                                 0x0800c385   Thumb Code   258  command.o(i.cmd_time)
    cmd_unit                                 0x0800c4e5   Thumb Code   150  command.o(i.cmd_unit)
    cmd_version                              0x0800c5bd   Thumb Code   180  command.o(i.cmd_version)
    cmd_vv                                   0x0800c735   Thumb Code   260  command.o(i.cmd_vv)
    cmd_windh                                0x0800c8a1   Thumb Code   236  command.o(i.cmd_windh)
    fabs                                     0x0800cab5   Thumb Code    24  fabs.o(i.fabs)
    getSeparator                             0x0800cacd   Thumb Code    44  command.o(i.getSeparator)
    get_softimer                             0x0800caf9   Thumb Code    52  command.o(i.get_softimer)
    get_softimer_sec                         0x0800cb2d   Thumb Code    46  command.o(i.get_softimer_sec)
    hal_sensor_init                          0x0800cb5d   Thumb Code    16  wind_hal.o(i.hal_sensor_init)
    main                                     0x0800cb71   Thumb Code   204  main.o(i.main)
    osKernelStart                            0x0800cc55   Thumb Code    10  cmsis_os.o(i.osKernelStart)
    osSystickHandler                         0x0800cc5f   Thumb Code    20  cmsis_os.o(i.osSystickHandler)
    osThreadCreate                           0x0800cc73   Thumb Code    46  cmsis_os.o(i.osThreadCreate)
    pam_init                                 0x0800cca1   Thumb Code    98  sysinit.o(i.pam_init)
    pvPortMalloc                             0x0800d175   Thumb Code   210  heap_4.o(i.pvPortMalloc)
    pvTaskIncrementMutexHeldCount            0x0800d24d   Thumb Code    18  tasks.o(i.pvTaskIncrementMutexHeldCount)
    pxPortInitialiseStack                    0x0800d265   Thumb Code    40  port.o(i.pxPortInitialiseStack)
    read_cfc_data                            0x0800d291   Thumb Code   316  sensor_basic.o(i.read_cfc_data)
    read_check_data                          0x0800d429   Thumb Code   164  sensor_basic.o(i.read_check_data)
    read_history_mindata                     0x0800d50d   Thumb Code   118  sensor_basic.o(i.read_history_mindata)
    read_record_min                          0x0800d595   Thumb Code    88  sensor_basic.o(i.read_record_min)
    readdata_task                            0x0800d5ed   Thumb Code    68  sensor_process.o(i.readdata_task)
    save_cr                                  0x0800d635   Thumb Code   118  sensor_basic.o(i.save_cr)
    save_element                             0x0800d6ad   Thumb Code  1532  command.o(i.save_element)
    save_sensor                              0x0800dca9   Thumb Code   800  command.o(i.save_sensor)
    save_sys_cfg                             0x0800e041   Thumb Code    58  sysinit.o(i.save_sys_cfg)
    show_history_mindata                     0x0800e07d   Thumb Code   120  sensor_basic.o(i.show_history_mindata)
    sqrt                                     0x0800e105   Thumb Code   110  sqrt.o(i.sqrt)
    startupprint                             0x0800e175   Thumb Code    36  sysinit.o(i.startupprint)
    sysinit                                  0x0800e1c1   Thumb Code   102  sysinit.o(i.sysinit)
    tempdata_init                            0x0800e231   Thumb Code   240  sysinit.o(i.tempdata_init)
    time_task                                0x0800e34d   Thumb Code   208  sensor_process.o(i.time_task)
    uartSendStr                              0x0800e439   Thumb Code    12  uartprocess.o(i.uartSendStr)
    uart_printf                              0x0800e449   Thumb Code     2  uart.o(i.uart_printf)
    uartcmd_process                          0x0800e44d   Thumb Code   292  command.o(i.uartcmd_process)
    uartdev_process                          0x0800e5ad   Thumb Code    48  uartprocess.o(i.uartdev_process)
    uartprocess_task                         0x0800e5e1   Thumb Code   118  sensor_process.o(i.uartprocess_task)
    uxListRemove                             0x0800e661   Thumb Code    36  list.o(i.uxListRemove)
    vListInitialise                          0x0800e685   Thumb Code    22  list.o(i.vListInitialise)
    vListInitialiseItem                      0x0800e69b   Thumb Code     6  list.o(i.vListInitialiseItem)
    vListInsert                              0x0800e6a1   Thumb Code    48  list.o(i.vListInsert)
    vListInsertEnd                           0x0800e6d1   Thumb Code    24  list.o(i.vListInsertEnd)
    vPortEnterCritical                       0x0800e6e9   Thumb Code    54  port.o(i.vPortEnterCritical)
    vPortExitCritical                        0x0800e729   Thumb Code    34  port.o(i.vPortExitCritical)
    vPortFree                                0x0800e751   Thumb Code    88  heap_4.o(i.vPortFree)
    vPortSetupTimerInterrupt                 0x0800e7ad   Thumb Code    26  port.o(i.vPortSetupTimerInterrupt)
    vPortValidateInterruptPriority           0x0800e7cd   Thumb Code    74  port.o(i.vPortValidateInterruptPriority)
    vTaskDelay                               0x0800e821   Thumb Code    66  tasks.o(i.vTaskDelay)
    vTaskMissedYield                         0x0800e86d   Thumb Code     8  tasks.o(i.vTaskMissedYield)
    vTaskPlaceOnEventList                    0x0800e879   Thumb Code    44  tasks.o(i.vTaskPlaceOnEventList)
    vTaskPriorityInherit                     0x0800e8a9   Thumb Code   124  tasks.o(i.vTaskPriorityInherit)
    vTaskSetTimeOutState                     0x0800e92d   Thumb Code    30  tasks.o(i.vTaskSetTimeOutState)
    vTaskStartScheduler                      0x0800e951   Thumb Code    86  tasks.o(i.vTaskStartScheduler)
    vTaskSuspendAll                          0x0800e9b9   Thumb Code    10  tasks.o(i.vTaskSuspendAll)
    vTaskSwitchContext                       0x0800e9c9   Thumb Code    82  tasks.o(i.vTaskSwitchContext)
    xPortStartScheduler                      0x0800ea25   Thumb Code   202  port.o(i.xPortStartScheduler)
    xPortSysTickHandler                      0x0800eb05   Thumb Code    38  port.o(i.xPortSysTickHandler)
    xQueueGenericCreate                      0x0800eb31   Thumb Code    82  queue.o(i.xQueueGenericCreate)
    xQueueGenericReceive                     0x0800eb85   Thumb Code   360  queue.o(i.xQueueGenericReceive)
    xQueueGenericReset                       0x0800ecf9   Thumb Code   132  queue.o(i.xQueueGenericReset)
    xQueueGenericSend                        0x0800ed81   Thumb Code   346  queue.o(i.xQueueGenericSend)
    xQueueGiveFromISR                        0x0800eee1   Thumb Code   156  queue.o(i.xQueueGiveFromISR)
    xTaskCheckForTimeOut                     0x0800ef7d   Thumb Code   102  tasks.o(i.xTaskCheckForTimeOut)
    xTaskCreate                              0x0800efe9   Thumb Code    86  tasks.o(i.xTaskCreate)
    xTaskGetSchedulerState                   0x0800f045   Thumb Code    22  tasks.o(i.xTaskGetSchedulerState)
    xTaskIncrementTick                       0x0800f061   Thumb Code   192  tasks.o(i.xTaskIncrementTick)
    xTaskPriorityDisinherit                  0x0800f129   Thumb Code   144  tasks.o(i.xTaskPriorityDisinherit)
    xTaskRemoveFromEventList                 0x0800f1c1   Thumb Code   108  tasks.o(i.xTaskRemoveFromEventList)
    xTaskResumeAll                           0x0800f235   Thumb Code   182  tasks.o(i.xTaskResumeAll)
    AHBPrescTable                            0x0800f2f8   Data          16  system_stm32l4xx.o(.constdata)
    MSIRangeTable                            0x0800f308   Data          48  system_stm32l4xx.o(.constdata)
    APBPrescTable                            0x0800f338   Data           8  system_stm32l4xx.o(.constdata)
    bcm_control                              0x0800f340   Data         336  command.o(.constdata)
    TableBPS                                 0x0800f4ec   Data          64  sysinit.o(.constdata)
    __ctype_table                            0x0800f5b8   Data         129  ctype_o.o(.constdata)
    __mathlib_zero                           0x0800f650   Data           8  qnan.o(.constdata)
    Region$$Table$$Base                      0x0800fa9c   Number         0  anon$$obj.o(Region$$Table)
    Region$$Table$$Limit                     0x0800fabc   Number         0  anon$$obj.o(Region$$Table)
    SystemCoreClock                          0x20000000   Data           4  system_stm32l4xx.o(.data)
    pxCurrentTCB                             0x20000028   Data           4  tasks.o(.data)
    adc_getResult_flag                       0x20000064   Data           2  adc12_a.o(.data)
    uwTick                                   0x20000068   Data           4  stm32l4xx_hal.o(.data)
    dev_type                                 0x2000006c   Data          56  command.o(.data)
    UART_PROCESS_Handle                      0x200000a4   Data           4  main.o(.data)
    TIME_Handle                              0x200000a8   Data           4  main.o(.data)
    READDATA_Handle                          0x200000ac   Data           4  main.o(.data)
    sensor_di                                0x200000b0   Data           5  main.o(.data)
    Flag_nodata                              0x200000b8   Data           1  sensor_basic.o(.data)
    check_offset                             0x200000bc   Data           4  sensor_basic.o(.data)
    cfc_offset                               0x200000c0   Data           4  sensor_basic.o(.data)
    board_temp_max                           0x200000c8   Data           4  sensor_basic.o(.data)
    board_temp_min                           0x200000cc   Data           4  sensor_basic.o(.data)
    board_volt_max                           0x200000d0   Data           4  sensor_basic.o(.data)
    board_volt_min                           0x200000d4   Data           4  sensor_basic.o(.data)
    sensor_state                             0x200000d8   Data           8  sensor_basic.o(.data)
    T3IntCounter                             0x200000ea   Data           2  wind_hal.o(.data)
    wdx                                      0x200000fc   Data           4  wind_sample.o(.data)
    wdy                                      0x20000100   Data           4  wind_sample.o(.data)
    arch                                     0x20000104   Data           4  wind_sample.o(.data)
    beenRun_ws250                            0x20000110   Data           8  wind_sample.o(.data)
    beenRun_ws3s                             0x20000118   Data           8  wind_sample.o(.data)
    beenRun_wd                               0x20000120   Data           8  wind_sample.o(.data)
    beenRun_s                                0x20000128   Data           8  wind_sample.o(.data)
    beenRun                                  0x20000130   Data           8  wind_sample.o(.data)
    beenRun_H                                0x20000138   Data           8  wind_sample.o(.data)
    I2cHandle2                               0x20005238   Data          76  i2c.o(.bss)
    I2cHandle1                               0x20005284   Data          76  i2c.o(.bss)
    SpiHandle1                               0x200052d0   Data         100  spi.o(.bss)
    SpiHandle2                               0x20005334   Data         100  spi.o(.bss)
    SpiHandle3                               0x20005398   Data         100  spi.o(.bss)
    huart1                                   0x200053fc   Data         120  uart.o(.bss)
    huart2                                   0x20005474   Data         120  uart.o(.bss)
    huart3                                   0x200054ec   Data         120  uart.o(.bss)
    hdma_usart1_rx                           0x20005564   Data          72  uart.o(.bss)
    hdma_usart1_tx                           0x200055ac   Data          72  uart.o(.bss)
    hdma_usart2_rx                           0x200055f4   Data          72  uart.o(.bss)
    hdma_usart2_tx                           0x2000563c   Data          72  uart.o(.bss)
    buf_t                                    0x20005684   Data        2048  uart.o(.bss)
    buf_r                                    0x20005e84   Data        2048  uart.o(.bss)
    uart_send                                0x20006684   Data          72  uart.o(.bss)
    uart_recv                                0x200066cc   Data          72  uart.o(.bss)
    dma_recv                                 0x20006714   Data         664  uart.o(.bss)
    hadc1                                    0x200069ac   Data         104  adc12_a.o(.bss)
    buf_QS                                   0x20006a14   Data          90  command.o(.bss)
    buf_QM                                   0x20006a6e   Data         150  command.o(.bss)
    data_II                                  0x20006b04   Data          64  command.o(.bss)
    data_buf                                 0x20006b44   Data         300  command.o(.bss)
    m_tempdata                               0x20006c70   Data         589  main.o(.bss)
    m_defdata                                0x20006ebd   Data          46  main.o(.bss)
    bcm_info                                 0x20006eeb   Data         715  main.o(.bss)
    rcvd_buffer                              0x200071b6   Data         300  uartprocess.o(.bss)
    rbuff                                    0x200072e2   Data         490  uartprocess.o(.bss)
    FLASH_Store_MinData                      0x200074cc   Data         108  sensor_basic.o(.bss)
    FLASH_Read_MinData                       0x20007538   Data         108  sensor_basic.o(.bss)
    sensors_data                             0x200075a4   Data        2764  sensor_basic.o(.bss)
    buf_cfc_check                            0x20008070   Data         200  sensor_basic.o(.bss)
    sbuf                                     0x20008138   Data         220  sensor_basic.o(.bss)
    rcv_buffer                               0x20008214   Data         512  sensor_process.o(.bss)
    str_name                                 0x20008414   Data          10  wind_hal.o(.bss)
    htim1                                    0x20008420   Data          64  wind_hal.o(.bss)
    data_sample_buf                          0x20008460   Data        1200  wind_sample.o(.bss)
    data_sample_buf_history                  0x20008910   Data        1200  wind_sample.o(.bss)
    sample_qc                                0x20008dc0   Data          38  wind_sample.o(.bss)
    sample_qc_history                        0x20008de6   Data          38  wind_sample.o(.bss)
    LastValue_ws250                          0x20008e0c   Data          32  wind_sample.o(.bss)
    LastValue_ws3s                           0x20008e2c   Data          32  wind_sample.o(.bss)
    LastValue_wd                             0x20008e4c   Data          32  wind_sample.o(.bss)
    LastValue_s                              0x20008e6c   Data          32  wind_sample.o(.bss)
    LastValue                                0x20008e8c   Data          32  wind_sample.o(.bss)
    LastValue_H                              0x20008eac   Data          32  wind_sample.o(.bss)
    __initial_sp                             0x200092f8   Data           0  startup_stm32l431xx.o(STACK)



==============================================================================

Memory Map of the image

  Image Entry point : 0x0800018d

  Load Region LR_IROM1 (Base: 0x08000000, Size: 0x0000fc04, Max: 0x00040000, ABSOLUTE, COMPRESSED[0x0000fafc])

    Execution Region ER_IROM1 (Exec base: 0x08000000, Load base: 0x08000000, Size: 0x0000fabc, Max: 0x00040000, ABSOLUTE)

    Exec Addr    Load Addr    Size         Type   Attr      Idx    E Section Name        Object

    0x08000000   0x08000000   0x0000018c   Data   RO         1446    RESET               startup_stm32l431xx.o
    0x0800018c   0x0800018c   0x00000000   Code   RO         7223  * .ARM.Collect$$$$00000000  mc_w.l(entry.o)
    0x0800018c   0x0800018c   0x00000004   Code   RO         7621    .ARM.Collect$$$$00000001  mc_w.l(entry2.o)
    0x08000190   0x08000190   0x00000004   Code   RO         7624    .ARM.Collect$$$$00000004  mc_w.l(entry5.o)
    0x08000194   0x08000194   0x00000000   Code   RO         7626    .ARM.Collect$$$$00000008  mc_w.l(entry7b.o)
    0x08000194   0x08000194   0x00000000   Code   RO         7628    .ARM.Collect$$$$0000000A  mc_w.l(entry8b.o)
    0x08000194   0x08000194   0x00000008   Code   RO         7629    .ARM.Collect$$$$0000000B  mc_w.l(entry9a.o)
    0x0800019c   0x0800019c   0x00000000   Code   RO         7631    .ARM.Collect$$$$0000000D  mc_w.l(entry10a.o)
    0x0800019c   0x0800019c   0x00000000   Code   RO         7633    .ARM.Collect$$$$0000000F  mc_w.l(entry11a.o)
    0x0800019c   0x0800019c   0x00000004   Code   RO         7622    .ARM.Collect$$$$00002712  mc_w.l(entry2.o)
    0x080001a0   0x080001a0   0x000000da   Code   RO          334    .emb_text           port.o
    0x0800027a   0x0800027a   0x00000002   PAD
    0x0800027c   0x0800027c   0x00000024   Code   RO         1447    .text               startup_stm32l431xx.o
    0x080002a0   0x080002a0   0x00000068   Code   RO         7226    .text               mc_w.l(uldiv.o)
    0x08000308   0x08000308   0x00000008   Code   RO         7228    .text               mc_w.l(ctype_o.o)
    0x08000310   0x08000310   0x00000012   Code   RO         7250    .text               mc_w.l(isspace_o.o)
    0x08000322   0x08000322   0x00000002   PAD
    0x08000324   0x08000324   0x000000a8   Code   RO         7260    .text               mc_w.l(mktime.o)
    0x080003cc   0x080003cc   0x00000024   Code   RO         7263    .text               mc_w.l(memcpya.o)
    0x080003f0   0x080003f0   0x00000024   Code   RO         7265    .text               mc_w.l(memseta.o)
    0x08000414   0x08000414   0x00000018   Code   RO         7267    .text               mc_w.l(strncpy.o)
    0x0800042c   0x0800042c   0x00000014   Code   RO         7269    .text               mc_w.l(strchr.o)
    0x08000440   0x08000440   0x0000000e   Code   RO         7271    .text               mc_w.l(strlen.o)
    0x0800044e   0x0800044e   0x0000001c   Code   RO         7273    .text               mc_w.l(strcmp.o)
    0x0800046a   0x0800046a   0x00000012   Code   RO         7277    .text               mc_w.l(strcpy.o)
    0x0800047c   0x0800047c   0x0000001e   Code   RO         7279    .text               mc_w.l(strncmp.o)
    0x0800049a   0x0800049a   0x00000002   PAD
    0x0800049c   0x0800049c   0x00000044   Code   RO         7281    .text               mc_w.l(strtok.o)
    0x080004e0   0x080004e0   0x00000038   Code   RO         7550    .text               mc_w.l(__0sscanf.o)
    0x08000518   0x08000518   0x00000152   Code   RO         7552    .text               mc_w.l(_scanf_int.o)
    0x0800066a   0x0800066a   0x00000002   PAD
    0x0800066c   0x0800066c   0x00000366   Code   RO         7554    .text               mc_w.l(scanf_fp.o)
    0x080009d2   0x080009d2   0x0000001a   Code   RO         7558    .text               mc_w.l(atoi.o)
    0x080009ec   0x080009ec   0x0000001a   Code   RO         7560    .text               mc_w.l(atol.o)
    0x08000a06   0x08000a06   0x0000015e   Code   RO         7562    .text               mf_w.l(dadd.o)
    0x08000b64   0x08000b64   0x000000ea   Code   RO         7564    .text               mf_w.l(dmul.o)
    0x08000c4e   0x08000c4e   0x000000de   Code   RO         7566    .text               mf_w.l(ddiv.o)
    0x08000d2c   0x08000d2c   0x00000022   Code   RO         7568    .text               mf_w.l(dflti.o)
    0x08000d4e   0x08000d4e   0x0000001a   Code   RO         7570    .text               mf_w.l(dfltui.o)
    0x08000d68   0x08000d68   0x00000026   Code   RO         7574    .text               mf_w.l(f2d.o)
    0x08000d8e   0x08000d8e   0x00000002   PAD
    0x08000d90   0x08000d90   0x00000030   Code   RO         7576    .text               mf_w.l(cdcmple.o)
    0x08000dc0   0x08000dc0   0x00000030   Code   RO         7578    .text               mf_w.l(cdrcmple.o)
    0x08000df0   0x08000df0   0x00000038   Code   RO         7580    .text               mf_w.l(d2f.o)
    0x08000e28   0x08000e28   0x0000002c   Code   RO         7638    .text               mc_w.l(uidiv.o)
    0x08000e54   0x08000e54   0x0000001e   Code   RO         7640    .text               mc_w.l(llshl.o)
    0x08000e72   0x08000e72   0x00000020   Code   RO         7642    .text               mc_w.l(llushr.o)
    0x08000e92   0x08000e92   0x00000024   Code   RO         7644    .text               mc_w.l(llsshr.o)
    0x08000eb6   0x08000eb6   0x00000002   PAD
    0x08000eb8   0x08000eb8   0x0000000c   Code   RO         7646    .text               mc_w.l(localtime_w.o)
    0x08000ec4   0x08000ec4   0x0000008c   Code   RO         7649    .text               mc_w.l(localtime_i.o)
    0x08000f50   0x08000f50   0x0000001c   Code   RO         7659    .text               mc_w.l(_chval.o)
    0x08000f6c   0x08000f6c   0x00000028   Code   RO         7661    .text               mc_w.l(scanf_char.o)
    0x08000f94   0x08000f94   0x00000040   Code   RO         7663    .text               mc_w.l(_sgetc.o)
    0x08000fd4   0x08000fd4   0x0000009c   Code   RO         7665    .text               mc_w.l(strtod.o)
    0x08001070   0x08001070   0x00000070   Code   RO         7667    .text               mc_w.l(strtol.o)
    0x080010e0   0x080010e0   0x00000000   Code   RO         7669    .text               mc_w.l(iusefp.o)
    0x080010e0   0x080010e0   0x0000006e   Code   RO         7670    .text               mf_w.l(fepilogue.o)
    0x0800114e   0x0800114e   0x000000ba   Code   RO         7672    .text               mf_w.l(depilogue.o)
    0x08001208   0x08001208   0x0000002e   Code   RO         7676    .text               mf_w.l(dscalb.o)
    0x08001236   0x08001236   0x000000a2   Code   RO         7678    .text               mf_w.l(dsqrt.o)
    0x080012d8   0x080012d8   0x00000018   Code   RO         7682    .text               mf_w.l(dfltul.o)
    0x080012f0   0x080012f0   0x00000030   Code   RO         7684    .text               mf_w.l(dfixul.o)
    0x08001320   0x08001320   0x00000024   Code   RO         7686    .text               mc_w.l(init.o)
    0x08001344   0x08001344   0x00000332   Code   RO         7691    .text               mc_w.l(_scanf.o)
    0x08001676   0x08001676   0x000000a4   Code   RO         7693    .text               mc_w.l(_strtoul.o)
    0x0800171a   0x0800171a   0x00000056   Code   RO         7707    .text               mc_w.l(__dczerorl2.o)
    0x08001770   0x08001770   0x00000062   Code   RO         2318    i.ADC_Disable       stm32l4xx_hal_adc.o
    0x080017d2   0x080017d2   0x00000002   PAD
    0x080017d4   0x080017d4   0x00000068   Code   RO         2319    i.ADC_Enable        stm32l4xx_hal_adc.o
    0x0800183c   0x0800183c   0x000000f8   Code   RO         6683    i.BanWenBanYa_engine  sensor_basic.o
    0x08001934   0x08001934   0x00000002   Code   RO         5931    i.BusFault_Handler  stm32l4xx_it.o
    0x08001936   0x08001936   0x00000002   PAD
    0x08001938   0x08001938   0x0000003c   Code   RO         2012    i.Check_ADC         adc12_a.o
    0x08001974   0x08001974   0x0000002c   Code   RO         6684    i.Convert_Sec_to_Time  sensor_basic.o
    0x080019a0   0x080019a0   0x00000040   Code   RO         6685    i.Convert_Time_to_min  sensor_basic.o
    0x080019e0   0x080019e0   0x0000000c   Code   RO         5932    i.DMA1_Channel4_IRQHandler  stm32l4xx_it.o
    0x080019ec   0x080019ec   0x0000000c   Code   RO         5933    i.DMA1_Channel5_IRQHandler  stm32l4xx_it.o
    0x080019f8   0x080019f8   0x0000000c   Code   RO         5934    i.DMA1_Channel6_IRQHandler  stm32l4xx_it.o
    0x08001a04   0x08001a04   0x0000000c   Code   RO         5935    i.DMA1_Channel7_IRQHandler  stm32l4xx_it.o
    0x08001a10   0x08001a10   0x0000002a   Code   RO         2791    i.DMA_SetConfig     stm32l4xx_hal_dma.o
    0x08001a3a   0x08001a3a   0x00000068   Code   RO         1883    i.DS3231_ReadTime   ds3231.o
    0x08001aa2   0x08001aa2   0x00000002   PAD
    0x08001aa4   0x08001aa4   0x000001b8   Code   RO         6686    i.Data_Copy         sensor_basic.o
    0x08001c5c   0x08001c5c   0x00000020   Code   RO         6432    i.Datetime_up       main.o
    0x08001c7c   0x08001c7c   0x00000002   Code   RO         5936    i.DebugMon_Handler  stm32l4xx_it.o
    0x08001c7e   0x08001c7e   0x00000006   Code   RO         5937    i.EXTI4_IRQHandler  stm32l4xx_it.o
    0x08001c84   0x08001c84   0x00000a76   Code   RO         6997    i.GetMinData        wind_sample.o
    0x080026fa   0x080026fa   0x00000086   Code   RO         2502    i.HAL_ADCEx_Calibration_Start  stm32l4xx_hal_adc_ex.o
    0x08002780   0x08002780   0x0000032c   Code   RO         2321    i.HAL_ADC_ConfigChannel  stm32l4xx_hal_adc.o
    0x08002aac   0x08002aac   0x00000006   Code   RO         2328    i.HAL_ADC_GetValue  stm32l4xx_hal_adc.o
    0x08002ab2   0x08002ab2   0x00000002   PAD
    0x08002ab4   0x08002ab4   0x00000188   Code   RO         2330    i.HAL_ADC_Init      stm32l4xx_hal_adc.o
    0x08002c3c   0x08002c3c   0x0000008c   Code   RO         2015    i.HAL_ADC_MspInit   adc12_a.o
    0x08002cc8   0x08002cc8   0x000000a4   Code   RO         2334    i.HAL_ADC_PollForConversion  stm32l4xx_hal_adc.o
    0x08002d6c   0x08002d6c   0x0000007e   Code   RO         2336    i.HAL_ADC_Start     stm32l4xx_hal_adc.o
    0x08002dea   0x08002dea   0x00000036   Code   RO         2792    i.HAL_DMA_Abort     stm32l4xx_hal_dma.o
    0x08002e20   0x08002e20   0x0000004a   Code   RO         2793    i.HAL_DMA_Abort_IT  stm32l4xx_hal_dma.o
    0x08002e6a   0x08002e6a   0x000000a8   Code   RO         2797    i.HAL_DMA_IRQHandler  stm32l4xx_hal_dma.o
    0x08002f12   0x08002f12   0x00000002   PAD
    0x08002f14   0x08002f14   0x000000c0   Code   RO         2798    i.HAL_DMA_Init      stm32l4xx_hal_dma.o
    0x08002fd4   0x08002fd4   0x00000070   Code   RO         2802    i.HAL_DMA_Start_IT  stm32l4xx_hal_dma.o
    0x08003044   0x08003044   0x0000002c   Code   RO         6910    i.HAL_GPIO_EXTI_Callback  wind_hal.o
    0x08003070   0x08003070   0x00000018   Code   RO         3032    i.HAL_GPIO_EXTI_IRQHandler  stm32l4xx_hal_gpio.o
    0x08003088   0x08003088   0x0000018e   Code   RO         3033    i.HAL_GPIO_Init     stm32l4xx_hal_gpio.o
    0x08003216   0x08003216   0x0000000a   Code   RO         3035    i.HAL_GPIO_ReadPin  stm32l4xx_hal_gpio.o
    0x08003220   0x08003220   0x0000000a   Code   RO         3037    i.HAL_GPIO_WritePin  stm32l4xx_hal_gpio.o
    0x0800322a   0x0800322a   0x00000002   PAD
    0x0800322c   0x0800322c   0x0000000c   Code   RO         2112    i.HAL_GetTick       stm32l4xx_hal.o
    0x08003238   0x08003238   0x00000056   Code   RO         3524    i.HAL_I2CEx_ConfigAnalogFilter  stm32l4xx_hal_i2c_ex.o
    0x0800328e   0x0800328e   0x00000052   Code   RO         3525    i.HAL_I2CEx_ConfigDigitalFilter  stm32l4xx_hal_i2c_ex.o
    0x080032e0   0x080032e0   0x00000032   Code   RO         3098    i.HAL_I2C_DeInit    stm32l4xx_hal_i2c.o
    0x08003312   0x08003312   0x00000002   PAD
    0x08003314   0x08003314   0x000000b8   Code   RO         3107    i.HAL_I2C_Init      stm32l4xx_hal_i2c.o
    0x080033cc   0x080033cc   0x00000172   Code   RO         3123    i.HAL_I2C_Mem_Read  stm32l4xx_hal_i2c.o
    0x0800353e   0x0800353e   0x00000002   Code   RO         3129    i.HAL_I2C_MspDeInit  stm32l4xx_hal_i2c.o
    0x08003540   0x08003540   0x00000002   Code   RO         3130    i.HAL_I2C_MspInit   stm32l4xx_hal_i2c.o
    0x08003542   0x08003542   0x00000002   PAD
    0x08003544   0x08003544   0x00000010   Code   RO         2116    i.HAL_IncTick       stm32l4xx_hal.o
    0x08003554   0x08003554   0x00000016   Code   RO         2117    i.HAL_Init          stm32l4xx_hal.o
    0x0800356a   0x0800356a   0x00000002   PAD
    0x0800356c   0x0800356c   0x00000028   Code   RO         2118    i.HAL_InitTick      stm32l4xx_hal.o
    0x08003594   0x08003594   0x00000080   Code   RO         6433    i.HAL_MspInit       main.o
    0x08003614   0x08003614   0x0000001a   Code   RO         2671    i.HAL_NVIC_EnableIRQ  stm32l4xx_hal_cortex.o
    0x0800362e   0x0800362e   0x00000002   PAD
    0x08003630   0x08003630   0x00000040   Code   RO         2677    i.HAL_NVIC_SetPriority  stm32l4xx_hal_cortex.o
    0x08003670   0x08003670   0x00000024   Code   RO         2678    i.HAL_NVIC_SetPriorityGrouping  stm32l4xx_hal_cortex.o
    0x08003694   0x08003694   0x00000064   Code   RO         5583    i.HAL_PWREx_ControlVoltageScaling  stm32l4xx_hal_pwr_ex.o
    0x080036f8   0x080036f8   0x00000010   Code   RO         5606    i.HAL_PWREx_GetVoltageRange  stm32l4xx_hal_pwr_ex.o
    0x08003708   0x08003708   0x000002ba   Code   RO         5330    i.HAL_RCCEx_PeriphCLKConfig  stm32l4xx_hal_rcc_ex.o
    0x080039c2   0x080039c2   0x00000002   PAD
    0x080039c4   0x080039c4   0x00000178   Code   RO         4881    i.HAL_RCC_ClockConfig  stm32l4xx_hal_rcc.o
    0x08003b3c   0x08003b3c   0x0000000c   Code   RO         4885    i.HAL_RCC_GetHCLKFreq  stm32l4xx_hal_rcc.o
    0x08003b48   0x08003b48   0x00000020   Code   RO         4887    i.HAL_RCC_GetPCLK1Freq  stm32l4xx_hal_rcc.o
    0x08003b68   0x08003b68   0x00000020   Code   RO         4888    i.HAL_RCC_GetPCLK2Freq  stm32l4xx_hal_rcc.o
    0x08003b88   0x08003b88   0x000000c4   Code   RO         4889    i.HAL_RCC_GetSysClockFreq  stm32l4xx_hal_rcc.o
    0x08003c4c   0x08003c4c   0x000004b0   Code   RO         4892    i.HAL_RCC_OscConfig  stm32l4xx_hal_rcc.o
    0x080040fc   0x080040fc   0x000000ac   Code   RO         4992    i.HAL_SPI_Init      stm32l4xx_hal_spi.o
    0x080041a8   0x080041a8   0x00000002   Code   RO         4994    i.HAL_SPI_MspInit   stm32l4xx_hal_spi.o
    0x080041aa   0x080041aa   0x00000018   Code   RO         2680    i.HAL_SYSTICK_CLKSourceConfig  stm32l4xx_hal_cortex.o
    0x080041c2   0x080041c2   0x00000028   Code   RO         2682    i.HAL_SYSTICK_Config  stm32l4xx_hal_cortex.o
    0x080041ea   0x080041ea   0x00000002   Code   RO         4219    i.HAL_TIMEx_BreakCallback  stm32l4xx_hal_tim_ex.o
    0x080041ec   0x080041ec   0x00000002   Code   RO         4220    i.HAL_TIMEx_CommutationCallback  stm32l4xx_hal_tim_ex.o
    0x080041ee   0x080041ee   0x00000002   PAD
    0x080041f0   0x080041f0   0x0000004c   Code   RO         4238    i.HAL_TIMEx_MasterConfigSynchronization  stm32l4xx_hal_tim_ex.o
    0x0800423c   0x0800423c   0x00000036   Code   RO         3580    i.HAL_TIM_Base_Init  stm32l4xx_hal_tim.o
    0x08004272   0x08004272   0x00000002   PAD
    0x08004274   0x08004274   0x0000003c   Code   RO         5885    i.HAL_TIM_Base_MspInit  stm32l4xx_hal_msp.o
    0x080042b0   0x080042b0   0x00000018   Code   RO         3585    i.HAL_TIM_Base_Start_IT  stm32l4xx_hal_tim.o
    0x080042c8   0x080042c8   0x000000fc   Code   RO         3589    i.HAL_TIM_ConfigClockSource  stm32l4xx_hal_tim.o
    0x080043c4   0x080043c4   0x00000002   Code   RO         3609    i.HAL_TIM_IC_CaptureCallback  stm32l4xx_hal_tim.o
    0x080043c6   0x080043c6   0x00000166   Code   RO         3622    i.HAL_TIM_IRQHandler  stm32l4xx_hal_tim.o
    0x0800452c   0x0800452c   0x00000002   Code   RO         3625    i.HAL_TIM_OC_DelayElapsedCallback  stm32l4xx_hal_tim.o
    0x0800452e   0x0800452e   0x00000002   Code   RO         3652    i.HAL_TIM_PWM_PulseFinishedCallback  stm32l4xx_hal_tim.o
    0x08004530   0x08004530   0x00000018   Code   RO         6911    i.HAL_TIM_PeriodElapsedCallback  wind_hal.o
    0x08004548   0x08004548   0x00000002   Code   RO         3663    i.HAL_TIM_TriggerCallback  stm32l4xx_hal_tim.o
    0x0800454a   0x0800454a   0x00000002   Code   RO         4831    i.HAL_UARTEx_WakeupCallback  stm32l4xx_hal_uart_ex.o
    0x0800454c   0x0800454c   0x0000000e   Code   RO         1643    i.HAL_UART_ErrorCallback  uart.o
    0x0800455a   0x0800455a   0x00000002   PAD
    0x0800455c   0x0800455c   0x0000014c   Code   RO         4495    i.HAL_UART_IRQHandler  stm32l4xx_hal_uart.o
    0x080046a8   0x080046a8   0x0000006a   Code   RO         4496    i.HAL_UART_Init     stm32l4xx_hal_uart.o
    0x08004712   0x08004712   0x00000002   PAD
    0x08004714   0x08004714   0x000001c6   Code   RO         1644    i.HAL_UART_MspInit  uart.o
    0x080048da   0x080048da   0x00000002   PAD
    0x080048dc   0x080048dc   0x00000090   Code   RO         4500    i.HAL_UART_Receive_DMA  stm32l4xx_hal_uart.o
    0x0800496c   0x0800496c   0x0000007c   Code   RO         1645    i.HAL_UART_RxCpltCallback  uart.o
    0x080049e8   0x080049e8   0x00000002   Code   RO         4503    i.HAL_UART_RxHalfCpltCallback  stm32l4xx_hal_uart.o
    0x080049ea   0x080049ea   0x00000002   PAD
    0x080049ec   0x080049ec   0x00000088   Code   RO         4505    i.HAL_UART_Transmit_DMA  stm32l4xx_hal_uart.o
    0x08004a74   0x08004a74   0x00000034   Code   RO         1646    i.HAL_UART_TxCpltCallback  uart.o
    0x08004aa8   0x08004aa8   0x00000002   Code   RO         4508    i.HAL_UART_TxHalfCpltCallback  stm32l4xx_hal_uart.o
    0x08004aaa   0x08004aaa   0x00000002   Code   RO         5938    i.HardFault_Handler  stm32l4xx_it.o
    0x08004aac   0x08004aac   0x000000dc   Code   RO         1534    i.I2CInit           i2c.o
    0x08004b88   0x08004b88   0x00000022   Code   RO         3149    i.I2C_Flush_TXDR    stm32l4xx_hal_i2c.o
    0x08004baa   0x08004baa   0x00000002   PAD
    0x08004bac   0x08004bac   0x0000007c   Code   RO         3157    i.I2C_IsAcknowledgeFailed  stm32l4xx_hal_i2c.o
    0x08004c28   0x08004c28   0x00000048   Code   RO         1535    i.I2C_ReadBuffer    i2c.o
    0x08004c70   0x08004c70   0x0000006e   Code   RO         3160    i.I2C_RequestMemoryRead  stm32l4xx_hal_i2c.o
    0x08004cde   0x08004cde   0x00000002   PAD
    0x08004ce0   0x08004ce0   0x00000024   Code   RO         3164    i.I2C_TransferConfig  stm32l4xx_hal_i2c.o
    0x08004d04   0x08004d04   0x00000052   Code   RO         3165    i.I2C_WaitOnFlagUntilTimeout  stm32l4xx_hal_i2c.o
    0x08004d56   0x08004d56   0x0000004e   Code   RO         3167    i.I2C_WaitOnSTOPFlagUntilTimeout  stm32l4xx_hal_i2c.o
    0x08004da4   0x08004da4   0x00000052   Code   RO         3168    i.I2C_WaitOnTXISFlagUntilTimeout  stm32l4xx_hal_i2c.o
    0x08004df6   0x08004df6   0x00000002   PAD
    0x08004df8   0x08004df8   0x0000005c   Code   RO         2016    i.Init_ADC          adc12_a.o
    0x08004e54   0x08004e54   0x00000090   Code   RO         6912    i.Init_Timer1       wind_hal.o
    0x08004ee4   0x08004ee4   0x000001c4   Code   RO         7107    i.Init_sys_cfg      wind_sensor.o
    0x080050a8   0x080050a8   0x00000002   Code   RO         5939    i.MemManage_Handler  stm32l4xx_it.o
    0x080050aa   0x080050aa   0x00000002   Code   RO         5940    i.NMI_Handler       stm32l4xx_it.o
    0x080050ac   0x080050ac   0x00000068   Code   RO         6687    i.Pack_Data         sensor_basic.o
    0x08005114   0x08005114   0x00000058   Code   RO         6688    i.Pack_Datal        sensor_basic.o
    0x0800516c   0x0800516c   0x0000012c   Code   RO         5333    i.RCCEx_PLLSAI1_Config  stm32l4xx_hal_rcc_ex.o
    0x08005298   0x08005298   0x0000007c   Code   RO         4893    i.RCC_SetFlashLatencyFromMSIRange  stm32l4xx_hal_rcc.o
    0x08005314   0x08005314   0x000000a4   Code   RO         6434    i.Rtc_UpdateTime    main.o
    0x080053b8   0x080053b8   0x000000f2   Code   RO         6689    i.S32ToStrAlignRight  sensor_basic.o
    0x080054aa   0x080054aa   0x00000002   PAD
    0x080054ac   0x080054ac   0x00000084   Code   RO         1582    i.SPIInit           spi.o
    0x08005530   0x08005530   0x0000005c   Code   RO         1583    i.SPI_Read_Write_Byte  spi.o
    0x0800558c   0x0800558c   0x00000094   Code   RO         1584    i.SPIx_MspInit      spi.o
    0x08005620   0x08005620   0x000001d8   Code   RO         7002    i.SampleData_Init   wind_sample.o
    0x080057f8   0x080057f8   0x00000144   Code   RO         6849    i.Self_test         sensor_process.o
    0x0800593c   0x0800593c   0x0000009c   Code   RO         6914    i.Sensor_Init       wind_hal.o
    0x080059d8   0x080059d8   0x000000a8   Code   RO         6690    i.StandardDeviation  sensor_basic.o
    0x08005a80   0x08005a80   0x000000c8   Code   RO         2018    i.Start_ADC         adc12_a.o
    0x08005b48   0x08005b48   0x00000012   Code   RO         5941    i.SysTick_Handler   stm32l4xx_it.o
    0x08005b5a   0x08005b5a   0x00000088   Code   RO         6435    i.SystemClock_Config  main.o
    0x08005be2   0x08005be2   0x00000002   PAD
    0x08005be4   0x08005be4   0x00000044   Code   RO            5    i.SystemInit        system_stm32l4xx.o
    0x08005c28   0x08005c28   0x0000000c   Code   RO         5942    i.TIM1_UP_TIM16_IRQHandler  stm32l4xx_it.o
    0x08005c34   0x08005c34   0x0000006c   Code   RO         3664    i.TIM_Base_SetConfig  stm32l4xx_hal_tim.o
    0x08005ca0   0x08005ca0   0x00000014   Code   RO         3671    i.TIM_ETR_SetConfig  stm32l4xx_hal_tim.o
    0x08005cb4   0x08005cb4   0x00000010   Code   RO         3672    i.TIM_ITRx_SetConfig  stm32l4xx_hal_tim.o
    0x08005cc4   0x08005cc4   0x00000022   Code   RO         3680    i.TIM_TI1_ConfigInputStage  stm32l4xx_hal_tim.o
    0x08005ce6   0x08005ce6   0x00000024   Code   RO         3682    i.TIM_TI2_ConfigInputStage  stm32l4xx_hal_tim.o
    0x08005d0a   0x08005d0a   0x000000c8   Code   RO         4509    i.UART_AdvFeatureConfig  stm32l4xx_hal_uart.o
    0x08005dd2   0x08005dd2   0x0000005c   Code   RO         4510    i.UART_CheckIdleState  stm32l4xx_hal_uart.o
    0x08005e2e   0x08005e2e   0x00000014   Code   RO         4511    i.UART_DMAAbortOnError  stm32l4xx_hal_uart.o
    0x08005e42   0x08005e42   0x0000004a   Code   RO         4512    i.UART_DMAError     stm32l4xx_hal_uart.o
    0x08005e8c   0x08005e8c   0x0000003e   Code   RO         4513    i.UART_DMAReceiveCplt  stm32l4xx_hal_uart.o
    0x08005eca   0x08005eca   0x0000000a   Code   RO         4515    i.UART_DMARxHalfCplt  stm32l4xx_hal_uart.o
    0x08005ed4   0x08005ed4   0x00000030   Code   RO         4517    i.UART_DMATransmitCplt  stm32l4xx_hal_uart.o
    0x08005f04   0x08005f04   0x0000000a   Code   RO         4519    i.UART_DMATxHalfCplt  stm32l4xx_hal_uart.o
    0x08005f0e   0x08005f0e   0x00000020   Code   RO         4521    i.UART_EndRxTransfer  stm32l4xx_hal_uart.o
    0x08005f2e   0x08005f2e   0x00000012   Code   RO         4522    i.UART_EndTxTransfer  stm32l4xx_hal_uart.o
    0x08005f40   0x08005f40   0x000000ac   Code   RO         1648    i.UART_Init         uart.o
    0x08005fec   0x08005fec   0x00000254   Code   RO         4525    i.UART_SetConfig    stm32l4xx_hal_uart.o
    0x08006240   0x08006240   0x00000064   Code   RO         4528    i.UART_WaitOnFlagUntilTimeout  stm32l4xx_hal_uart.o
    0x080062a4   0x080062a4   0x00000024   Code   RO         5943    i.USART1_IRQHandler  stm32l4xx_it.o
    0x080062c8   0x080062c8   0x00000024   Code   RO         5944    i.USART2_IRQHandler  stm32l4xx_it.o
    0x080062ec   0x080062ec   0x000000a4   Code   RO         1649    i.USART_DMA_Restart  uart.o
    0x08006390   0x08006390   0x000001b4   Code   RO         1650    i.UartOpen          uart.o
    0x08006544   0x08006544   0x00000094   Code   RO         1651    i.UartRead          uart.o
    0x080065d8   0x080065d8   0x00000090   Code   RO         1652    i.UartRecv_1        uart.o
    0x08006668   0x08006668   0x00000090   Code   RO         1653    i.UartRecv_2        uart.o
    0x080066f8   0x080066f8   0x00000058   Code   RO         1654    i.UartSend_1        uart.o
    0x08006750   0x08006750   0x00000058   Code   RO         1655    i.UartSend_2        uart.o
    0x080067a8   0x080067a8   0x00000090   Code   RO         1656    i.UartWrite         uart.o
    0x08006838   0x08006838   0x00000060   Code   RO         6529    i.Uart_CFG          sysinit.o
    0x08006898   0x08006898   0x00000002   Code   RO         5945    i.UsageFault_Handler  stm32l4xx_it.o
    0x0800689a   0x0800689a   0x00000002   PAD
    0x0800689c   0x0800689c   0x00000042   Code   RO         6043    i.Utils_CheckCmdStr  command.o
    0x080068de   0x080068de   0x00000002   PAD
    0x080068e0   0x080068e0   0x000000c0   Code   RO         1779    i.W25Q128_Data_Prog  w25q128.o
    0x080069a0   0x080069a0   0x00000074   Code   RO         1780    i.W25Q128_Data_Read  w25q128.o
    0x08006a14   0x08006a14   0x0000002a   Code   RO         1781    i.W25Q128_Erase_Chip  w25q128.o
    0x08006a3e   0x08006a3e   0x0000001e   Code   RO         1785    i.W25Q128_IS_Busy   w25q128.o
    0x08006a5c   0x08006a5c   0x00000026   Code   RO         1786    i.W25Q128_Init      w25q128.o
    0x08006a82   0x08006a82   0x00000034   Code   RO         1787    i.W25Q128_Read_Reg  w25q128.o
    0x08006ab6   0x08006ab6   0x00000024   Code   RO         1788    i.W25Q128_Recv_Buf  w25q128.o
    0x08006ada   0x08006ada   0x00000030   Code   RO         1789    i.W25Q128_Reset     w25q128.o
    0x08006b0a   0x08006b0a   0x0000000c   Code   RO         1585    i.W25Q128_SET_CS_HIGH  spi.o
    0x08006b16   0x08006b16   0x0000000e   Code   RO         1586    i.W25Q128_SET_CS_LOW  spi.o
    0x08006b24   0x08006b24   0x00000032   Code   RO         1791    i.W25Q128_Send_Buf  w25q128.o
    0x08006b56   0x08006b56   0x00000018   Code   RO         1793    i.W25Q128_WriteEnable  w25q128.o
    0x08006b6e   0x08006b6e   0x00000002   Code   RO         6436    i._Error_Handler    main.o
    0x08006b70   0x08006b70   0x00000028   Code   RO         7524    i.__0sprintf        mc_w.l(printfa.o)
    0x08006b98   0x08006b98   0x00000030   Code   RO         7605    i.__ARM_fpclassify  m_wm.l(fpclassify.o)
    0x08006bc8   0x08006bc8   0x00000020   Code   RO         2684    i.__NVIC_SetPriority  stm32l4xx_hal_cortex.o
    0x08006be8   0x08006be8   0x00000008   Code   RO         7652    i.__aeabi_errno_addr  mc_w.l(errno.o)
    0x08006bf0   0x08006bf0   0x00000038   Code   RO         7157    i.__hardfp_atof     m_wm.l(atof.o)
    0x08006c28   0x08006c28   0x000000d0   Code   RO         7175    i.__hardfp_modf     m_wm.l(modf.o)
    0x08006cf8   0x08006cf8   0x00000c80   Code   RO         7181    i.__hardfp_pow      m_wm.l(pow.o)
    0x08007978   0x08007978   0x0000007a   Code   RO         7211    i.__hardfp_sqrt     m_wm.l(sqrt.o)
    0x080079f2   0x080079f2   0x000000f8   Code   RO         7607    i.__kernel_poly     m_wm.l(poly.o)
    0x08007aea   0x08007aea   0x00000006   PAD
    0x08007af0   0x08007af0   0x00000030   Code   RO         7585    i.__mathlib_dbl_divzero  m_wm.l(dunder.o)
    0x08007b20   0x08007b20   0x00000014   Code   RO         7587    i.__mathlib_dbl_infnan2  m_wm.l(dunder.o)
    0x08007b34   0x08007b34   0x00000004   PAD
    0x08007b38   0x08007b38   0x00000020   Code   RO         7588    i.__mathlib_dbl_invalid  m_wm.l(dunder.o)
    0x08007b58   0x08007b58   0x00000020   Code   RO         7589    i.__mathlib_dbl_overflow  m_wm.l(dunder.o)
    0x08007b78   0x08007b78   0x00000020   Code   RO         7591    i.__mathlib_dbl_underflow  m_wm.l(dunder.o)
    0x08007b98   0x08007b98   0x0000000c   Code   RO         7653    i.__read_errno      mc_w.l(errno.o)
    0x08007ba4   0x08007ba4   0x0000000e   Code   RO         7701    i.__scatterload_copy  mc_w.l(handlers.o)
    0x08007bb2   0x08007bb2   0x00000002   Code   RO         7702    i.__scatterload_null  mc_w.l(handlers.o)
    0x08007bb4   0x08007bb4   0x0000000e   Code   RO         7703    i.__scatterload_zeroinit  mc_w.l(handlers.o)
    0x08007bc2   0x08007bc2   0x00000002   PAD
    0x08007bc4   0x08007bc4   0x0000000c   Code   RO         7654    i.__set_errno       mc_w.l(errno.o)
    0x08007bd0   0x08007bd0   0x0000018a   Code   RO         7529    i._fp_digits        mc_w.l(printfa.o)
    0x08007d5a   0x08007d5a   0x0000000e   Code   RO         7556    i._is_digit         mc_w.l(scanf_fp.o)
    0x08007d68   0x08007d68   0x000006e2   Code   RO         7530    i._printf_core      mc_w.l(printfa.o)
    0x0800844a   0x0800844a   0x00000024   Code   RO         7531    i._printf_post_padding  mc_w.l(printfa.o)
    0x0800846e   0x0800846e   0x0000002e   Code   RO         7532    i._printf_pre_padding  mc_w.l(printfa.o)
    0x0800849c   0x0800849c   0x0000000a   Code   RO         7534    i._sputc            mc_w.l(printfa.o)
    0x080084a6   0x080084a6   0x00000002   PAD
    0x080084a8   0x080084a8   0x00000028   Code   RO         6850    i.autosend          sensor_process.o
    0x080084d0   0x080084d0   0x00000012   Code   RO         1888    i.bcd_trans_char    ds3231.o
    0x080084e2   0x080084e2   0x00000002   PAD
    0x080084e4   0x080084e4   0x00000064   Code   RO         6045    i.check_data        command.o
    0x08008548   0x08008548   0x00000098   Code   RO         6046    i.check_datetime    command.o
    0x080085e0   0x080085e0   0x0000002c   Code   RO         6047    i.check_digit       command.o
    0x0800860c   0x0800860c   0x00000144   Code   RO         6048    i.check_element     command.o
    0x08008750   0x08008750   0x00000088   Code   RO         6691    i.check_event_autosend  sensor_basic.o
    0x080087d8   0x080087d8   0x0000004a   Code   RO         6049    i.check_format      command.o
    0x08008822   0x08008822   0x00000002   PAD
    0x08008824   0x08008824   0x00000128   Code   RO         6050    i.check_sensor      command.o
    0x0800894c   0x0800894c   0x00000016   Code   RO         6051    i.check_time        command.o
    0x08008962   0x08008962   0x00000002   PAD
    0x08008964   0x08008964   0x000000a0   Code   RO         6626    i.checkuart         uartprocess.o
    0x08008a04   0x08008a04   0x00000118   Code   RO         6052    i.cmd_asl           command.o
    0x08008b1c   0x08008b1c   0x000001d0   Code   RO         6053    i.cmd_at            command.o
    0x08008cec   0x08008cec   0x000000e8   Code   RO         6054    i.cmd_autocheck     command.o
    0x08008dd4   0x08008dd4   0x00000344   Code   RO         6055    i.cmd_cfc           command.o
    0x08009118   0x08009118   0x000002c6   Code   RO         6056    i.cmd_cr            command.o
    0x080093de   0x080093de   0x00000002   PAD
    0x080093e0   0x080093e0   0x00000160   Code   RO         6057    i.cmd_date          command.o
    0x08009540   0x08009540   0x000001d0   Code   RO         6058    i.cmd_datetime      command.o
    0x08009710   0x08009710   0x00000118   Code   RO         6059    i.cmd_debugoff      command.o
    0x08009828   0x08009828   0x00000114   Code   RO         6060    i.cmd_debugon       command.o
    0x0800993c   0x0800993c   0x000000b8   Code   RO         6061    i.cmd_di            command.o
    0x080099f4   0x080099f4   0x000002e0   Code   RO         6062    i.cmd_down          command.o
    0x08009cd4   0x08009cd4   0x000001da   Code   RO         6063    i.cmd_erase_check   command.o
    0x08009eae   0x08009eae   0x00000002   PAD
    0x08009eb0   0x08009eb0   0x00000112   Code   RO         6064    i.cmd_fat           command.o
    0x08009fc2   0x08009fc2   0x00000002   PAD
    0x08009fc4   0x08009fc4   0x00000118   Code   RO         6065    i.cmd_ftd           command.o
    0x0800a0dc   0x0800a0dc   0x00000070   Code   RO         6066    i.cmd_help          command.o
    0x0800a14c   0x0800a14c   0x00000140   Code   RO         6067    i.cmd_id            command.o
    0x0800a28c   0x0800a28c   0x00000138   Code   RO         6068    i.cmd_lat           command.o
    0x0800a3c4   0x0800a3c4   0x00000138   Code   RO         6069    i.cmd_long          command.o
    0x0800a4fc   0x0800a4fc   0x000003d2   Code   RO         6070    i.cmd_qcpm          command.o
    0x0800a8ce   0x0800a8ce   0x00000002   PAD
    0x0800a8d0   0x0800a8d0   0x00000258   Code   RO         6071    i.cmd_qcps          command.o
    0x0800ab28   0x0800ab28   0x000000f0   Code   RO         6072    i.cmd_qz            command.o
    0x0800ac18   0x0800ac18   0x000000e8   Code   RO         6073    i.cmd_readdata      command.o
    0x0800ad00   0x0800ad00   0x0000006c   Code   RO         6074    i.cmd_reset         command.o
    0x0800ad6c   0x0800ad6c   0x00000150   Code   RO         6075    i.cmd_restore       command.o
    0x0800aebc   0x0800aebc   0x0000014c   Code   RO         6076    i.cmd_secdout_off   command.o
    0x0800b008   0x0800b008   0x00000154   Code   RO         6077    i.cmd_secdout_on    command.o
    0x0800b15c   0x0800b15c   0x000001f2   Code   RO         6078    i.cmd_setcom        command.o
    0x0800b34e   0x0800b34e   0x00000002   PAD
    0x0800b350   0x0800b350   0x000000d8   Code   RO         6079    i.cmd_setcomway     command.o
    0x0800b428   0x0800b428   0x00000198   Code   RO         6080    i.cmd_shsensor      command.o
    0x0800b5c0   0x0800b5c0   0x00000100   Code   RO         6081    i.cmd_sn            command.o
    0x0800b6c0   0x0800b6c0   0x000004a4   Code   RO         6082    i.cmd_ss            command.o
    0x0800bb64   0x0800bb64   0x000000e4   Code   RO         6083    i.cmd_st            command.o
    0x0800bc48   0x0800bc48   0x0000018c   Code   RO         6084    i.cmd_starttime     command.o
    0x0800bdd4   0x0800bdd4   0x0000009c   Code   RO         6085    i.cmd_stat          command.o
    0x0800be70   0x0800be70   0x00000118   Code   RO         6086    i.cmd_stdev         command.o
    0x0800bf88   0x0800bf88   0x00000372   Code   RO         6087    i.cmd_stsensor      command.o
    0x0800c2fa   0x0800c2fa   0x00000002   PAD
    0x0800c2fc   0x0800c2fc   0x00000088   Code   RO         6088    i.cmd_superadmin    command.o
    0x0800c384   0x0800c384   0x00000160   Code   RO         6089    i.cmd_time          command.o
    0x0800c4e4   0x0800c4e4   0x000000d8   Code   RO         6090    i.cmd_unit          command.o
    0x0800c5bc   0x0800c5bc   0x00000178   Code   RO         6091    i.cmd_version       command.o
    0x0800c734   0x0800c734   0x0000016a   Code   RO         6092    i.cmd_vv            command.o
    0x0800c89e   0x0800c89e   0x00000002   PAD
    0x0800c8a0   0x0800c8a0   0x00000214   Code   RO         6093    i.cmd_windh         command.o
    0x0800cab4   0x0800cab4   0x00000018   Code   RO         7601    i.fabs              m_wm.l(fabs.o)
    0x0800cacc   0x0800cacc   0x0000002c   Code   RO         6094    i.getSeparator      command.o
    0x0800caf8   0x0800caf8   0x00000034   Code   RO         6095    i.get_softimer      command.o
    0x0800cb2c   0x0800cb2c   0x0000002e   Code   RO         6096    i.get_softimer_sec  command.o
    0x0800cb5a   0x0800cb5a   0x00000002   PAD
    0x0800cb5c   0x0800cb5c   0x00000014   Code   RO         6916    i.hal_sensor_init   wind_hal.o
    0x0800cb70   0x0800cb70   0x000000d8   Code   RO         6437    i.main              main.o
    0x0800cc48   0x0800cc48   0x0000000c   Code   RO         1056    i.makeFreeRtosPriority  cmsis_os.o
    0x0800cc54   0x0800cc54   0x0000000a   Code   RO         1061    i.osKernelStart     cmsis_os.o
    0x0800cc5e   0x0800cc5e   0x00000014   Code   RO         1094    i.osSystickHandler  cmsis_os.o
    0x0800cc72   0x0800cc72   0x0000002e   Code   RO         1095    i.osThreadCreate    cmsis_os.o
    0x0800cca0   0x0800cca0   0x00000070   Code   RO         6533    i.pam_init          sysinit.o
    0x0800cd10   0x0800cd10   0x00000070   Code   RO          726    i.prvAddCurrentTaskToDelayedList  tasks.o
    0x0800cd80   0x0800cd80   0x000000d0   Code   RO          727    i.prvAddNewTaskToReadyList  tasks.o
    0x0800ce50   0x0800ce50   0x00000050   Code   RO          728    i.prvCheckTasksWaitingTermination  tasks.o
    0x0800cea0   0x0800cea0   0x00000026   Code   RO          543    i.prvCopyDataFromQueue  queue.o
    0x0800cec6   0x0800cec6   0x0000006c   Code   RO          544    i.prvCopyDataToQueue  queue.o
    0x0800cf32   0x0800cf32   0x00000014   Code   RO          729    i.prvDeleteTCB      tasks.o
    0x0800cf46   0x0800cf46   0x00000002   PAD
    0x0800cf48   0x0800cf48   0x0000004c   Code   RO          260    i.prvHeapInit       heap_4.o
    0x0800cf94   0x0800cf94   0x00000028   Code   RO          730    i.prvIdleTask       tasks.o
    0x0800cfbc   0x0800cfbc   0x0000009c   Code   RO          731    i.prvInitialiseNewTask  tasks.o
    0x0800d058   0x0800d058   0x0000004c   Code   RO          261    i.prvInsertBlockIntoFreeList  heap_4.o
    0x0800d0a4   0x0800d0a4   0x0000001c   Code   RO          545    i.prvIsQueueEmpty   queue.o
    0x0800d0c0   0x0800d0c0   0x00000020   Code   RO          733    i.prvResetNextTaskUnblockTime  tasks.o
    0x0800d0e0   0x0800d0e0   0x00000028   Code   RO          335    i.prvTaskExitError  port.o
    0x0800d108   0x0800d108   0x0000006a   Code   RO          546    i.prvUnlockQueue    queue.o
    0x0800d172   0x0800d172   0x00000002   PAD
    0x0800d174   0x0800d174   0x000000d8   Code   RO          262    i.pvPortMalloc      heap_4.o
    0x0800d24c   0x0800d24c   0x00000018   Code   RO          735    i.pvTaskIncrementMutexHeldCount  tasks.o
    0x0800d264   0x0800d264   0x0000002c   Code   RO          336    i.pxPortInitialiseStack  port.o
    0x0800d290   0x0800d290   0x00000196   Code   RO         6693    i.read_cfc_data     sensor_basic.o
    0x0800d426   0x0800d426   0x00000002   PAD
    0x0800d428   0x0800d428   0x000000e4   Code   RO         6694    i.read_check_data   sensor_basic.o
    0x0800d50c   0x0800d50c   0x00000088   Code   RO         6695    i.read_history_mindata  sensor_basic.o
    0x0800d594   0x0800d594   0x00000058   Code   RO         6696    i.read_record_min   sensor_basic.o
    0x0800d5ec   0x0800d5ec   0x00000048   Code   RO         6852    i.readdata_task     sensor_process.o
    0x0800d634   0x0800d634   0x00000076   Code   RO         6699    i.save_cr           sensor_basic.o
    0x0800d6aa   0x0800d6aa   0x00000002   PAD
    0x0800d6ac   0x0800d6ac   0x000005fc   Code   RO         6097    i.save_element      command.o
    0x0800dca8   0x0800dca8   0x00000398   Code   RO         6098    i.save_sensor       command.o
    0x0800e040   0x0800e040   0x0000003a   Code   RO         6536    i.save_sys_cfg      sysinit.o
    0x0800e07a   0x0800e07a   0x00000002   PAD
    0x0800e07c   0x0800e07c   0x00000088   Code   RO         6701    i.show_history_mindata  sensor_basic.o
    0x0800e104   0x0800e104   0x0000006e   Code   RO         7213    i.sqrt              m_wm.l(sqrt.o)
    0x0800e172   0x0800e172   0x00000002   PAD
    0x0800e174   0x0800e174   0x0000004c   Code   RO         6537    i.startupprint      sysinit.o
    0x0800e1c0   0x0800e1c0   0x00000070   Code   RO         6539    i.sysinit           sysinit.o
    0x0800e230   0x0800e230   0x0000011c   Code   RO         6540    i.tempdata_init     sysinit.o
    0x0800e34c   0x0800e34c   0x000000ec   Code   RO         6853    i.time_task         sensor_process.o
    0x0800e438   0x0800e438   0x00000010   Code   RO         6627    i.uartSendStr       uartprocess.o
    0x0800e448   0x0800e448   0x00000002   Code   RO         1657    i.uart_printf       uart.o
    0x0800e44a   0x0800e44a   0x00000002   PAD
    0x0800e44c   0x0800e44c   0x00000160   Code   RO         6099    i.uartcmd_process   command.o
    0x0800e5ac   0x0800e5ac   0x00000034   Code   RO         6628    i.uartdev_process   uartprocess.o
    0x0800e5e0   0x0800e5e0   0x00000080   Code   RO         6854    i.uartprocess_task  sensor_process.o
    0x0800e660   0x0800e660   0x00000024   Code   RO          506    i.uxListRemove      list.o
    0x0800e684   0x0800e684   0x00000016   Code   RO          507    i.vListInitialise   list.o
    0x0800e69a   0x0800e69a   0x00000006   Code   RO          508    i.vListInitialiseItem  list.o
    0x0800e6a0   0x0800e6a0   0x00000030   Code   RO          509    i.vListInsert       list.o
    0x0800e6d0   0x0800e6d0   0x00000018   Code   RO          510    i.vListInsertEnd    list.o
    0x0800e6e8   0x0800e6e8   0x00000040   Code   RO          338    i.vPortEnterCritical  port.o
    0x0800e728   0x0800e728   0x00000028   Code   RO          339    i.vPortExitCritical  port.o
    0x0800e750   0x0800e750   0x0000005c   Code   RO          263    i.vPortFree         heap_4.o
    0x0800e7ac   0x0800e7ac   0x00000020   Code   RO          340    i.vPortSetupTimerInterrupt  port.o
    0x0800e7cc   0x0800e7cc   0x00000054   Code   RO          341    i.vPortValidateInterruptPriority  port.o
    0x0800e820   0x0800e820   0x0000004c   Code   RO          743    i.vTaskDelay        tasks.o
    0x0800e86c   0x0800e86c   0x0000000c   Code   RO          748    i.vTaskMissedYield  tasks.o
    0x0800e878   0x0800e878   0x00000030   Code   RO          750    i.vTaskPlaceOnEventList  tasks.o
    0x0800e8a8   0x0800e8a8   0x00000084   Code   RO          752    i.vTaskPriorityInherit  tasks.o
    0x0800e92c   0x0800e92c   0x00000024   Code   RO          756    i.vTaskSetTimeOutState  tasks.o
    0x0800e950   0x0800e950   0x00000068   Code   RO          757    i.vTaskStartScheduler  tasks.o
    0x0800e9b8   0x0800e9b8   0x00000010   Code   RO          759    i.vTaskSuspendAll   tasks.o
    0x0800e9c8   0x0800e9c8   0x0000005c   Code   RO          760    i.vTaskSwitchContext  tasks.o
    0x0800ea24   0x0800ea24   0x000000e0   Code   RO          342    i.xPortStartScheduler  port.o
    0x0800eb04   0x0800eb04   0x0000002c   Code   RO          343    i.xPortSysTickHandler  port.o
    0x0800eb30   0x0800eb30   0x00000052   Code   RO          558    i.xQueueGenericCreate  queue.o
    0x0800eb82   0x0800eb82   0x00000002   PAD
    0x0800eb84   0x0800eb84   0x00000172   Code   RO          559    i.xQueueGenericReceive  queue.o
    0x0800ecf6   0x0800ecf6   0x00000002   PAD
    0x0800ecf8   0x0800ecf8   0x00000088   Code   RO          560    i.xQueueGenericReset  queue.o
    0x0800ed80   0x0800ed80   0x00000160   Code   RO          561    i.xQueueGenericSend  queue.o
    0x0800eee0   0x0800eee0   0x0000009c   Code   RO          564    i.xQueueGiveFromISR  queue.o
    0x0800ef7c   0x0800ef7c   0x0000006c   Code   RO          761    i.xTaskCheckForTimeOut  tasks.o
    0x0800efe8   0x0800efe8   0x0000005c   Code   RO          762    i.xTaskCreate       tasks.o
    0x0800f044   0x0800f044   0x0000001c   Code   RO          766    i.xTaskGetSchedulerState  tasks.o
    0x0800f060   0x0800f060   0x000000c8   Code   RO          769    i.xTaskIncrementTick  tasks.o
    0x0800f128   0x0800f128   0x00000098   Code   RO          772    i.xTaskPriorityDisinherit  tasks.o
    0x0800f1c0   0x0800f1c0   0x00000074   Code   RO          773    i.xTaskRemoveFromEventList  tasks.o
    0x0800f234   0x0800f234   0x000000c4   Code   RO          775    i.xTaskResumeAll    tasks.o
    0x0800f2f8   0x0800f2f8   0x00000040   Data   RO            6    .constdata          system_stm32l4xx.o
    0x0800f338   0x0800f338   0x00000008   Data   RO            7    .constdata          system_stm32l4xx.o
    0x0800f340   0x0800f340   0x00000170   Data   RO         6101    .constdata          command.o
    0x0800f4b0   0x0800f4b0   0x0000003c   Data   RO         6445    .constdata          main.o
    0x0800f4ec   0x0800f4ec   0x00000040   Data   RO         6541    .constdata          sysinit.o
    0x0800f52c   0x0800f52c   0x00000004   PAD
    0x0800f530   0x0800f530   0x00000088   Data   RO         7184    .constdata          m_wm.l(pow.o)
    0x0800f5b8   0x0800f5b8   0x00000081   Data   RO         7229    .constdata          mc_w.l(ctype_o.o)
    0x0800f639   0x0800f639   0x00000003   PAD
    0x0800f63c   0x0800f63c   0x00000004   Data   RO         7230    .constdata          mc_w.l(ctype_o.o)
    0x0800f640   0x0800f640   0x0000000c   Data   RO         7261    .constdata          mc_w.l(mktime.o)
    0x0800f64c   0x0800f64c   0x00000004   PAD
    0x0800f650   0x0800f650   0x00000008   Data   RO         7609    .constdata          m_wm.l(qnan.o)
    0x0800f658   0x0800f658   0x0000000c   Data   RO         7650    .constdata          mc_w.l(localtime_i.o)
    0x0800f664   0x0800f664   0x000003d3   Data   RO         6102    .conststring        command.o
    0x0800fa37   0x0800fa37   0x00000001   PAD
    0x0800fa38   0x0800fa38   0x0000000d   Data   RO         6446    .conststring        main.o
    0x0800fa45   0x0800fa45   0x00000003   PAD
    0x0800fa48   0x0800fa48   0x00000051   Data   RO         6542    .conststring        sysinit.o
    0x0800fa99   0x0800fa99   0x00000003   PAD
    0x0800fa9c   0x0800fa9c   0x00000020   Data   RO         7699    Region$$Table       anon$$obj.o


    Execution Region RW_IRAM1 (Exec base: 0x20000000, Load base: 0x0800fabc, Size: 0x000092f8, Max: 0x00010000, ABSOLUTE, COMPRESSED[0x00000040])

    Exec Addr    Load Addr    Size         Type   Attr      Idx    E Section Name        Object

    0x20000000   COMPRESSED   0x00000004   Data   RW            8    .data               system_stm32l4xx.o
    0x20000004   COMPRESSED   0x00000018   Data   RW          268    .data               heap_4.o
    0x2000001c   COMPRESSED   0x0000000c   Data   RW          344    .data               port.o
    0x20000028   COMPRESSED   0x0000003c   Data   RW          778    .data               tasks.o
    0x20000064   COMPRESSED   0x00000002   Data   RW         2021    .data               adc12_a.o
    0x20000066   COMPRESSED   0x00000002   PAD
    0x20000068   COMPRESSED   0x00000004   Data   RW         2133    .data               stm32l4xx_hal.o
    0x2000006c   COMPRESSED   0x00000038   Data   RW         6108    .data               command.o
    0x200000a4   COMPRESSED   0x0000000c   Data   RW         6447    .data               main.o
    0x200000b0   COMPRESSED   0x00000005   Data   RW         6449    .data               main.o
    0x200000b5   COMPRESSED   0x00000003   PAD
    0x200000b8   COMPRESSED   0x00000010   Data   RW         6703    .data               sensor_basic.o
    0x200000c8   COMPRESSED   0x00000004   Data   RW         6704    .data               sensor_basic.o
    0x200000cc   COMPRESSED   0x00000004   Data   RW         6705    .data               sensor_basic.o
    0x200000d0   COMPRESSED   0x00000004   Data   RW         6706    .data               sensor_basic.o
    0x200000d4   COMPRESSED   0x00000004   Data   RW         6707    .data               sensor_basic.o
    0x200000d8   COMPRESSED   0x00000008   Data   RW         6708    .data               sensor_basic.o
    0x200000e0   COMPRESSED   0x00000008   Data   RW         6856    .data               sensor_process.o
    0x200000e8   COMPRESSED   0x00000010   Data   RW         6919    .data               wind_hal.o
    0x200000f8   COMPRESSED   0x00000048   Data   RW         7009    .data               wind_sample.o
    0x20000140   COMPRESSED   0x00000004   Data   RW         7282    .data               mc_w.l(strtok.o)
    0x20000144   COMPRESSED   0x00000004   Data   RW         7655    .data               mc_w.l(errno.o)
    0x20000148        -       0x00005000   Zero   RW          267    .bss                heap_4.o
    0x20005148        -       0x000000f0   Zero   RW          777    .bss                tasks.o
    0x20005238        -       0x00000098   Zero   RW         1537    .bss                i2c.o
    0x200052d0        -       0x0000012c   Zero   RW         1587    .bss                spi.o
    0x200053fc        -       0x000015b0   Zero   RW         1658    .bss                uart.o
    0x200069ac        -       0x00000068   Zero   RW         2019    .bss                adc12_a.o
    0x20006a14        -       0x0000025c   Zero   RW         6100    .bss                command.o
    0x20006c70        -       0x0000024d   Zero   RW         6442    .bss                main.o
    0x20006ebd        -       0x0000002e   Zero   RW         6443    .bss                main.o
    0x20006eeb        -       0x000002cb   Zero   RW         6444    .bss                main.o
    0x200071b6        -       0x00000316   Zero   RW         6632    .bss                uartprocess.o
    0x200074cc        -       0x00000d48   Zero   RW         6702    .bss                sensor_basic.o
    0x20008214        -       0x00000200   Zero   RW         6855    .bss                sensor_process.o
    0x20008414        -       0x0000000a   Zero   RW         6917    .bss                wind_hal.o
    0x2000841e   COMPRESSED   0x00000002   PAD
    0x20008420        -       0x00000040   Zero   RW         6918    .bss                wind_hal.o
    0x20008460        -       0x00000a6c   Zero   RW         7008    .bss                wind_sample.o
    0x20008ecc        -       0x0000002c   Zero   RW         7647    .bss                mc_w.l(localtime_w.o)
    0x20008ef8        -       0x00000400   Zero   RW         1444    STACK               startup_stm32l431xx.o


==============================================================================

Image component sizes


      Code (inc. data)   RO Data    RW Data    ZI Data      Debug   Object Name

       492        114          0          2        104       3243   adc12_a.o
        88          0          0          0          0      12362   cmsis_os.o
     20570       5530       1347         56        604      59315   command.o
       122          0          0          0          0      10200   ds3231.o
         0          0          0          0          0       7920   event_groups.o
       460         24          0         24      20480      11203   heap_4.o
       292         42          0          0        152       2455   i2c.o
       136          0          0          0          0       3174   list.o
       678         30         73         17       1350       8346   main.o
       790         84          0         12          0      11229   port.o
      1376         14          0          0          0      11562   queue.o
      2646        308          0         40       3400      15470   sensor_basic.o
       800         82          0          8        512       3835   sensor_process.o
       398         38          0          0        300       3606   spi.o
        36          8        396          0       1024        792   startup_stm32l431xx.o
        90         18          0          4          0       3355   stm32l4xx_hal.o
      1702         48          0          0          0       7441   stm32l4xx_hal_adc.o
       134          0          0          0          0       1714   stm32l4xx_hal_adc_ex.o
       222         14          0          0          0      34513   stm32l4xx_hal_cortex.o
       642         14          0          0          0       4946   stm32l4xx_hal_dma.o
       442         34          0          0          0       3634   stm32l4xx_hal_gpio.o
      1154         22          0          0          0      11133   stm32l4xx_hal_i2c.o
       168          0          0          0          0       1831   stm32l4xx_hal_i2c_ex.o
        60         10          0          0          0       1049   stm32l4xx_hal_msp.o
       116         20          0          0          0       1310   stm32l4xx_hal_pwr_ex.o
      1972         96          0          0          0       7112   stm32l4xx_hal_rcc.o
       998         32          0          0          0       2880   stm32l4xx_hal_rcc_ex.o
       174          0          0          0          0       1693   stm32l4xx_hal_spi.o
       910         20          0          0          0       9513   stm32l4xx_hal_tim.o
        80          4          0          0          0       2438   stm32l4xx_hal_tim_ex.o
      1984         92          0          0          0      13622   stm32l4xx_hal_uart.o
         2          0          0          0          0        944   stm32l4xx_hal_uart_ex.o
       168         38          0          0          0       6965   stm32l4xx_it.o
       738        116        145          0          0       4819   sysinit.o
        68         12         72          4          0     744353   system_stm32l4xx.o
      2080        170          0         60        240      20825   tasks.o
      2174        206          0          0       5552      11517   uart.o
       228         16          0          0        790       2728   uartprocess.o
       628         92          0          0          0       6701   w25q128.o
       388         72          0         16         74       4533   wind_hal.o
      3150        200          0         72       2668       6789   wind_sample.o
       452         44          0          0          0        863   wind_sensor.o

    ----------------------------------------------------------------------
     49896       7664       2076        320      37252    1083933   Object Totals
         0          0         32          0          0          0   (incl. Generated)
        88          0         11          5          2          0   (incl. Padding)

    ----------------------------------------------------------------------

      Code (inc. data)   RO Data    RW Data    ZI Data      Debug   Library Member Name

        56         12          0          0          0        132   atof.o
       164         44          0          0          0        620   dunder.o
        24          0          0          0          0        124   fabs.o
        48          0          0          0          0        124   fpclassify.o
       208          6          0          0          0        152   modf.o
       248          0          0          0          0        152   poly.o
      3200        296        136          0          0        352   pow.o
         0          0          8          0          0          0   qnan.o
       232          0          0          0          0        296   sqrt.o
        56          8          0          0          0         84   __0sscanf.o
        86          0          0          0          0          0   __dczerorl2.o
        28          0          0          0          0         68   _chval.o
       818          4          0          0          0        112   _scanf.o
       338          0          0          0          0         96   _scanf_int.o
        64          0          0          0          0         84   _sgetc.o
       164          0          0          0          0         92   _strtoul.o
        26          0          0          0          0         80   atoi.o
        26          0          0          0          0         80   atol.o
         8          4        133          0          0         68   ctype_o.o
         0          0          0          0          0          0   entry.o
         0          0          0          0          0          0   entry10a.o
         0          0          0          0          0          0   entry11a.o
         8          4          0          0          0          0   entry2.o
         4          0          0          0          0          0   entry5.o
         0          0          0          0          0          0   entry7b.o
         0          0          0          0          0          0   entry8b.o
         8          4          0          0          0          0   entry9a.o
        32         16          0          4          0        204   errno.o
        30          0          0          0          0          0   handlers.o
        36          8          0          0          0         68   init.o
        18          0          0          0          0         76   isspace_o.o
         0          0          0          0          0          0   iusefp.o
        30          0          0          0          0         68   llshl.o
        36          0          0          0          0         68   llsshr.o
        32          0          0          0          0         68   llushr.o
       140          6         12          0          0         76   localtime_i.o
        12          6          0          0         44         68   localtime_w.o
        36          0          0          0          0         68   memcpya.o
        36          0          0          0          0        108   memseta.o
       168         18         12          0          0         80   mktime.o
      2288         86          0          0          0        520   printfa.o
        40          8          0          0          0         84   scanf_char.o
       884         12          0          0          0        216   scanf_fp.o
        20          0          0          0          0         68   strchr.o
        28          0          0          0          0         76   strcmp.o
        18          0          0          0          0         68   strcpy.o
        14          0          0          0          0         68   strlen.o
        30          0          0          0          0         80   strncmp.o
        24          0          0          0          0         76   strncpy.o
       156         12          0          0          0        120   strtod.o
        68          6          0          4          0         80   strtok.o
       112          0          0          0          0         88   strtol.o
        44          0          0          0          0         80   uidiv.o
       104          0          0          0          0         92   uldiv.o
        48          0          0          0          0         68   cdcmple.o
        48          0          0          0          0         68   cdrcmple.o
        56          0          0          0          0         88   d2f.o
       350          0          0          0          0        148   dadd.o
       222          0          0          0          0        100   ddiv.o
       186          0          0          0          0        176   depilogue.o
        48          0          0          0          0         68   dfixul.o
        34          0          0          0          0         76   dflti.o
        26          0          0          0          0         76   dfltui.o
        24          0          0          0          0         76   dfltul.o
       234          0          0          0          0         96   dmul.o
        46          0          0          0          0         80   dscalb.o
       162          0          0          0          0        100   dsqrt.o
        38          0          0          0          0         68   f2d.o
       110          0          0          0          0        168   fepilogue.o

    ----------------------------------------------------------------------
     11908        560        308          8         44       6840   Library Totals
        26          0          7          0          0          0   (incl. Padding)

    ----------------------------------------------------------------------

      Code (inc. data)   RO Data    RW Data    ZI Data      Debug   Library Name

      4180        358        144          0          0       1952   m_wm.l
      6070        202        157          8         44       3432   mc_w.l
      1632          0          0          0          0       1456   mf_w.l

    ----------------------------------------------------------------------
     11908        560        308          8         44       6840   Library Totals

    ----------------------------------------------------------------------

==============================================================================


      Code (inc. data)   RO Data    RW Data    ZI Data      Debug   

     61804       8224       2384        328      37296    1058001   Grand Totals
     61804       8224       2384         64      37296    1058001   ELF Image Totals (compressed)
     61804       8224       2384         64          0          0   ROM Totals

==============================================================================

    Total RO  Size (Code + RO Data)                64188 (  62.68kB)
    Total RW  Size (RW Data + ZI Data)             37624 (  36.74kB)
    Total ROM Size (Code + RO Data + RW Data)      64252 (  62.75kB)

==============================================================================

