<html>
<body>
<pre>
<h1>µVision Build Log</h1>
<h2>Tool Versions:</h2>
IDE-Version: ¦ÌVision V5.30.0.0
Copyright (C) 2020 ARM Ltd and ARM Germany GmbH. All rights reserved.
License Information: asd ¹ù×ÓÀ¤, asd, LIC=IK1BF-6A255-Y8AFK-ZCQK6-9IMF3-T55MJ
 
Tool Versions:
Toolchain:       MDK-ARM Plus  Version: 5.30.0.0
Toolchain Path:  D:\software\Keil\ARM\ARMCC\Bin
C Compiler:      Armcc.exe V5.06 update 6 (build 750)
Assembler:       Armasm.exe V5.06 update 6 (build 750)
Linker/Locator:  ArmLink.exe V5.06 update 6 (build 750)
Library Manager: ArmAr.exe V5.06 update 6 (build 750)
Hex Converter:   FromElf.exe V5.06 update 6 (build 750)
CPU DLL:         SARMCM3.DLL V5.30.0.0
Dialog DLL:      DCM.DLL V1.17.3.0
Target DLL:      STLink\ST-LINKIII-KEIL_SWO.dll V3.0.7.0
Dialog DLL:      TCM.DLL V1.42.0.0
 
<h2>Project:</h2>
D:\software\GIT\project\stm32\test\Project.uvprojx
Project File Date:  07/08/2020

<h2>Output:</h2>
*** Using Compiler 'V5.06 update 6 (build 750)', folder: 'D:\software\Keil\ARM\ARMCC\Bin'
Build target 'STM32L476G-Discovery'
compiling uart.c...
..\APP\sensor\sensor_process.h(15): warning:  #1295-D: Deprecated declaration autosend - give arg types
  void autosend();
..\APP\sensor\sensor_process.h(18): warning:  #1295-D: Deprecated declaration Self_test - give arg types
  void Self_test();
..\APP\sensor\2_wind\Wind_Sensor.h(126): warning:  #1295-D: Deprecated declaration Init_sys_cfg - give arg types
  void Init_sys_cfg();
..\STM32L4xx_HAL_Driver\Inc\stm32l4xx_hal_flash.h(832): warning:  #47-D: incompatible redefinition of macro "FLASH_SIZE"  (declared at line 940 of "D:\software\Keil\Packs\Keil\STM32L4xx_DFP\2.3.0\Drivers\CMSIS\Device\ST\STM32L4xx\Include\stm32l431xx.h")
  #define FLASH_SIZE                         ((((*((uint16_t *)FLASH_SIZE_DATA_REGISTER)) == 0xFFFF)) ? (0x400 << 10) : \
..\BSP\uart.c(564): warning:  #177-D: variable "stat"  was declared but never referenced
  	uint8_t stat = 0;
..\BSP\uart.c(630): warning:  #177-D: variable "stat"  was declared but never referenced
  	uint8_t stat = 0;
..\BSP\uart.c: 6 warnings, 0 errors
linking...
STM32L476G-Discovery\STM32L476G-Discovery.axf: Warning: L6989W: Could not apply patch sdcomp-29491-629360 to instruction VPOP     {d8-d12} at offset 0x24, instruction is within an IT block and is not the last instruction for sin_i_x.o(i.____kernel_sin$lsc).
Program Size: Code=62016 RO-data=2496 RW-data=328 ZI-data=37872  
Finished: 0 information, 1 warning and 0 error messages.
"STM32L476G-Discovery\STM32L476G-Discovery.axf" - 0 Error(s), 7 Warning(s).

<h2>Software Packages used:</h2>

Package Vendor: ARM
                http://www.keil.com/pack/ARM.CMSIS.5.7.0.pack
                ARM.CMSIS.5.7.0
                CMSIS (Cortex Microcontroller Software Interface Standard)
   * Component: CORE Version: 5.4.0

Package Vendor: Keil
                https://www.keil.com/pack/Keil.STM32L4xx_DFP.2.3.0.pack
                Keil.STM32L4xx_DFP.2.3.0
                STMicroelectronics STM32L4 Series Device Support, Drivers and Examples

<h2>Collection of Component include folders:</h2>
  .\RTE\_STM32L476G-Discovery
  D:\software\Keil\Packs\ARM\CMSIS\5.7.0\CMSIS\Core\Include
  D:\software\Keil\Packs\Keil\STM32L4xx_DFP\2.3.0\Drivers\CMSIS\Device\ST\STM32L4xx\Include

<h2>Collection of Component Files used:</h2>

   * Component: ARM::CMSIS:CORE:5.4.0
Build Time Elapsed:  00:00:04
</pre>
</body>
</html>
