Component: ARM Compiler 5.06 update 6 (build 750) Tool: armlink [4d35ed]

==============================================================================

Section Cross References

    system_stm32l4xx.o(i.SystemCoreClockUpdate) refers to system_stm32l4xx.o(.constdata) for .constdata
    system_stm32l4xx.o(i.SystemCoreClockUpdate) refers to system_stm32l4xx.o(.data) for .data
    heap_4.o(i.prvHeapInit) refers to heap_4.o(.bss) for .bss
    heap_4.o(i.prvHeapInit) refers to heap_4.o(.data) for .data
    heap_4.o(i.prvInsertBlockIntoFreeList) refers to heap_4.o(.data) for .data
    heap_4.o(i.pvPortMalloc) refers to tasks.o(i.vTaskSuspendAll) for vTaskSuspendAll
    heap_4.o(i.pvPortMalloc) refers to heap_4.o(i.prvHeapInit) for prvHeapInit
    heap_4.o(i.pvPortMalloc) refers to heap_4.o(i.prvInsertBlockIntoFreeList) for prvInsertBlockIntoFreeList
    heap_4.o(i.pvPortMalloc) refers to tasks.o(i.xTaskResumeAll) for xTaskResumeAll
    heap_4.o(i.pvPortMalloc) refers to heap_4.o(.data) for .data
    heap_4.o(i.vPortFree) refers to tasks.o(i.vTaskSuspendAll) for vTaskSuspendAll
    heap_4.o(i.vPortFree) refers to heap_4.o(i.prvInsertBlockIntoFreeList) for prvInsertBlockIntoFreeList
    heap_4.o(i.vPortFree) refers to tasks.o(i.xTaskResumeAll) for xTaskResumeAll
    heap_4.o(i.vPortFree) refers to heap_4.o(.data) for .data
    heap_4.o(i.xPortGetFreeHeapSize) refers to heap_4.o(.data) for .data
    heap_4.o(i.xPortGetMinimumEverFreeHeapSize) refers to heap_4.o(.data) for .data
    port.o(.emb_text) refers to tasks.o(i.vTaskSwitchContext) for vTaskSwitchContext
    port.o(.emb_text) refers to tasks.o(.data) for pxCurrentTCB
    port.o(i.prvTaskExitError) refers to port.o(.data) for .data
    port.o(i.pxPortInitialiseStack) refers to port.o(i.prvTaskExitError) for prvTaskExitError
    port.o(i.vPortEndScheduler) refers to port.o(.data) for .data
    port.o(i.vPortEnterCritical) refers to port.o(.data) for .data
    port.o(i.vPortExitCritical) refers to port.o(.data) for .data
    port.o(i.vPortSetupTimerInterrupt) refers to system_stm32l4xx.o(.data) for SystemCoreClock
    port.o(i.vPortValidateInterruptPriority) refers to port.o(.emb_text) for vPortGetIPSR
    port.o(i.vPortValidateInterruptPriority) refers to port.o(.data) for .data
    port.o(i.xPortStartScheduler) refers to port.o(i.vPortSetupTimerInterrupt) for vPortSetupTimerInterrupt
    port.o(i.xPortStartScheduler) refers to port.o(.emb_text) for __asm___6_port_c_39a90d8d__prvEnableVFP
    port.o(i.xPortStartScheduler) refers to port.o(.data) for .data
    port.o(i.xPortSysTickHandler) refers to tasks.o(i.xTaskIncrementTick) for xTaskIncrementTick
    event_groups.o(i.vEventGroupClearBitsCallback) refers to event_groups.o(i.xEventGroupClearBits) for xEventGroupClearBits
    event_groups.o(i.vEventGroupDelete) refers to tasks.o(i.vTaskSuspendAll) for vTaskSuspendAll
    event_groups.o(i.vEventGroupDelete) refers to tasks.o(i.xTaskRemoveFromUnorderedEventList) for xTaskRemoveFromUnorderedEventList
    event_groups.o(i.vEventGroupDelete) refers to heap_4.o(i.vPortFree) for vPortFree
    event_groups.o(i.vEventGroupDelete) refers to tasks.o(i.xTaskResumeAll) for xTaskResumeAll
    event_groups.o(i.vEventGroupSetBitsCallback) refers to event_groups.o(i.xEventGroupSetBits) for xEventGroupSetBits
    event_groups.o(i.xEventGroupClearBits) refers to port.o(i.vPortEnterCritical) for vPortEnterCritical
    event_groups.o(i.xEventGroupClearBits) refers to port.o(i.vPortExitCritical) for vPortExitCritical
    event_groups.o(i.xEventGroupCreate) refers to heap_4.o(i.pvPortMalloc) for pvPortMalloc
    event_groups.o(i.xEventGroupCreate) refers to list.o(i.vListInitialise) for vListInitialise
    event_groups.o(i.xEventGroupSetBits) refers to tasks.o(i.vTaskSuspendAll) for vTaskSuspendAll
    event_groups.o(i.xEventGroupSetBits) refers to tasks.o(i.xTaskRemoveFromUnorderedEventList) for xTaskRemoveFromUnorderedEventList
    event_groups.o(i.xEventGroupSetBits) refers to tasks.o(i.xTaskResumeAll) for xTaskResumeAll
    event_groups.o(i.xEventGroupSync) refers to tasks.o(i.xTaskGetSchedulerState) for xTaskGetSchedulerState
    event_groups.o(i.xEventGroupSync) refers to tasks.o(i.vTaskSuspendAll) for vTaskSuspendAll
    event_groups.o(i.xEventGroupSync) refers to event_groups.o(i.xEventGroupSetBits) for xEventGroupSetBits
    event_groups.o(i.xEventGroupSync) refers to tasks.o(i.vTaskPlaceOnUnorderedEventList) for vTaskPlaceOnUnorderedEventList
    event_groups.o(i.xEventGroupSync) refers to tasks.o(i.xTaskResumeAll) for xTaskResumeAll
    event_groups.o(i.xEventGroupSync) refers to tasks.o(i.uxTaskResetEventItemValue) for uxTaskResetEventItemValue
    event_groups.o(i.xEventGroupSync) refers to port.o(i.vPortEnterCritical) for vPortEnterCritical
    event_groups.o(i.xEventGroupSync) refers to port.o(i.vPortExitCritical) for vPortExitCritical
    event_groups.o(i.xEventGroupWaitBits) refers to tasks.o(i.xTaskGetSchedulerState) for xTaskGetSchedulerState
[...]
    ..\STM32L4xx_HAL_Driver\Src\stm32l4xx_hal_flash_ramfunc.c 0x00000000   Number         0  stm32l4xx_hal_flash_ramfunc.o ABSOLUTE
    ..\STM32L4xx_HAL_Driver\Src\stm32l4xx_hal_gpio.c 0x00000000   Number         0  stm32l4xx_hal_gpio.o ABSOLUTE
    ..\STM32L4xx_HAL_Driver\Src\stm32l4xx_hal_i2c.c 0x00000000   Number         0  stm32l4xx_hal_i2c.o ABSOLUTE
    ..\STM32L4xx_HAL_Driver\Src\stm32l4xx_hal_i2c_ex.c 0x00000000   Number         0  stm32l4xx_hal_i2c_ex.o ABSOLUTE
    ..\STM32L4xx_HAL_Driver\Src\stm32l4xx_hal_pwr.c 0x00000000   Number         0  stm32l4xx_hal_pwr.o ABSOLUTE
    ..\STM32L4xx_HAL_Driver\Src\stm32l4xx_hal_pwr_ex.c 0x00000000   Number         0  stm32l4xx_hal_pwr_ex.o ABSOLUTE
    ..\STM32L4xx_HAL_Driver\Src\stm32l4xx_hal_rcc.c 0x00000000   Number         0  stm32l4xx_hal_rcc.o ABSOLUTE
    ..\STM32L4xx_HAL_Driver\Src\stm32l4xx_hal_rcc_ex.c 0x00000000   Number         0  stm32l4xx_hal_rcc_ex.o ABSOLUTE
    ..\STM32L4xx_HAL_Driver\Src\stm32l4xx_hal_spi.c 0x00000000   Number         0  stm32l4xx_hal_spi.o ABSOLUTE
    ..\STM32L4xx_HAL_Driver\Src\stm32l4xx_hal_tim.c 0x00000000   Number         0  stm32l4xx_hal_tim.o ABSOLUTE
    ..\STM32L4xx_HAL_Driver\Src\stm32l4xx_hal_tim_ex.c 0x00000000   Number         0  stm32l4xx_hal_tim_ex.o ABSOLUTE
    ..\STM32L4xx_HAL_Driver\Src\stm32l4xx_hal_uart.c 0x00000000   Number         0  stm32l4xx_hal_uart.o ABSOLUTE
    ..\STM32L4xx_HAL_Driver\Src\stm32l4xx_hal_uart_ex.c 0x00000000   Number         0  stm32l4xx_hal_uart_ex.o ABSOLUTE
    ..\\APP\\product\\command.c              0x00000000   Number         0  command.o ABSOLUTE
    ..\\APP\\product\\main.c                 0x00000000   Number         0  main.o ABSOLUTE
    ..\\APP\\product\\sysinit.c              0x00000000   Number         0  sysinit.o ABSOLUTE
    ..\\APP\\product\\uartprocess.c          0x00000000   Number         0  uartprocess.o ABSOLUTE
    ..\\APP\\sensor\\2_wind\\Wind_Hal.c      0x00000000   Number         0  wind_hal.o ABSOLUTE
    ..\\APP\\sensor\\2_wind\\Wind_Sample.c   0x00000000   Number         0  wind_sample.o ABSOLUTE
    ..\\APP\\sensor\\2_wind\\Wind_Sensor.c   0x00000000   Number         0  wind_sensor.o ABSOLUTE
    ..\\APP\\sensor\\sensor_basic.c          0x00000000   Number         0  sensor_basic.o ABSOLUTE
    ..\\APP\\sensor\\sensor_process.c        0x00000000   Number         0  sensor_process.o ABSOLUTE
    ..\\APP\\stm32l4xx_hal_msp.c             0x00000000   Number         0  stm32l4xx_hal_msp.o ABSOLUTE
    ..\\APP\\stm32l4xx_it.c                  0x00000000   Number         0  stm32l4xx_it.o ABSOLUTE
    ..\\APP\\system_stm32l4xx.c              0x00000000   Number         0  system_stm32l4xx.o ABSOLUTE
    ..\\BSP\\adc12_a.c                       0x00000000   Number         0  adc12_a.o ABSOLUTE
    ..\\BSP\\ds3231.c                        0x00000000   Number         0  ds3231.o ABSOLUTE
    ..\\BSP\\i2c.c                           0x00000000   Number         0  i2c.o ABSOLUTE
    ..\\BSP\\spi.c                           0x00000000   Number         0  spi.o ABSOLUTE
    ..\\BSP\\uart.c                          0x00000000   Number         0  uart.o ABSOLUTE
    ..\\FreeRTOS\\Source\\CMSIS_RTOS\\cmsis_os.c 0x00000000   Number         0  cmsis_os.o ABSOLUTE
    ..\\FreeRTOS\\Source\\portable\\RVDS\\ARM_CM4F\\port.c 0x00000000   Number         0  port.o ABSOLUTE
    ..\\STM32L4xx_HAL_Driver\\Src\\stm32l4xx_hal.c 0x00000000   Number         0  stm32l4xx_hal.o ABSOLUTE
    ..\\STM32L4xx_HAL_Driver\\Src\\stm32l4xx_hal_adc.c 0x00000000   Number         0  stm32l4xx_hal_adc.o ABSOLUTE
    ..\\STM32L4xx_HAL_Driver\\Src\\stm32l4xx_hal_adc_ex.c 0x00000000   Number         0  stm32l4xx_hal_adc_ex.o ABSOLUTE
    ..\\STM32L4xx_HAL_Driver\\Src\\stm32l4xx_hal_comp.c 0x00000000   Number         0  stm32l4xx_hal_comp.o ABSOLUTE
    ..\\STM32L4xx_HAL_Driver\\Src\\stm32l4xx_hal_cortex.c 0x00000000   Number         0  stm32l4xx_hal_cortex.o ABSOLUTE
    ..\\STM32L4xx_HAL_Driver\\Src\\stm32l4xx_hal_dma.c 0x00000000   Number         0  stm32l4xx_hal_dma.o ABSOLUTE
    ..\\STM32L4xx_HAL_Driver\\Src\\stm32l4xx_hal_dma_ex.c 0x00000000   Number         0  stm32l4xx_hal_dma_ex.o ABSOLUTE
    ..\\STM32L4xx_HAL_Driver\\Src\\stm32l4xx_hal_firewall.c 0x00000000   Number         0  stm32l4xx_hal_firewall.o ABSOLUTE
    ..\\STM32L4xx_HAL_Driver\\Src\\stm32l4xx_hal_flash.c 0x00000000   Number         0  stm32l4xx_hal_flash.o ABSOLUTE
    ..\\STM32L4xx_HAL_Driver\\Src\\stm32l4xx_hal_flash_ex.c 0x00000000   Number         0  stm32l4xx_hal_flash_ex.o ABSOLUTE
    ..\\STM32L4xx_HAL_Driver\\Src\\stm32l4xx_hal_flash_ramfunc.c 0x00000000   Number         0  stm32l4xx_hal_flash_ramfunc.o ABSOLUTE
    ..\\STM32L4xx_HAL_Driver\\Src\\stm32l4xx_hal_gpio.c 0x00000000   Number         0  stm32l4xx_hal_gpio.o ABSOLUTE
    ..\\STM32L4xx_HAL_Driver\\Src\\stm32l4xx_hal_i2c.c 0x00000000   Number         0  stm32l4xx_hal_i2c.o ABSOLUTE
    ..\\STM32L4xx_HAL_Driver\\Src\\stm32l4xx_hal_i2c_ex.c 0x00000000   Number         0  stm32l4xx_hal_i2c_ex.o ABSOLUTE
    ..\\STM32L4xx_HAL_Driver\\Src\\stm32l4xx_hal_pwr.c 0x00000000   Number         0  stm32l4xx_hal_pwr.o ABSOLUTE
    ..\\STM32L4xx_HAL_Driver\\Src\\stm32l4xx_hal_pwr_ex.c 0x00000000   Number         0  stm32l4xx_hal_pwr_ex.o ABSOLUTE
    ..\\STM32L4xx_HAL_Driver\\Src\\stm32l4xx_hal_rcc.c 0x00000000   Number         0  stm32l4xx_hal_rcc.o ABSOLUTE
    ..\\STM32L4xx_HAL_Driver\\Src\\stm32l4xx_hal_rcc_ex.c 0x00000000   Number         0  stm32l4xx_hal_rcc_ex.o ABSOLUTE
    ..\\STM32L4xx_HAL_Driver\\Src\\stm32l4xx_hal_spi.c 0x00000000   Number         0  stm32l4xx_hal_spi.o ABSOLUTE
    ..\\STM32L4xx_HAL_Driver\\Src\\stm32l4xx_hal_tim.c 0x00000000   Number         0  stm32l4xx_hal_tim.o ABSOLUTE
    ..\\STM32L4xx_HAL_Driver\\Src\\stm32l4xx_hal_tim_ex.c 0x00000000   Number         0  stm32l4xx_hal_tim_ex.o ABSOLUTE
    ..\\STM32L4xx_HAL_Driver\\Src\\stm32l4xx_hal_uart.c 0x00000000   Number         0  stm32l4xx_hal_uart.o ABSOLUTE
    ..\\STM32L4xx_HAL_Driver\\Src\\stm32l4xx_hal_uart_ex.c 0x00000000   Number         0  stm32l4xx_hal_uart_ex.o ABSOLUTE
    cdcmple.s                                0x00000000   Number         0  cdcmple.o ABSOLUTE
    cdrcmple.s                               0x00000000   Number         0  cdrcmple.o ABSOLUTE
    dc.s                                     0x00000000   Number         0  dc.o ABSOLUTE
    handlers.s                               0x00000000   Number         0  handlers.o ABSOLUTE
    init.s                                   0x00000000   Number         0  init.o ABSOLUTE
    startup_stm32l431xx.s                    0x00000000   Number         0  startup_stm32l431xx.o ABSOLUTE
    RESET                                    0x08000000   Section      396  startup_stm32l431xx.o(RESET)
    .ARM.Collect$$$$00000000                 0x0800018c   Section        0  entry.o(.ARM.Collect$$$$00000000)
    .ARM.Collect$$$$00000001                 0x0800018c   Section        4  entry2.o(.ARM.Collect$$$$00000001)
    .ARM.Collect$$$$00000004                 0x08000190   Section        4  entry5.o(.ARM.Collect$$$$00000004)
    .ARM.Collect$$$$00000008                 0x08000194   Section        0  entry7b.o(.ARM.Collect$$$$00000008)
    .ARM.Collect$$$$0000000A                 0x08000194   Section        0  entry8b.o(.ARM.Collect$$$$0000000A)
    .ARM.Collect$$$$0000000B                 0x08000194   Section        8  entry9a.o(.ARM.Collect$$$$0000000B)
    .ARM.Collect$$$$0000000D                 0x0800019c   Section        0  entry10a.o(.ARM.Collect$$$$0000000D)
    .ARM.Collect$$$$0000000F                 0x0800019c   Section        0  entry11a.o(.ARM.Collect$$$$0000000F)
    .ARM.Collect$$$$00002712                 0x0800019c   Section        4  entry2.o(.ARM.Collect$$$$00002712)
    __lit__00000000                          0x0800019c   Data           4  entry2.o(.ARM.Collect$$$$00002712)
    .emb_text                                0x080001a0   Section      186  port.o(.emb_text)
    $v0                                      0x080001a0   Number         0  port.o(.emb_text)
    .text                                    0x0800027c   Section       36  startup_stm32l431xx.o(.text)
    $v0                                      0x0800027c   Number         0  startup_stm32l431xx.o(.text)
    .text                                    0x080002a0   Section        0  uldiv.o(.text)
    .text                                    0x08000308   Section        0  mktime.o(.text)
    .text                                    0x080003b0   Section        0  memcpya.o(.text)
    .text                                    0x080003d4   Section        0  memseta.o(.text)
    .text                                    0x080003f8   Section        0  strlen.o(.text)
    .text                                    0x08000406   Section        0  dadd.o(.text)
    .text                                    0x08000564   Section        0  dmul.o(.text)
    .text                                    0x0800064e   Section        0  ddiv.o(.text)
    .text                                    0x0800072c   Section       48  cdrcmple.o(.text)
    .text                                    0x0800075c   Section        0  uidiv.o(.text)
    .text                                    0x08000788   Section        0  llshl.o(.text)
    .text                                    0x080007a6   Section        0  llushr.o(.text)
    .text                                    0x080007c6   Section        0  llsshr.o(.text)
    .text                                    0x080007ec   Section        0  localtime_w.o(.text)
    .text                                    0x080007f8   Section        0  localtime_i.o(.text)
    .text                                    0x08000884   Section        0  iusefp.o(.text)
    .text                                    0x08000884   Section        0  depilogue.o(.text)
    .text                                    0x0800093e   Section        0  dfixul.o(.text)
    .text                                    0x08000970   Section       36  init.o(.text)
    i.BusFault_Handler                       0x08000994   Section        0  stm32l4xx_it.o(i.BusFault_Handler)
    i.Convert_Sec_to_Time                    0x08000996   Section        0  sensor_basic.o(i.Convert_Sec_to_Time)
    i.Convert_Time_to_min                    0x080009c4   Section        0  sensor_basic.o(i.Convert_Time_to_min)
    i.DMA1_Channel4_IRQHandler               0x08000a04   Section        0  stm32l4xx_it.o(i.DMA1_Channel4_IRQHandler)
    i.DMA1_Channel5_IRQHandler               0x08000a10   Section        0  stm32l4xx_it.o(i.DMA1_Channel5_IRQHandler)
    i.DMA2_Channel6_IRQHandler               0x08000a1c   Section        0  stm32l4xx_it.o(i.DMA2_Channel6_IRQHandler)
    i.DMA2_Channel7_IRQHandler               0x08000a28   Section        0  stm32l4xx_it.o(i.DMA2_Channel7_IRQHandler)
    i.DMA_SetConfig                          0x08000a34   Section        0  stm32l4xx_hal_dma.o(i.DMA_SetConfig)
    DMA_SetConfig                            0x08000a35   Thumb Code    42  stm32l4xx_hal_dma.o(i.DMA_SetConfig)
    i.Datetime_up                            0x08000a60   Section        0  main.o(i.Datetime_up)
    i.DebugMon_Handler                       0x08000a80   Section        0  stm32l4xx_it.o(i.DebugMon_Handler)
    i.EXTI4_IRQHandler                       0x08000a82   Section        0  stm32l4xx_it.o(i.EXTI4_IRQHandler)
    i.HAL_DMA_Abort                          0x08000a88   Section        0  stm32l4xx_hal_dma.o(i.HAL_DMA_Abort)
    i.HAL_DMA_Abort_IT                       0x08000abe   Section        0  stm32l4xx_hal_dma.o(i.HAL_DMA_Abort_IT)
    i.HAL_DMA_IRQHandler                     0x08000b08   Section        0  stm32l4xx_hal_dma.o(i.HAL_DMA_IRQHandler)
    i.HAL_DMA_Start_IT                       0x08000bb0   Section        0  stm32l4xx_hal_dma.o(i.HAL_DMA_Start_IT)
    i.HAL_GPIO_EXTI_Callback                 0x08000c20   Section        0  wind_hal.o(i.HAL_GPIO_EXTI_Callback)
    i.HAL_GPIO_EXTI_IRQHandler               0x08000c4c   Section        0  stm32l4xx_hal_gpio.o(i.HAL_GPIO_EXTI_IRQHandler)
    i.HAL_GPIO_ReadPin                       0x08000c64   Section        0  stm32l4xx_hal_gpio.o(i.HAL_GPIO_ReadPin)
    i.HAL_GetTick                            0x08000c70   Section        0  stm32l4xx_hal.o(i.HAL_GetTick)
    i.HAL_IncTick                            0x08000c7c   Section        0  stm32l4xx_hal.o(i.HAL_IncTick)
    i.HAL_Init                               0x08000c8c   Section        0  stm32l4xx_hal.o(i.HAL_Init)
    i.HAL_InitTick                           0x08000ca4   Section        0  stm32l4xx_hal.o(i.HAL_InitTick)
    i.HAL_MspInit                            0x08000ccc   Section        0  main.o(i.HAL_MspInit)
    i.HAL_NVIC_EnableIRQ                     0x08000d4c   Section        0  stm32l4xx_hal_cortex.o(i.HAL_NVIC_EnableIRQ)
    i.HAL_NVIC_SetPriority                   0x08000d68   Section        0  stm32l4xx_hal_cortex.o(i.HAL_NVIC_SetPriority)
    i.HAL_NVIC_SetPriorityGrouping           0x08000da8   Section        0  stm32l4xx_hal_cortex.o(i.HAL_NVIC_SetPriorityGrouping)
    i.HAL_PWREx_ControlVoltageScaling        0x08000dcc   Section        0  stm32l4xx_hal_pwr_ex.o(i.HAL_PWREx_ControlVoltageScaling)
    i.HAL_PWREx_GetVoltageRange              0x08000e30   Section        0  stm32l4xx_hal_pwr_ex.o(i.HAL_PWREx_GetVoltageRange)
    i.HAL_RCCEx_PeriphCLKConfig              0x08000e40   Section        0  stm32l4xx_hal_rcc_ex.o(i.HAL_RCCEx_PeriphCLKConfig)
    i.HAL_RCC_ClockConfig                    0x080010fc   Section        0  stm32l4xx_hal_rcc.o(i.HAL_RCC_ClockConfig)
    i.HAL_RCC_GetHCLKFreq                    0x08001274   Section        0  stm32l4xx_hal_rcc.o(i.HAL_RCC_GetHCLKFreq)
    i.HAL_RCC_GetSysClockFreq                0x08001280   Section        0  stm32l4xx_hal_rcc.o(i.HAL_RCC_GetSysClockFreq)
    i.HAL_RCC_OscConfig                      0x08001344   Section        0  stm32l4xx_hal_rcc.o(i.HAL_RCC_OscConfig)
    i.HAL_SYSTICK_CLKSourceConfig            0x080017f4   Section        0  stm32l4xx_hal_cortex.o(i.HAL_SYSTICK_CLKSourceConfig)
    i.HAL_SYSTICK_Config                     0x0800180c   Section        0  stm32l4xx_hal_cortex.o(i.HAL_SYSTICK_Config)
    i.HAL_TIMEx_BreakCallback                0x08001834   Section        0  stm32l4xx_hal_tim_ex.o(i.HAL_TIMEx_BreakCallback)
    i.HAL_TIMEx_CommutationCallback          0x08001836   Section        0  stm32l4xx_hal_tim_ex.o(i.HAL_TIMEx_CommutationCallback)
    i.HAL_TIM_IC_CaptureCallback             0x08001838   Section        0  stm32l4xx_hal_tim.o(i.HAL_TIM_IC_CaptureCallback)
    i.HAL_TIM_IRQHandler                     0x0800183a   Section        0  stm32l4xx_hal_tim.o(i.HAL_TIM_IRQHandler)
    i.HAL_TIM_OC_DelayElapsedCallback        0x080019a0   Section        0  stm32l4xx_hal_tim.o(i.HAL_TIM_OC_DelayElapsedCallback)
    i.HAL_TIM_PWM_PulseFinishedCallback      0x080019a2   Section        0  stm32l4xx_hal_tim.o(i.HAL_TIM_PWM_PulseFinishedCallback)
    i.HAL_TIM_PeriodElapsedCallback          0x080019a4   Section        0  wind_hal.o(i.HAL_TIM_PeriodElapsedCallback)
    i.HAL_TIM_TriggerCallback                0x080019bc   Section        0  stm32l4xx_hal_tim.o(i.HAL_TIM_TriggerCallback)
    i.HAL_UARTEx_WakeupCallback              0x080019be   Section        0  stm32l4xx_hal_uart_ex.o(i.HAL_UARTEx_WakeupCallback)
    i.HAL_UART_ErrorCallback                 0x080019c0   Section        0  uart.o(i.HAL_UART_ErrorCallback)
    i.HAL_UART_IRQHandler                    0x080019d0   Section        0  stm32l4xx_hal_uart.o(i.HAL_UART_IRQHandler)
    i.HAL_UART_Receive_DMA                   0x08001b1c   Section        0  stm32l4xx_hal_uart.o(i.HAL_UART_Receive_DMA)
    i.HAL_UART_RxCpltCallback                0x08001bac   Section        0  uart.o(i.HAL_UART_RxCpltCallback)
    i.HAL_UART_RxHalfCpltCallback            0x08001c28   Section        0  stm32l4xx_hal_uart.o(i.HAL_UART_RxHalfCpltCallback)
    i.HAL_UART_TxCpltCallback                0x08001c2c   Section        0  uart.o(i.HAL_UART_TxCpltCallback)
    i.HardFault_Handler                      0x08001c60   Section        0  stm32l4xx_it.o(i.HardFault_Handler)
    i.MemManage_Handler                      0x08001c62   Section        0  stm32l4xx_it.o(i.MemManage_Handler)
    i.NMI_Handler                            0x08001c64   Section        0  stm32l4xx_it.o(i.NMI_Handler)
    i.RCCEx_PLLSAI1_Config                   0x08001c68   Section        0  stm32l4xx_hal_rcc_ex.o(i.RCCEx_PLLSAI1_Config)
    RCCEx_PLLSAI1_Config                     0x08001c69   Thumb Code   278  stm32l4xx_hal_rcc_ex.o(i.RCCEx_PLLSAI1_Config)
    i.RCC_SetFlashLatencyFromMSIRange        0x08001d94   Section        0  stm32l4xx_hal_rcc.o(i.RCC_SetFlashLatencyFromMSIRange)
    RCC_SetFlashLatencyFromMSIRange          0x08001d95   Thumb Code   116  stm32l4xx_hal_rcc.o(i.RCC_SetFlashLatencyFromMSIRange)
    i.Rtc_UpdateTime                         0x08001e10   Section        0  main.o(i.Rtc_UpdateTime)
    i.SysTick_Handler                        0x08001eb4   Section        0  stm32l4xx_it.o(i.SysTick_Handler)
    i.SystemClock_Config                     0x08001ec6   Section        0  main.o(i.SystemClock_Config)
    i.SystemInit                             0x08001f50   Section        0  system_stm32l4xx.o(i.SystemInit)
    i.TIM1_UP_TIM16_IRQHandler               0x08001f94   Section        0  stm32l4xx_it.o(i.TIM1_UP_TIM16_IRQHandler)
    i.UART_DMAAbortOnError                   0x08001fa0   Section        0  stm32l4xx_hal_uart.o(i.UART_DMAAbortOnError)
    UART_DMAAbortOnError                     0x08001fa1   Thumb Code    20  stm32l4xx_hal_uart.o(i.UART_DMAAbortOnError)
    i.UART_DMAError                          0x08001fb4   Section        0  stm32l4xx_hal_uart.o(i.UART_DMAError)
    UART_DMAError                            0x08001fb5   Thumb Code    74  stm32l4xx_hal_uart.o(i.UART_DMAError)
    i.UART_DMAReceiveCplt                    0x08001ffe   Section        0  stm32l4xx_hal_uart.o(i.UART_DMAReceiveCplt)
    UART_DMAReceiveCplt                      0x08001fff   Thumb Code    62  stm32l4xx_hal_uart.o(i.UART_DMAReceiveCplt)
    i.UART_DMARxHalfCplt                     0x0800203c   Section        0  stm32l4xx_hal_uart.o(i.UART_DMARxHalfCplt)
    UART_DMARxHalfCplt                       0x0800203d   Thumb Code    10  stm32l4xx_hal_uart.o(i.UART_DMARxHalfCplt)
    i.UART_EndRxTransfer                     0x08002046   Section        0  stm32l4xx_hal_uart.o(i.UART_EndRxTransfer)
    UART_EndRxTransfer                       0x08002047   Thumb Code    32  stm32l4xx_hal_uart.o(i.UART_EndRxTransfer)
    i.UART_EndTxTransfer                     0x08002066   Section        0  stm32l4xx_hal_uart.o(i.UART_EndTxTransfer)
    UART_EndTxTransfer                       0x08002067   Thumb Code    18  stm32l4xx_hal_uart.o(i.UART_EndTxTransfer)
    i.USART1_IRQHandler                      0x08002078   Section        0  stm32l4xx_it.o(i.USART1_IRQHandler)
    i.USART2_IRQHandler                      0x0800209c   Section        0  stm32l4xx_it.o(i.USART2_IRQHandler)
    i.USART_DMA_Restart                      0x080020c0   Section        0  uart.o(i.USART_DMA_Restart)
    i.UartWrite                              0x08002164   Section        0  uart.o(i.UartWrite)
    i.UsageFault_Handler                     0x080021f4   Section        0  stm32l4xx_it.o(i.UsageFault_Handler)
    i.__0sprintf                             0x080021f8   Section        0  printfa.o(i.__0sprintf)
    i.__NVIC_SetPriority                     0x08002220   Section        0  stm32l4xx_hal_cortex.o(i.__NVIC_SetPriority)
    __NVIC_SetPriority                       0x08002221   Thumb Code    32  stm32l4xx_hal_cortex.o(i.__NVIC_SetPriority)
    i.__scatterload_copy                     0x08002240   Section       14  handlers.o(i.__scatterload_copy)
    i.__scatterload_null                     0x0800224e   Section        2  handlers.o(i.__scatterload_null)
    i.__scatterload_zeroinit                 0x08002250   Section       14  handlers.o(i.__scatterload_zeroinit)
    i._fp_digits                             0x08002260   Section        0  printfa.o(i._fp_digits)
    _fp_digits                               0x08002261   Thumb Code   366  printfa.o(i._fp_digits)
    i._printf_core                           0x080023ec   Section        0  printfa.o(i._printf_core)
    _printf_core                             0x080023ed   Thumb Code  1744  printfa.o(i._printf_core)
    i._printf_post_padding                   0x08002ace   Section        0  printfa.o(i._printf_post_padding)
    _printf_post_padding                     0x08002acf   Thumb Code    36  printfa.o(i._printf_post_padding)
    i._printf_pre_padding                    0x08002af2   Section        0  printfa.o(i._printf_pre_padding)
    _printf_pre_padding                      0x08002af3   Thumb Code    46  printfa.o(i._printf_pre_padding)
    i._sputc                                 0x08002b20   Section        0  printfa.o(i._sputc)
    _sputc                                   0x08002b21   Thumb Code    10  printfa.o(i._sputc)
    i.autosend                               0x08002b2c   Section        0  sensor_process.o(i.autosend)
    i.check_event_autosend                   0x08002b54   Section        0  sensor_basic.o(i.check_event_autosend)
    i.main                                   0x08002bdc   Section        0  main.o(i.main)
    i.makeFreeRtosPriority                   0x08002c88   Section        0  cmsis_os.o(i.makeFreeRtosPriority)
    makeFreeRtosPriority                     0x08002c89   Thumb Code    12  cmsis_os.o(i.makeFreeRtosPriority)
    i.osKernelStart                          0x08002c94   Section        0  cmsis_os.o(i.osKernelStart)
    i.osSystickHandler                       0x08002c9e   Section        0  cmsis_os.o(i.osSystickHandler)
    i.osThreadCreate                         0x08002cb2   Section        0  cmsis_os.o(i.osThreadCreate)
    i.prvAddCurrentTaskToDelayedList         0x08002ce0   Section        0  tasks.o(i.prvAddCurrentTaskToDelayedList)
    prvAddCurrentTaskToDelayedList           0x08002ce1   Thumb Code   102  tasks.o(i.prvAddCurrentTaskToDelayedList)
    i.prvAddNewTaskToReadyList               0x08002d50   Section        0  tasks.o(i.prvAddNewTaskToReadyList)
    prvAddNewTaskToReadyList                 0x08002d51   Thumb Code   196  tasks.o(i.prvAddNewTaskToReadyList)
    i.prvCheckTasksWaitingTermination        0x08002e20   Section        0  tasks.o(i.prvCheckTasksWaitingTermination)
    prvCheckTasksWaitingTermination          0x08002e21   Thumb Code    70  tasks.o(i.prvCheckTasksWaitingTermination)
    i.prvCopyDataFromQueue                   0x08002e70   Section        0  queue.o(i.prvCopyDataFromQueue)
    prvCopyDataFromQueue                     0x08002e71   Thumb Code    38  queue.o(i.prvCopyDataFromQueue)
    i.prvCopyDataToQueue                     0x08002e96   Section        0  queue.o(i.prvCopyDataToQueue)
    prvCopyDataToQueue                       0x08002e97   Thumb Code   108  queue.o(i.prvCopyDataToQueue)
    i.prvDeleteTCB                           0x08002f02   Section        0  tasks.o(i.prvDeleteTCB)
    prvDeleteTCB                             0x08002f03   Thumb Code    20  tasks.o(i.prvDeleteTCB)
    i.prvHeapInit                            0x08002f18   Section        0  heap_4.o(i.prvHeapInit)
    prvHeapInit                              0x08002f19   Thumb Code    66  heap_4.o(i.prvHeapInit)
    i.prvIdleTask                            0x08002f64   Section        0  tasks.o(i.prvIdleTask)
    prvIdleTask                              0x08002f65   Thumb Code    30  tasks.o(i.prvIdleTask)
    i.prvInitialiseNewTask                   0x08002f8c   Section        0  tasks.o(i.prvInitialiseNewTask)
    prvInitialiseNewTask                     0x08002f8d   Thumb Code   156  tasks.o(i.prvInitialiseNewTask)
    i.prvInsertBlockIntoFreeList             0x08003028   Section        0  heap_4.o(i.prvInsertBlockIntoFreeList)
    prvInsertBlockIntoFreeList               0x08003029   Thumb Code    72  heap_4.o(i.prvInsertBlockIntoFreeList)
    i.prvIsQueueEmpty                        0x08003074   Section        0  queue.o(i.prvIsQueueEmpty)
    prvIsQueueEmpty                          0x08003075   Thumb Code    28  queue.o(i.prvIsQueueEmpty)
    i.prvResetNextTaskUnblockTime            0x08003090   Section        0  tasks.o(i.prvResetNextTaskUnblockTime)
    prvResetNextTaskUnblockTime              0x08003091   Thumb Code    26  tasks.o(i.prvResetNextTaskUnblockTime)
    i.prvTaskExitError                       0x080030b0   Section        0  port.o(i.prvTaskExitError)
    prvTaskExitError                         0x080030b1   Thumb Code    36  port.o(i.prvTaskExitError)
    i.prvUnlockQueue                         0x080030d8   Section        0  queue.o(i.prvUnlockQueue)
    prvUnlockQueue                           0x080030d9   Thumb Code   106  queue.o(i.prvUnlockQueue)
    i.pvPortMalloc                           0x08003144   Section        0  heap_4.o(i.pvPortMalloc)
    i.pvTaskIncrementMutexHeldCount          0x0800321c   Section        0  tasks.o(i.pvTaskIncrementMutexHeldCount)
    i.pxPortInitialiseStack                  0x08003234   Section        0  port.o(i.pxPortInitialiseStack)
    i.startupprint                           0x08003260   Section        0  sysinit.o(i.startupprint)
    i.time_task                              0x080032ac   Section        0  sensor_process.o(i.time_task)
    i.uartSendStr                            0x08003398   Section        0  uartprocess.o(i.uartSendStr)
    i.uxListRemove                           0x080033a8   Section        0  list.o(i.uxListRemove)
    i.vListInitialise                        0x080033cc   Section        0  list.o(i.vListInitialise)
    i.vListInitialiseItem                    0x080033e2   Section        0  list.o(i.vListInitialiseItem)
    i.vListInsert                            0x080033e8   Section        0  list.o(i.vListInsert)
    i.vListInsertEnd                         0x08003418   Section        0  list.o(i.vListInsertEnd)
    i.vPortEnterCritical                     0x08003430   Section        0  port.o(i.vPortEnterCritical)
    i.vPortExitCritical                      0x08003470   Section        0  port.o(i.vPortExitCritical)
    i.vPortFree                              0x08003498   Section        0  heap_4.o(i.vPortFree)
    i.vPortSetupTimerInterrupt               0x080034f4   Section        0  port.o(i.vPortSetupTimerInterrupt)
    i.vPortValidateInterruptPriority         0x08003514   Section        0  port.o(i.vPortValidateInterruptPriority)
    i.vTaskDelay                             0x08003568   Section        0  tasks.o(i.vTaskDelay)
    i.vTaskMissedYield                       0x080035b4   Section        0  tasks.o(i.vTaskMissedYield)
    i.vTaskPlaceOnEventList                  0x080035c0   Section        0  tasks.o(i.vTaskPlaceOnEventList)
    i.vTaskPriorityInherit                   0x080035f0   Section        0  tasks.o(i.vTaskPriorityInherit)
    i.vTaskSetTimeOutState                   0x08003674   Section        0  tasks.o(i.vTaskSetTimeOutState)
    i.vTaskStartScheduler                    0x08003698   Section        0  tasks.o(i.vTaskStartScheduler)
    i.vTaskSuspendAll                        0x08003700   Section        0  tasks.o(i.vTaskSuspendAll)
    i.vTaskSwitchContext                     0x08003710   Section        0  tasks.o(i.vTaskSwitchContext)
    i.xPortStartScheduler                    0x0800376c   Section        0  port.o(i.xPortStartScheduler)
    i.xPortSysTickHandler                    0x0800384c   Section        0  port.o(i.xPortSysTickHandler)
    i.xQueueGenericReceive                   0x08003878   Section        0  queue.o(i.xQueueGenericReceive)
    i.xQueueGenericSend                      0x080039ec   Section        0  queue.o(i.xQueueGenericSend)
    i.xQueueGiveFromISR                      0x08003b4c   Section        0  queue.o(i.xQueueGiveFromISR)
    i.xTaskCheckForTimeOut                   0x08003be8   Section        0  tasks.o(i.xTaskCheckForTimeOut)
    i.xTaskCreate                            0x08003c54   Section        0  tasks.o(i.xTaskCreate)
    i.xTaskGetSchedulerState                 0x08003cb0   Section        0  tasks.o(i.xTaskGetSchedulerState)
    i.xTaskIncrementTick                     0x08003ccc   Section        0  tasks.o(i.xTaskIncrementTick)
    i.xTaskPriorityDisinherit                0x08003d94   Section        0  tasks.o(i.xTaskPriorityDisinherit)
    i.xTaskRemoveFromEventList               0x08003e2c   Section        0  tasks.o(i.xTaskRemoveFromEventList)
    i.xTaskResumeAll                         0x08003ea0   Section        0  tasks.o(i.xTaskResumeAll)
    .constdata                               0x08003f64   Section       64  system_stm32l4xx.o(.constdata)
    .constdata                               0x08003fa4   Section       20  main.o(.constdata)
    .constdata                               0x08003fb8   Section       12  mktime.o(.constdata)
    monlen                                   0x08003fb8   Data          12  mktime.o(.constdata)
    .constdata                               0x08003fc4   Section       12  localtime_i.o(.constdata)
    monlen                                   0x08003fc4   Data          12  localtime_i.o(.constdata)
    .conststring                             0x08003fd0   Section        5  main.o(.conststring)
    .conststring                             0x08003fd8   Section       81  sysinit.o(.conststring)
    .data                                    0x20000000   Section        4  system_stm32l4xx.o(.data)
    .data                                    0x20000004   Section       24  heap_4.o(.data)
    pxEnd                                    0x20000004   Data           4  heap_4.o(.data)
    xFreeBytesRemaining                      0x20000008   Data           4  heap_4.o(.data)
    xMinimumEverFreeBytesRemaining           0x2000000c   Data           4  heap_4.o(.data)
    xBlockAllocatedBit                       0x20000010   Data           4  heap_4.o(.data)
    xStart                                   0x20000014   Data           8  heap_4.o(.data)
    .data                                    0x2000001c   Section       12  port.o(.data)
    ucMaxSysCallPriority                     0x2000001c   Data           1  port.o(.data)
    uxCriticalNesting                        0x20000020   Data           4  port.o(.data)
    ulMaxPRIGROUPValue                       0x20000024   Data           4  port.o(.data)
    .data                                    0x20000028   Section       60  tasks.o(.data)
    uxDeletedTasksWaitingCleanUp             0x2000002c   Data           4  tasks.o(.data)
    uxCurrentNumberOfTasks                   0x20000030   Data           4  tasks.o(.data)
    xTickCount                               0x20000034   Data           4  tasks.o(.data)
    uxTopReadyPriority                       0x20000038   Data           4  tasks.o(.data)
    xSchedulerRunning                        0x2000003c   Data           4  tasks.o(.data)
    uxPendedTicks                            0x20000040   Data           4  tasks.o(.data)
    xYieldPending                            0x20000044   Data           4  tasks.o(.data)
    xNumOfOverflows                          0x20000048   Data           4  tasks.o(.data)
    uxTaskNumber                             0x2000004c   Data           4  tasks.o(.data)
    xNextTaskUnblockTime                     0x20000050   Data           4  tasks.o(.data)
    xIdleTaskHandle                          0x20000054   Data           4  tasks.o(.data)
    uxSchedulerSuspended                     0x20000058   Data           4  tasks.o(.data)
    pxDelayedTaskList                        0x2000005c   Data           4  tasks.o(.data)
    pxOverflowDelayedTaskList                0x20000060   Data           4  tasks.o(.data)
    .data                                    0x20000064   Section        4  stm32l4xx_hal.o(.data)
    .data                                    0x20000068   Section        4  main.o(.data)
    .data                                    0x2000006c   Section        8  sensor_process.o(.data)
    p_sec                                    0x2000006c   Data           1  sensor_process.o(.data)
    p_min                                    0x2000006d   Data           1  sensor_process.o(.data)
    p_hour                                   0x2000006e   Data           1  sensor_process.o(.data)
    p_msec                                   0x20000070   Data           4  sensor_process.o(.data)
    .data                                    0x20000074   Section       16  wind_hal.o(.data)
    Flag_FengsuUpdate                        0x20000074   Data           1  wind_hal.o(.data)
    buffer                                   0x20000078   Data           4  wind_hal.o(.data)
    EdgeCounter                              0x2000007c   Data           4  wind_hal.o(.data)
    EdgeNumber1S                             0x20000080   Data           4  wind_hal.o(.data)
    .bss                                     0x20000084   Section    20480  heap_4.o(.bss)
    ucHeap                                   0x20000084   Data       20480  heap_4.o(.bss)
    .bss                                     0x20005084   Section      240  tasks.o(.bss)
    pxReadyTasksLists                        0x20005084   Data         140  tasks.o(.bss)
    xDelayedTaskList1                        0x20005110   Data          20  tasks.o(.bss)
    xDelayedTaskList2                        0x20005124   Data          20  tasks.o(.bss)
    xPendingReadyList                        0x20005138   Data          20  tasks.o(.bss)
    xTasksWaitingTermination                 0x2000514c   Data          20  tasks.o(.bss)
    xSuspendedTaskList                       0x20005160   Data          20  tasks.o(.bss)
    .bss                                     0x20005174   Section     5552  uart.o(.bss)
    .bss                                     0x20006724   Section      589  main.o(.bss)
    .bss                                     0x20006971   Section      715  main.o(.bss)
    .bss                                     0x20006c3c   Section     3400  sensor_basic.o(.bss)
    .bss                                     0x20007984   Section       64  wind_hal.o(.bss)
    .bss                                     0x200079c4   Section       44  localtime_w.o(.bss)
    _tms                                     0x200079c4   Data          44  localtime_w.o(.bss)
    STACK                                    0x200079f0   Section     1024  startup_stm32l431xx.o(STACK)

    Global Symbols

    Symbol Name                              Value     Ov Type        Size  Object(Section)

    BuildAttributes$$THM_ISAv4$E$P$D$K$B$S$7EM$VFPi3$EXTD16$VFPS$VFMA$PE$A:L22UL41UL21$X:L11$S22US41US21$IEEE1$IW$USESV6$~STKCKD$USESV7$~SHL$OTIME$ROPI$IEEEX$EBA8$MICROLIB$REQ8$PRES8$EABIv2 0x00000000   Number         0  anon$$obj.o ABSOLUTE
    __ARM_use_no_argv                        0x00000000   Number         0  main.o ABSOLUTE
    _printf_a                                0x00000000   Number         0  stubs.o ABSOLUTE
    _printf_c                                0x00000000   Number         0  stubs.o ABSOLUTE
    _printf_charcount                        0x00000000   Number         0  stubs.o ABSOLUTE
    _printf_d                                0x00000000   Number         0  stubs.o ABSOLUTE
    _printf_e                                0x00000000   Number         0  stubs.o ABSOLUTE
    _printf_f                                0x00000000   Number         0  stubs.o ABSOLUTE
    _printf_flags                            0x00000000   Number         0  stubs.o ABSOLUTE
    _printf_fp_dec                           0x00000000   Number         0  stubs.o ABSOLUTE
    _printf_fp_hex                           0x00000000   Number         0  stubs.o ABSOLUTE
    _printf_g                                0x00000000   Number         0  stubs.o ABSOLUTE
    _printf_i                                0x00000000   Number         0  stubs.o ABSOLUTE
    _printf_int_dec                          0x00000000   Number         0  stubs.o ABSOLUTE
    _printf_l                                0x00000000   Number         0  stubs.o ABSOLUTE
    _printf_lc                               0x00000000   Number         0  stubs.o ABSOLUTE
    _printf_ll                               0x00000000   Number         0  stubs.o ABSOLUTE
    _printf_lld                              0x00000000   Number         0  stubs.o ABSOLUTE
    _printf_lli                              0x00000000   Number         0  stubs.o ABSOLUTE
    _printf_llo                              0x00000000   Number         0  stubs.o ABSOLUTE
    _printf_llu                              0x00000000   Number         0  stubs.o ABSOLUTE
    _printf_llx                              0x00000000   Number         0  stubs.o ABSOLUTE
    _printf_longlong_dec                     0x00000000   Number         0  stubs.o ABSOLUTE
    _printf_longlong_hex                     0x00000000   Number         0  stubs.o ABSOLUTE
    _printf_longlong_oct                     0x00000000   Number         0  stubs.o ABSOLUTE
    _printf_ls                               0x00000000   Number         0  stubs.o ABSOLUTE
    _printf_mbtowc                           0x00000000   Number         0  stubs.o ABSOLUTE
    _printf_n                                0x00000000   Number         0  stubs.o ABSOLUTE
    _printf_o                                0x00000000   Number         0  stubs.o ABSOLUTE
    _printf_p                                0x00000000   Number         0  stubs.o ABSOLUTE
    _printf_percent                          0x00000000   Number         0  stubs.o ABSOLUTE
    _printf_pre_padding                      0x00000000   Number         0  stubs.o ABSOLUTE
    _printf_return_value                     0x00000000   Number         0  stubs.o ABSOLUTE
    _printf_s                                0x00000000   Number         0  stubs.o ABSOLUTE
    _printf_sizespec                         0x00000000   Number         0  stubs.o ABSOLUTE
    _printf_str                              0x00000000   Number         0  stubs.o ABSOLUTE
    _printf_truncate_signed                  0x00000000   Number         0  stubs.o ABSOLUTE
    _printf_truncate_unsigned                0x00000000   Number         0  stubs.o ABSOLUTE
    _printf_u                                0x00000000   Number         0  stubs.o ABSOLUTE
    _printf_wc                               0x00000000   Number         0  stubs.o ABSOLUTE
    _printf_wctomb                           0x00000000   Number         0  stubs.o ABSOLUTE
    _printf_widthprec                        0x00000000   Number         0  stubs.o ABSOLUTE
    _printf_x                                0x00000000   Number         0  stubs.o ABSOLUTE
    __cpp_initialize__aeabi_                  - Undefined Weak Reference
    __cxa_finalize                            - Undefined Weak Reference
    __decompress                              - Undefined Weak Reference
    _clock_init                               - Undefined Weak Reference
    _microlib_exit                            - Undefined Weak Reference
    _scanf_longlong                           - Undefined Weak Reference
    _scanf_string                             - Undefined Weak Reference
    __Vectors_Size                           0x0000018c   Number         0  startup_stm32l431xx.o ABSOLUTE
    __Vectors                                0x08000000   Data           4  startup_stm32l431xx.o(RESET)
    __Vectors_End                            0x0800018c   Data           0  startup_stm32l431xx.o(RESET)
    __main                                   0x0800018d   Thumb Code     0  entry.o(.ARM.Collect$$$$00000000)
    _main_stk                                0x0800018d   Thumb Code     0  entry2.o(.ARM.Collect$$$$00000001)
    _main_scatterload                        0x08000191   Thumb Code     0  entry5.o(.ARM.Collect$$$$00000004)
    __main_after_scatterload                 0x08000195   Thumb Code     0  entry5.o(.ARM.Collect$$$$00000004)
    _main_clock                              0x08000195   Thumb Code     0  entry7b.o(.ARM.Collect$$$$00000008)
    _main_cpp_init                           0x08000195   Thumb Code     0  entry8b.o(.ARM.Collect$$$$0000000A)
    _main_init                               0x08000195   Thumb Code     0  entry9a.o(.ARM.Collect$$$$0000000B)
    __rt_final_cpp                           0x0800019d   Thumb Code     0  entry10a.o(.ARM.Collect$$$$0000000D)
    __rt_final_exit                          0x0800019d   Thumb Code     0  entry11a.o(.ARM.Collect$$$$0000000F)
    SVC_Handler                              0x080001a1   Thumb Code    28  port.o(.emb_text)
    __asm___6_port_c_39a90d8d__prvStartFirstTask 0x080001c1   Thumb Code    28  port.o(.emb_text)
    __asm___6_port_c_39a90d8d__prvEnableVFP  0x080001e1   Thumb Code    16  port.o(.emb_text)
    PendSV_Handler                           0x080001f5   Thumb Code    92  port.o(.emb_text)
    vPortGetIPSR                             0x08000255   Thumb Code     6  port.o(.emb_text)
    Reset_Handler                            0x0800027d   Thumb Code     8  startup_stm32l431xx.o(.text)
    ADC1_IRQHandler                          0x08000297   Thumb Code     0  startup_stm32l431xx.o(.text)
    CAN1_RX0_IRQHandler                      0x08000297   Thumb Code     0  startup_stm32l431xx.o(.text)
    CAN1_RX1_IRQHandler                      0x08000297   Thumb Code     0  startup_stm32l431xx.o(.text)
    CAN1_SCE_IRQHandler                      0x08000297   Thumb Code     0  startup_stm32l431xx.o(.text)
    CAN1_TX_IRQHandler                       0x08000297   Thumb Code     0  startup_stm32l431xx.o(.text)
    COMP_IRQHandler                          0x08000297   Thumb Code     0  startup_stm32l431xx.o(.text)
    CRS_IRQHandler                           0x08000297   Thumb Code     0  startup_stm32l431xx.o(.text)
    DMA1_Channel1_IRQHandler                 0x08000297   Thumb Code     0  startup_stm32l431xx.o(.text)
    DMA1_Channel2_IRQHandler                 0x08000297   Thumb Code     0  startup_stm32l431xx.o(.text)
    DMA1_Channel3_IRQHandler                 0x08000297   Thumb Code     0  startup_stm32l431xx.o(.text)
    DMA1_Channel6_IRQHandler                 0x08000297   Thumb Code     0  startup_stm32l431xx.o(.text)
    DMA1_Channel7_IRQHandler                 0x08000297   Thumb Code     0  startup_stm32l431xx.o(.text)
    DMA2_Channel1_IRQHandler                 0x08000297   Thumb Code     0  startup_stm32l431xx.o(.text)
    DMA2_Channel2_IRQHandler                 0x08000297   Thumb Code     0  startup_stm32l431xx.o(.text)
    DMA2_Channel3_IRQHandler                 0x08000297   Thumb Code     0  startup_stm32l431xx.o(.text)
    DMA2_Channel4_IRQHandler                 0x08000297   Thumb Code     0  startup_stm32l431xx.o(.text)
    DMA2_Channel5_IRQHandler                 0x08000297   Thumb Code     0  startup_stm32l431xx.o(.text)
    EXTI0_IRQHandler                         0x08000297   Thumb Code     0  startup_stm32l431xx.o(.text)
    EXTI15_10_IRQHandler                     0x08000297   Thumb Code     0  startup_stm32l431xx.o(.text)
    EXTI1_IRQHandler                         0x08000297   Thumb Code     0  startup_stm32l431xx.o(.text)
    EXTI2_IRQHandler                         0x08000297   Thumb Code     0  startup_stm32l431xx.o(.text)
    EXTI3_IRQHandler                         0x08000297   Thumb Code     0  startup_stm32l431xx.o(.text)
    EXTI9_5_IRQHandler                       0x08000297   Thumb Code     0  startup_stm32l431xx.o(.text)
    FLASH_IRQHandler                         0x08000297   Thumb Code     0  startup_stm32l431xx.o(.text)
    FPU_IRQHandler                           0x08000297   Thumb Code     0  startup_stm32l431xx.o(.text)
    I2C1_ER_IRQHandler                       0x08000297   Thumb Code     0  startup_stm32l431xx.o(.text)
    I2C1_EV_IRQHandler                       0x08000297   Thumb Code     0  startup_stm32l431xx.o(.text)
    I2C2_ER_IRQHandler                       0x08000297   Thumb Code     0  startup_stm32l431xx.o(.text)
    I2C2_EV_IRQHandler                       0x08000297   Thumb Code     0  startup_stm32l431xx.o(.text)
    I2C3_ER_IRQHandler                       0x08000297   Thumb Code     0  startup_stm32l431xx.o(.text)
    I2C3_EV_IRQHandler                       0x08000297   Thumb Code     0  startup_stm32l431xx.o(.text)
    LPTIM1_IRQHandler                        0x08000297   Thumb Code     0  startup_stm32l431xx.o(.text)
    LPTIM2_IRQHandler                        0x08000297   Thumb Code     0  startup_stm32l431xx.o(.text)
    LPUART1_IRQHandler                       0x08000297   Thumb Code     0  startup_stm32l431xx.o(.text)
    PVD_PVM_IRQHandler                       0x08000297   Thumb Code     0  startup_stm32l431xx.o(.text)
    QUADSPI_IRQHandler                       0x08000297   Thumb Code     0  startup_stm32l431xx.o(.text)
    RCC_IRQHandler                           0x08000297   Thumb Code     0  startup_stm32l431xx.o(.text)
    RNG_IRQHandler                           0x08000297   Thumb Code     0  startup_stm32l431xx.o(.text)
    RTC_Alarm_IRQHandler                     0x08000297   Thumb Code     0  startup_stm32l431xx.o(.text)
    RTC_WKUP_IRQHandler                      0x08000297   Thumb Code     0  startup_stm32l431xx.o(.text)
    SAI1_IRQHandler                          0x08000297   Thumb Code     0  startup_stm32l431xx.o(.text)
    SDMMC1_IRQHandler                        0x08000297   Thumb Code     0  startup_stm32l431xx.o(.text)
    SPI1_IRQHandler                          0x08000297   Thumb Code     0  startup_stm32l431xx.o(.text)
    SPI2_IRQHandler                          0x08000297   Thumb Code     0  startup_stm32l431xx.o(.text)
    SPI3_IRQHandler                          0x08000297   Thumb Code     0  startup_stm32l431xx.o(.text)
    SWPMI1_IRQHandler                        0x08000297   Thumb Code     0  startup_stm32l431xx.o(.text)
    TAMP_STAMP_IRQHandler                    0x08000297   Thumb Code     0  startup_stm32l431xx.o(.text)
    TIM1_BRK_TIM15_IRQHandler                0x08000297   Thumb Code     0  startup_stm32l431xx.o(.text)
    TIM1_CC_IRQHandler                       0x08000297   Thumb Code     0  startup_stm32l431xx.o(.text)
    TIM1_TRG_COM_IRQHandler                  0x08000297   Thumb Code     0  startup_stm32l431xx.o(.text)
    TIM2_IRQHandler                          0x08000297   Thumb Code     0  startup_stm32l431xx.o(.text)
    TIM6_DAC_IRQHandler                      0x08000297   Thumb Code     0  startup_stm32l431xx.o(.text)
    TIM7_IRQHandler                          0x08000297   Thumb Code     0  startup_stm32l431xx.o(.text)
    TSC_IRQHandler                           0x08000297   Thumb Code     0  startup_stm32l431xx.o(.text)
    USART3_IRQHandler                        0x08000297   Thumb Code     0  startup_stm32l431xx.o(.text)
    WWDG_IRQHandler                          0x08000297   Thumb Code     0  startup_stm32l431xx.o(.text)
    __aeabi_uldivmod                         0x080002a1   Thumb Code    98  uldiv.o(.text)
    mktime                                   0x08000309   Thumb Code   150  mktime.o(.text)
    __aeabi_memcpy                           0x080003b1   Thumb Code    36  memcpya.o(.text)
    __aeabi_memcpy4                          0x080003b1   Thumb Code     0  memcpya.o(.text)
    __aeabi_memcpy8                          0x080003b1   Thumb Code     0  memcpya.o(.text)
    __aeabi_memset                           0x080003d5   Thumb Code    14  memseta.o(.text)
    __aeabi_memset4                          0x080003d5   Thumb Code     0  memseta.o(.text)
    __aeabi_memset8                          0x080003d5   Thumb Code     0  memseta.o(.text)
    __aeabi_memclr                           0x080003e3   Thumb Code     4  memseta.o(.text)
    __aeabi_memclr4                          0x080003e3   Thumb Code     0  memseta.o(.text)
    __aeabi_memclr8                          0x080003e3   Thumb Code     0  memseta.o(.text)
    _memset$wrapper                          0x080003e7   Thumb Code    18  memseta.o(.text)
    strlen                                   0x080003f9   Thumb Code    14  strlen.o(.text)
    __aeabi_dadd                             0x08000407   Thumb Code   322  dadd.o(.text)
    __aeabi_dsub                             0x08000549   Thumb Code     6  dadd.o(.text)
    __aeabi_drsub                            0x0800054f   Thumb Code     6  dadd.o(.text)
    __aeabi_dmul                             0x08000565   Thumb Code   228  dmul.o(.text)
    __aeabi_ddiv                             0x0800064f   Thumb Code   222  ddiv.o(.text)
    __aeabi_cdrcmple                         0x0800072d   Thumb Code    48  cdrcmple.o(.text)
    __aeabi_uidiv                            0x0800075d   Thumb Code     0  uidiv.o(.text)
    __aeabi_uidivmod                         0x0800075d   Thumb Code    44  uidiv.o(.text)
    __aeabi_llsl                             0x08000789   Thumb Code    30  llshl.o(.text)
    _ll_shift_l                              0x08000789   Thumb Code     0  llshl.o(.text)
    __aeabi_llsr                             0x080007a7   Thumb Code    32  llushr.o(.text)
    _ll_ushift_r                             0x080007a7   Thumb Code     0  llushr.o(.text)
    __aeabi_lasr                             0x080007c7   Thumb Code    36  llsshr.o(.text)
    _ll_sshift_r                             0x080007c7   Thumb Code     0  llsshr.o(.text)
    localtime                                0x080007ed   Thumb Code     6  localtime_w.o(.text)
    _localtime                               0x080007f9   Thumb Code   134  localtime_i.o(.text)
    __I$use$fp                               0x08000885   Thumb Code     0  iusefp.o(.text)
    _double_round                            0x08000885   Thumb Code    30  depilogue.o(.text)
    _double_epilogue                         0x080008a3   Thumb Code   156  depilogue.o(.text)
    __aeabi_d2ulz                            0x0800093f   Thumb Code    48  dfixul.o(.text)
    __scatterload                            0x08000971   Thumb Code    28  init.o(.text)
    __scatterload_rt2                        0x08000971   Thumb Code     0  init.o(.text)
    BusFault_Handler                         0x08000995   Thumb Code     2  stm32l4xx_it.o(i.BusFault_Handler)
    Convert_Sec_to_Time                      0x08000997   Thumb Code    44  sensor_basic.o(i.Convert_Sec_to_Time)
    Convert_Time_to_min                      0x080009c5   Thumb Code    58  sensor_basic.o(i.Convert_Time_to_min)
    DMA1_Channel4_IRQHandler                 0x08000a05   Thumb Code     6  stm32l4xx_it.o(i.DMA1_Channel4_IRQHandler)
    DMA1_Channel5_IRQHandler                 0x08000a11   Thumb Code     6  stm32l4xx_it.o(i.DMA1_Channel5_IRQHandler)
    DMA2_Channel6_IRQHandler                 0x08000a1d   Thumb Code     6  stm32l4xx_it.o(i.DMA2_Channel6_IRQHandler)
    DMA2_Channel7_IRQHandler                 0x08000a29   Thumb Code     6  stm32l4xx_it.o(i.DMA2_Channel7_IRQHandler)
    Datetime_up                              0x08000a61   Thumb Code    26  main.o(i.Datetime_up)
    DebugMon_Handler                         0x08000a81   Thumb Code     2  stm32l4xx_it.o(i.DebugMon_Handler)
    EXTI4_IRQHandler                         0x08000a83   Thumb Code     6  stm32l4xx_it.o(i.EXTI4_IRQHandler)
    HAL_DMA_Abort                            0x08000a89   Thumb Code    54  stm32l4xx_hal_dma.o(i.HAL_DMA_Abort)
    HAL_DMA_Abort_IT                         0x08000abf   Thumb Code    74  stm32l4xx_hal_dma.o(i.HAL_DMA_Abort_IT)
    HAL_DMA_IRQHandler                       0x08000b09   Thumb Code   168  stm32l4xx_hal_dma.o(i.HAL_DMA_IRQHandler)
    HAL_DMA_Start_IT                         0x08000bb1   Thumb Code   112  stm32l4xx_hal_dma.o(i.HAL_DMA_Start_IT)
    HAL_GPIO_EXTI_Callback                   0x08000c21   Thumb Code    38  wind_hal.o(i.HAL_GPIO_EXTI_Callback)
    HAL_GPIO_EXTI_IRQHandler                 0x08000c4d   Thumb Code    18  stm32l4xx_hal_gpio.o(i.HAL_GPIO_EXTI_IRQHandler)
    HAL_GPIO_ReadPin                         0x08000c65   Thumb Code    10  stm32l4xx_hal_gpio.o(i.HAL_GPIO_ReadPin)
    HAL_GetTick                              0x08000c71   Thumb Code     6  stm32l4xx_hal.o(i.HAL_GetTick)
    HAL_IncTick                              0x08000c7d   Thumb Code    10  stm32l4xx_hal.o(i.HAL_IncTick)
    HAL_Init                                 0x08000c8d   Thumb Code    22  stm32l4xx_hal.o(i.HAL_Init)
    HAL_InitTick                             0x08000ca5   Thumb Code    34  stm32l4xx_hal.o(i.HAL_InitTick)
    HAL_MspInit                              0x08000ccd   Thumb Code   122  main.o(i.HAL_MspInit)
    HAL_NVIC_EnableIRQ                       0x08000d4d   Thumb Code    26  stm32l4xx_hal_cortex.o(i.HAL_NVIC_EnableIRQ)
    HAL_NVIC_SetPriority                     0x08000d69   Thumb Code    60  stm32l4xx_hal_cortex.o(i.HAL_NVIC_SetPriority)
    HAL_NVIC_SetPriorityGrouping             0x08000da9   Thumb Code    26  stm32l4xx_hal_cortex.o(i.HAL_NVIC_SetPriorityGrouping)
    HAL_PWREx_ControlVoltageScaling          0x08000dcd   Thumb Code    86  stm32l4xx_hal_pwr_ex.o(i.HAL_PWREx_ControlVoltageScaling)
    HAL_PWREx_GetVoltageRange                0x08000e31   Thumb Code    10  stm32l4xx_hal_pwr_ex.o(i.HAL_PWREx_GetVoltageRange)
    HAL_RCCEx_PeriphCLKConfig                0x08000e41   Thumb Code   682  stm32l4xx_hal_rcc_ex.o(i.HAL_RCCEx_PeriphCLKConfig)
    HAL_RCC_ClockConfig                      0x080010fd   Thumb Code   358  stm32l4xx_hal_rcc.o(i.HAL_RCC_ClockConfig)
    HAL_RCC_GetHCLKFreq                      0x08001275   Thumb Code     6  stm32l4xx_hal_rcc.o(i.HAL_RCC_GetHCLKFreq)
    HAL_RCC_GetSysClockFreq                  0x08001281   Thumb Code   182  stm32l4xx_hal_rcc.o(i.HAL_RCC_GetSysClockFreq)
    HAL_RCC_OscConfig                        0x08001345   Thumb Code  1194  stm32l4xx_hal_rcc.o(i.HAL_RCC_OscConfig)
    HAL_SYSTICK_CLKSourceConfig              0x080017f5   Thumb Code    24  stm32l4xx_hal_cortex.o(i.HAL_SYSTICK_CLKSourceConfig)
    HAL_SYSTICK_Config                       0x0800180d   Thumb Code    40  stm32l4xx_hal_cortex.o(i.HAL_SYSTICK_Config)
    HAL_TIMEx_BreakCallback                  0x08001835   Thumb Code     2  stm32l4xx_hal_tim_ex.o(i.HAL_TIMEx_BreakCallback)
    HAL_TIMEx_CommutationCallback            0x08001837   Thumb Code     2  stm32l4xx_hal_tim_ex.o(i.HAL_TIMEx_CommutationCallback)
    HAL_TIM_IC_CaptureCallback               0x08001839   Thumb Code     2  stm32l4xx_hal_tim.o(i.HAL_TIM_IC_CaptureCallback)
    HAL_TIM_IRQHandler                       0x0800183b   Thumb Code   358  stm32l4xx_hal_tim.o(i.HAL_TIM_IRQHandler)
    HAL_TIM_OC_DelayElapsedCallback          0x080019a1   Thumb Code     2  stm32l4xx_hal_tim.o(i.HAL_TIM_OC_DelayElapsedCallback)
    HAL_TIM_PWM_PulseFinishedCallback        0x080019a3   Thumb Code     2  stm32l4xx_hal_tim.o(i.HAL_TIM_PWM_PulseFinishedCallback)
    HAL_TIM_PeriodElapsedCallback            0x080019a5   Thumb Code    18  wind_hal.o(i.HAL_TIM_PeriodElapsedCallback)
    HAL_TIM_TriggerCallback                  0x080019bd   Thumb Code     2  stm32l4xx_hal_tim.o(i.HAL_TIM_TriggerCallback)
    HAL_UARTEx_WakeupCallback                0x080019bf   Thumb Code     2  stm32l4xx_hal_uart_ex.o(i.HAL_UARTEx_WakeupCallback)
    HAL_UART_ErrorCallback                   0x080019c1   Thumb Code    14  uart.o(i.HAL_UART_ErrorCallback)
    HAL_UART_IRQHandler                      0x080019d1   Thumb Code   328  stm32l4xx_hal_uart.o(i.HAL_UART_IRQHandler)
    HAL_UART_Receive_DMA                     0x08001b1d   Thumb Code   132  stm32l4xx_hal_uart.o(i.HAL_UART_Receive_DMA)
    HAL_UART_RxCpltCallback                  0x08001bad   Thumb Code   106  uart.o(i.HAL_UART_RxCpltCallback)
    HAL_UART_RxHalfCpltCallback              0x08001c29   Thumb Code     2  stm32l4xx_hal_uart.o(i.HAL_UART_RxHalfCpltCallback)
    HAL_UART_TxCpltCallback                  0x08001c2d   Thumb Code    38  uart.o(i.HAL_UART_TxCpltCallback)
    HardFault_Handler                        0x08001c61   Thumb Code     2  stm32l4xx_it.o(i.HardFault_Handler)
    MemManage_Handler                        0x08001c63   Thumb Code     2  stm32l4xx_it.o(i.MemManage_Handler)
    NMI_Handler                              0x08001c65   Thumb Code     2  stm32l4xx_it.o(i.NMI_Handler)
    Rtc_UpdateTime                           0x08001e11   Thumb Code   158  main.o(i.Rtc_UpdateTime)
    SysTick_Handler                          0x08001eb5   Thumb Code    18  stm32l4xx_it.o(i.SysTick_Handler)
    SystemClock_Config                       0x08001ec7   Thumb Code   136  main.o(i.SystemClock_Config)
    SystemInit                               0x08001f51   Thumb Code    56  system_stm32l4xx.o(i.SystemInit)
    TIM1_UP_TIM16_IRQHandler                 0x08001f95   Thumb Code     6  stm32l4xx_it.o(i.TIM1_UP_TIM16_IRQHandler)
    USART1_IRQHandler                        0x08002079   Thumb Code    32  stm32l4xx_it.o(i.USART1_IRQHandler)
    USART2_IRQHandler                        0x0800209d   Thumb Code    32  stm32l4xx_it.o(i.USART2_IRQHandler)
    USART_DMA_Restart                        0x080020c1   Thumb Code   154  uart.o(i.USART_DMA_Restart)
    UartWrite                                0x08002165   Thumb Code   140  uart.o(i.UartWrite)
    UsageFault_Handler                       0x080021f5   Thumb Code     2  stm32l4xx_it.o(i.UsageFault_Handler)
    __0sprintf                               0x080021f9   Thumb Code    34  printfa.o(i.__0sprintf)
    __1sprintf                               0x080021f9   Thumb Code     0  printfa.o(i.__0sprintf)
    __2sprintf                               0x080021f9   Thumb Code     0  printfa.o(i.__0sprintf)
    __c89sprintf                             0x080021f9   Thumb Code     0  printfa.o(i.__0sprintf)
    sprintf                                  0x080021f9   Thumb Code     0  printfa.o(i.__0sprintf)
    __scatterload_copy                       0x08002241   Thumb Code    14  handlers.o(i.__scatterload_copy)
    __scatterload_null                       0x0800224f   Thumb Code     2  handlers.o(i.__scatterload_null)
    __scatterload_zeroinit                   0x08002251   Thumb Code    14  handlers.o(i.__scatterload_zeroinit)
    autosend                                 0x08002b2d   Thumb Code    32  sensor_process.o(i.autosend)
    check_event_autosend                     0x08002b55   Thumb Code   122  sensor_basic.o(i.check_event_autosend)
    main                                     0x08002bdd   Thumb Code   160  main.o(i.main)
    osKernelStart                            0x08002c95   Thumb Code    10  cmsis_os.o(i.osKernelStart)
    osSystickHandler                         0x08002c9f   Thumb Code    20  cmsis_os.o(i.osSystickHandler)
    osThreadCreate                           0x08002cb3   Thumb Code    46  cmsis_os.o(i.osThreadCreate)
    pvPortMalloc                             0x08003145   Thumb Code   210  heap_4.o(i.pvPortMalloc)
    pvTaskIncrementMutexHeldCount            0x0800321d   Thumb Code    18  tasks.o(i.pvTaskIncrementMutexHeldCount)
    pxPortInitialiseStack                    0x08003235   Thumb Code    40  port.o(i.pxPortInitialiseStack)
    startupprint                             0x08003261   Thumb Code    36  sysinit.o(i.startupprint)
    time_task                                0x080032ad   Thumb Code   208  sensor_process.o(i.time_task)
    uartSendStr                              0x08003399   Thumb Code    12  uartprocess.o(i.uartSendStr)
    uxListRemove                             0x080033a9   Thumb Code    36  list.o(i.uxListRemove)
    vListInitialise                          0x080033cd   Thumb Code    22  list.o(i.vListInitialise)
    vListInitialiseItem                      0x080033e3   Thumb Code     6  list.o(i.vListInitialiseItem)
    vListInsert                              0x080033e9   Thumb Code    48  list.o(i.vListInsert)
    vListInsertEnd                           0x08003419   Thumb Code    24  list.o(i.vListInsertEnd)
    vPortEnterCritical                       0x08003431   Thumb Code    54  port.o(i.vPortEnterCritical)
    vPortExitCritical                        0x08003471   Thumb Code    34  port.o(i.vPortExitCritical)
    vPortFree                                0x08003499   Thumb Code    88  heap_4.o(i.vPortFree)
    vPortSetupTimerInterrupt                 0x080034f5   Thumb Code    26  port.o(i.vPortSetupTimerInterrupt)
    vPortValidateInterruptPriority           0x08003515   Thumb Code    74  port.o(i.vPortValidateInterruptPriority)
    vTaskDelay                               0x08003569   Thumb Code    66  tasks.o(i.vTaskDelay)
    vTaskMissedYield                         0x080035b5   Thumb Code     8  tasks.o(i.vTaskMissedYield)
    vTaskPlaceOnEventList                    0x080035c1   Thumb Code    44  tasks.o(i.vTaskPlaceOnEventList)
    vTaskPriorityInherit                     0x080035f1   Thumb Code   124  tasks.o(i.vTaskPriorityInherit)
    vTaskSetTimeOutState                     0x08003675   Thumb Code    30  tasks.o(i.vTaskSetTimeOutState)
    vTaskStartScheduler                      0x08003699   Thumb Code    86  tasks.o(i.vTaskStartScheduler)
    vTaskSuspendAll                          0x08003701   Thumb Code    10  tasks.o(i.vTaskSuspendAll)
    vTaskSwitchContext                       0x08003711   Thumb Code    82  tasks.o(i.vTaskSwitchContext)
    xPortStartScheduler                      0x0800376d   Thumb Code   202  port.o(i.xPortStartScheduler)
    xPortSysTickHandler                      0x0800384d   Thumb Code    38  port.o(i.xPortSysTickHandler)
    xQueueGenericReceive                     0x08003879   Thumb Code   360  queue.o(i.xQueueGenericReceive)
    xQueueGenericSend                        0x080039ed   Thumb Code   346  queue.o(i.xQueueGenericSend)
    xQueueGiveFromISR                        0x08003b4d   Thumb Code   156  queue.o(i.xQueueGiveFromISR)
    xTaskCheckForTimeOut                     0x08003be9   Thumb Code   102  tasks.o(i.xTaskCheckForTimeOut)
    xTaskCreate                              0x08003c55   Thumb Code    86  tasks.o(i.xTaskCreate)
    xTaskGetSchedulerState                   0x08003cb1   Thumb Code    22  tasks.o(i.xTaskGetSchedulerState)
    xTaskIncrementTick                       0x08003ccd   Thumb Code   192  tasks.o(i.xTaskIncrementTick)
    xTaskPriorityDisinherit                  0x08003d95   Thumb Code   144  tasks.o(i.xTaskPriorityDisinherit)
    xTaskRemoveFromEventList                 0x08003e2d   Thumb Code   108  tasks.o(i.xTaskRemoveFromEventList)
    xTaskResumeAll                           0x08003ea1   Thumb Code   182  tasks.o(i.xTaskResumeAll)
    AHBPrescTable                            0x08003f64   Data          16  system_stm32l4xx.o(.constdata)
    MSIRangeTable                            0x08003f74   Data          48  system_stm32l4xx.o(.constdata)
    Region$$Table$$Base                      0x0800402c   Number         0  anon$$obj.o(Region$$Table)
    Region$$Table$$Limit                     0x0800404c   Number         0  anon$$obj.o(Region$$Table)
    SystemCoreClock                          0x20000000   Data           4  system_stm32l4xx.o(.data)
    pxCurrentTCB                             0x20000028   Data           4  tasks.o(.data)
    uwTick                                   0x20000064   Data           4  stm32l4xx_hal.o(.data)
    TIME_Handle                              0x20000068   Data           4  main.o(.data)
    T3IntCounter                             0x20000076   Data           2  wind_hal.o(.data)
    huart1                                   0x20005174   Data         120  uart.o(.bss)
    huart2                                   0x200051ec   Data         120  uart.o(.bss)
    huart3                                   0x20005264   Data         120  uart.o(.bss)
    hdma_usart1_rx                           0x200052dc   Data          72  uart.o(.bss)
    hdma_usart1_tx                           0x20005324   Data          72  uart.o(.bss)
    hdma_usart2_rx                           0x2000536c   Data          72  uart.o(.bss)
    hdma_usart2_tx                           0x200053b4   Data          72  uart.o(.bss)
    buf_t                                    0x200053fc   Data        2048  uart.o(.bss)
    buf_r                                    0x20005bfc   Data        2048  uart.o(.bss)
    uart_send                                0x200063fc   Data          72  uart.o(.bss)
    uart_recv                                0x20006444   Data          72  uart.o(.bss)
    dma_recv                                 0x2000648c   Data         664  uart.o(.bss)
    m_tempdata                               0x20006724   Data         589  main.o(.bss)
    bcm_info                                 0x20006971   Data         715  main.o(.bss)
    FLASH_Store_MinData                      0x20006c3c   Data         108  sensor_basic.o(.bss)
    FLASH_Read_MinData                       0x20006ca8   Data         108  sensor_basic.o(.bss)
    sensors_data                             0x20006d14   Data        2764  sensor_basic.o(.bss)
    buf_cfc_check                            0x200077e0   Data         200  sensor_basic.o(.bss)
    sbuf                                     0x200078a8   Data         220  sensor_basic.o(.bss)
    htim1                                    0x20007984   Data          64  wind_hal.o(.bss)
    __initial_sp                             0x20007df0   Data           0  startup_stm32l431xx.o(STACK)



==============================================================================

Memory Map of the image

  Image Entry point : 0x0800018d

  Load Region LR_IROM1 (Base: 0x08000000, Size: 0x000040d0, Max: 0x00040000, ABSOLUTE)

    Execution Region ER_IROM1 (Exec base: 0x08000000, Load base: 0x08000000, Size: 0x0000404c, Max: 0x00040000, ABSOLUTE)

    Exec Addr    Load Addr    Size         Type   Attr      Idx    E Section Name        Object

    0x08000000   0x08000000   0x0000018c   Data   RO         1446    RESET               startup_stm32l431xx.o
    0x0800018c   0x0800018c   0x00000000   Code   RO         7225  * .ARM.Collect$$$$00000000  mc_w.l(entry.o)
    0x0800018c   0x0800018c   0x00000004   Code   RO         7623    .ARM.Collect$$$$00000001  mc_w.l(entry2.o)
    0x08000190   0x08000190   0x00000004   Code   RO         7626    .ARM.Collect$$$$00000004  mc_w.l(entry5.o)
    0x08000194   0x08000194   0x00000000   Code   RO         7628    .ARM.Collect$$$$00000008  mc_w.l(entry7b.o)
    0x08000194   0x08000194   0x00000000   Code   RO         7630    .ARM.Collect$$$$0000000A  mc_w.l(entry8b.o)
    0x08000194   0x08000194   0x00000008   Code   RO         7631    .ARM.Collect$$$$0000000B  mc_w.l(entry9a.o)
    0x0800019c   0x0800019c   0x00000000   Code   RO         7633    .ARM.Collect$$$$0000000D  mc_w.l(entry10a.o)
    0x0800019c   0x0800019c   0x00000000   Code   RO         7635    .ARM.Collect$$$$0000000F  mc_w.l(entry11a.o)
    0x0800019c   0x0800019c   0x00000004   Code   RO         7624    .ARM.Collect$$$$00002712  mc_w.l(entry2.o)
    0x080001a0   0x080001a0   0x000000da   Code   RO          334    .emb_text           port.o
    0x0800027a   0x0800027a   0x00000002   PAD
    0x0800027c   0x0800027c   0x00000024   Code   RO         1447    .text               startup_stm32l431xx.o
    0x080002a0   0x080002a0   0x00000068   Code   RO         7228    .text               mc_w.l(uldiv.o)
    0x08000308   0x08000308   0x000000a8   Code   RO         7262    .text               mc_w.l(mktime.o)
    0x080003b0   0x080003b0   0x00000024   Code   RO         7265    .text               mc_w.l(memcpya.o)
    0x080003d4   0x080003d4   0x00000024   Code   RO         7267    .text               mc_w.l(memseta.o)
    0x080003f8   0x080003f8   0x0000000e   Code   RO         7273    .text               mc_w.l(strlen.o)
    0x08000406   0x08000406   0x0000015e   Code   RO         7564    .text               mf_w.l(dadd.o)
    0x08000564   0x08000564   0x000000ea   Code   RO         7566    .text               mf_w.l(dmul.o)
    0x0800064e   0x0800064e   0x000000de   Code   RO         7568    .text               mf_w.l(ddiv.o)
    0x0800072c   0x0800072c   0x00000030   Code   RO         7580    .text               mf_w.l(cdrcmple.o)
    0x0800075c   0x0800075c   0x0000002c   Code   RO         7640    .text               mc_w.l(uidiv.o)
    0x08000788   0x08000788   0x0000001e   Code   RO         7642    .text               mc_w.l(llshl.o)
    0x080007a6   0x080007a6   0x00000020   Code   RO         7644    .text               mc_w.l(llushr.o)
    0x080007c6   0x080007c6   0x00000024   Code   RO         7646    .text               mc_w.l(llsshr.o)
    0x080007ea   0x080007ea   0x00000002   PAD
    0x080007ec   0x080007ec   0x0000000c   Code   RO         7648    .text               mc_w.l(localtime_w.o)
    0x080007f8   0x080007f8   0x0000008c   Code   RO         7651    .text               mc_w.l(localtime_i.o)
    0x08000884   0x08000884   0x00000000   Code   RO         7671    .text               mc_w.l(iusefp.o)
    0x08000884   0x08000884   0x000000ba   Code   RO         7674    .text               mf_w.l(depilogue.o)
    0x0800093e   0x0800093e   0x00000030   Code   RO         7686    .text               mf_w.l(dfixul.o)
    0x0800096e   0x0800096e   0x00000002   PAD
    0x08000970   0x08000970   0x00000024   Code   RO         7688    .text               mc_w.l(init.o)
    0x08000994   0x08000994   0x00000002   Code   RO         5931    i.BusFault_Handler  stm32l4xx_it.o
    0x08000996   0x08000996   0x0000002c   Code   RO         6686    i.Convert_Sec_to_Time  sensor_basic.o
    0x080009c2   0x080009c2   0x00000002   PAD
    0x080009c4   0x080009c4   0x00000040   Code   RO         6687    i.Convert_Time_to_min  sensor_basic.o
    0x08000a04   0x08000a04   0x0000000c   Code   RO         5932    i.DMA1_Channel4_IRQHandler  stm32l4xx_it.o
    0x08000a10   0x08000a10   0x0000000c   Code   RO         5933    i.DMA1_Channel5_IRQHandler  stm32l4xx_it.o
    0x08000a1c   0x08000a1c   0x0000000c   Code   RO         5934    i.DMA2_Channel6_IRQHandler  stm32l4xx_it.o
    0x08000a28   0x08000a28   0x0000000c   Code   RO         5935    i.DMA2_Channel7_IRQHandler  stm32l4xx_it.o
    0x08000a34   0x08000a34   0x0000002a   Code   RO         2791    i.DMA_SetConfig     stm32l4xx_hal_dma.o
    0x08000a5e   0x08000a5e   0x00000002   PAD
    0x08000a60   0x08000a60   0x00000020   Code   RO         6432    i.Datetime_up       main.o
    0x08000a80   0x08000a80   0x00000002   Code   RO         5936    i.DebugMon_Handler  stm32l4xx_it.o
    0x08000a82   0x08000a82   0x00000006   Code   RO         5937    i.EXTI4_IRQHandler  stm32l4xx_it.o
    0x08000a88   0x08000a88   0x00000036   Code   RO         2792    i.HAL_DMA_Abort     stm32l4xx_hal_dma.o
    0x08000abe   0x08000abe   0x0000004a   Code   RO         2793    i.HAL_DMA_Abort_IT  stm32l4xx_hal_dma.o
    0x08000b08   0x08000b08   0x000000a8   Code   RO         2797    i.HAL_DMA_IRQHandler  stm32l4xx_hal_dma.o
    0x08000bb0   0x08000bb0   0x00000070   Code   RO         2802    i.HAL_DMA_Start_IT  stm32l4xx_hal_dma.o
    0x08000c20   0x08000c20   0x0000002c   Code   RO         6912    i.HAL_GPIO_EXTI_Callback  wind_hal.o
    0x08000c4c   0x08000c4c   0x00000018   Code   RO         3032    i.HAL_GPIO_EXTI_IRQHandler  stm32l4xx_hal_gpio.o
    0x08000c64   0x08000c64   0x0000000a   Code   RO         3035    i.HAL_GPIO_ReadPin  stm32l4xx_hal_gpio.o
    0x08000c6e   0x08000c6e   0x00000002   PAD
    0x08000c70   0x08000c70   0x0000000c   Code   RO         2112    i.HAL_GetTick       stm32l4xx_hal.o
    0x08000c7c   0x08000c7c   0x00000010   Code   RO         2116    i.HAL_IncTick       stm32l4xx_hal.o
    0x08000c8c   0x08000c8c   0x00000016   Code   RO         2117    i.HAL_Init          stm32l4xx_hal.o
    0x08000ca2   0x08000ca2   0x00000002   PAD
    0x08000ca4   0x08000ca4   0x00000028   Code   RO         2118    i.HAL_InitTick      stm32l4xx_hal.o
    0x08000ccc   0x08000ccc   0x00000080   Code   RO         6433    i.HAL_MspInit       main.o
    0x08000d4c   0x08000d4c   0x0000001a   Code   RO         2671    i.HAL_NVIC_EnableIRQ  stm32l4xx_hal_cortex.o
    0x08000d66   0x08000d66   0x00000002   PAD
    0x08000d68   0x08000d68   0x00000040   Code   RO         2677    i.HAL_NVIC_SetPriority  stm32l4xx_hal_cortex.o
    0x08000da8   0x08000da8   0x00000024   Code   RO         2678    i.HAL_NVIC_SetPriorityGrouping  stm32l4xx_hal_cortex.o
    0x08000dcc   0x08000dcc   0x00000064   Code   RO         5583    i.HAL_PWREx_ControlVoltageScaling  stm32l4xx_hal_pwr_ex.o
    0x08000e30   0x08000e30   0x00000010   Code   RO         5606    i.HAL_PWREx_GetVoltageRange  stm32l4xx_hal_pwr_ex.o
    0x08000e40   0x08000e40   0x000002ba   Code   RO         5330    i.HAL_RCCEx_PeriphCLKConfig  stm32l4xx_hal_rcc_ex.o
    0x080010fa   0x080010fa   0x00000002   PAD
    0x080010fc   0x080010fc   0x00000178   Code   RO         4881    i.HAL_RCC_ClockConfig  stm32l4xx_hal_rcc.o
    0x08001274   0x08001274   0x0000000c   Code   RO         4885    i.HAL_RCC_GetHCLKFreq  stm32l4xx_hal_rcc.o
    0x08001280   0x08001280   0x000000c4   Code   RO         4889    i.HAL_RCC_GetSysClockFreq  stm32l4xx_hal_rcc.o
    0x08001344   0x08001344   0x000004b0   Code   RO         4892    i.HAL_RCC_OscConfig  stm32l4xx_hal_rcc.o
    0x080017f4   0x080017f4   0x00000018   Code   RO         2680    i.HAL_SYSTICK_CLKSourceConfig  stm32l4xx_hal_cortex.o
    0x0800180c   0x0800180c   0x00000028   Code   RO         2682    i.HAL_SYSTICK_Config  stm32l4xx_hal_cortex.o
    0x08001834   0x08001834   0x00000002   Code   RO         4219    i.HAL_TIMEx_BreakCallback  stm32l4xx_hal_tim_ex.o
    0x08001836   0x08001836   0x00000002   Code   RO         4220    i.HAL_TIMEx_CommutationCallback  stm32l4xx_hal_tim_ex.o
    0x08001838   0x08001838   0x00000002   Code   RO         3609    i.HAL_TIM_IC_CaptureCallback  stm32l4xx_hal_tim.o
    0x0800183a   0x0800183a   0x00000166   Code   RO         3622    i.HAL_TIM_IRQHandler  stm32l4xx_hal_tim.o
    0x080019a0   0x080019a0   0x00000002   Code   RO         3625    i.HAL_TIM_OC_DelayElapsedCallback  stm32l4xx_hal_tim.o
    0x080019a2   0x080019a2   0x00000002   Code   RO         3652    i.HAL_TIM_PWM_PulseFinishedCallback  stm32l4xx_hal_tim.o
    0x080019a4   0x080019a4   0x00000018   Code   RO         6913    i.HAL_TIM_PeriodElapsedCallback  wind_hal.o
    0x080019bc   0x080019bc   0x00000002   Code   RO         3663    i.HAL_TIM_TriggerCallback  stm32l4xx_hal_tim.o
    0x080019be   0x080019be   0x00000002   Code   RO         4831    i.HAL_UARTEx_WakeupCallback  stm32l4xx_hal_uart_ex.o
    0x080019c0   0x080019c0   0x0000000e   Code   RO         1643    i.HAL_UART_ErrorCallback  uart.o
    0x080019ce   0x080019ce   0x00000002   PAD
    0x080019d0   0x080019d0   0x0000014c   Code   RO         4495    i.HAL_UART_IRQHandler  stm32l4xx_hal_uart.o
    0x08001b1c   0x08001b1c   0x00000090   Code   RO         4500    i.HAL_UART_Receive_DMA  stm32l4xx_hal_uart.o
    0x08001bac   0x08001bac   0x0000007c   Code   RO         1645    i.HAL_UART_RxCpltCallback  uart.o
    0x08001c28   0x08001c28   0x00000002   Code   RO         4503    i.HAL_UART_RxHalfCpltCallback  stm32l4xx_hal_uart.o
    0x08001c2a   0x08001c2a   0x00000002   PAD
    0x08001c2c   0x08001c2c   0x00000034   Code   RO         1646    i.HAL_UART_TxCpltCallback  uart.o
    0x08001c60   0x08001c60   0x00000002   Code   RO         5938    i.HardFault_Handler  stm32l4xx_it.o
    0x08001c62   0x08001c62   0x00000002   Code   RO         5939    i.MemManage_Handler  stm32l4xx_it.o
    0x08001c64   0x08001c64   0x00000002   Code   RO         5940    i.NMI_Handler       stm32l4xx_it.o
    0x08001c66   0x08001c66   0x00000002   PAD
    0x08001c68   0x08001c68   0x0000012c   Code   RO         5333    i.RCCEx_PLLSAI1_Config  stm32l4xx_hal_rcc_ex.o
    0x08001d94   0x08001d94   0x0000007c   Code   RO         4893    i.RCC_SetFlashLatencyFromMSIRange  stm32l4xx_hal_rcc.o
    0x08001e10   0x08001e10   0x000000a4   Code   RO         6434    i.Rtc_UpdateTime    main.o
    0x08001eb4   0x08001eb4   0x00000012   Code   RO         5941    i.SysTick_Handler   stm32l4xx_it.o
    0x08001ec6   0x08001ec6   0x00000088   Code   RO         6435    i.SystemClock_Config  main.o
    0x08001f4e   0x08001f4e   0x00000002   PAD
    0x08001f50   0x08001f50   0x00000044   Code   RO            5    i.SystemInit        system_stm32l4xx.o
    0x08001f94   0x08001f94   0x0000000c   Code   RO         5942    i.TIM1_UP_TIM16_IRQHandler  stm32l4xx_it.o
    0x08001fa0   0x08001fa0   0x00000014   Code   RO         4511    i.UART_DMAAbortOnError  stm32l4xx_hal_uart.o
    0x08001fb4   0x08001fb4   0x0000004a   Code   RO         4512    i.UART_DMAError     stm32l4xx_hal_uart.o
    0x08001ffe   0x08001ffe   0x0000003e   Code   RO         4513    i.UART_DMAReceiveCplt  stm32l4xx_hal_uart.o
    0x0800203c   0x0800203c   0x0000000a   Code   RO         4515    i.UART_DMARxHalfCplt  stm32l4xx_hal_uart.o
    0x08002046   0x08002046   0x00000020   Code   RO         4521    i.UART_EndRxTransfer  stm32l4xx_hal_uart.o
    0x08002066   0x08002066   0x00000012   Code   RO         4522    i.UART_EndTxTransfer  stm32l4xx_hal_uart.o
    0x08002078   0x08002078   0x00000024   Code   RO         5943    i.USART1_IRQHandler  stm32l4xx_it.o
    0x0800209c   0x0800209c   0x00000024   Code   RO         5944    i.USART2_IRQHandler  stm32l4xx_it.o
    0x080020c0   0x080020c0   0x000000a4   Code   RO         1649    i.USART_DMA_Restart  uart.o
    0x08002164   0x08002164   0x00000090   Code   RO         1656    i.UartWrite         uart.o
    0x080021f4   0x080021f4   0x00000002   Code   RO         5945    i.UsageFault_Handler  stm32l4xx_it.o
    0x080021f6   0x080021f6   0x00000002   PAD
    0x080021f8   0x080021f8   0x00000028   Code   RO         7526    i.__0sprintf        mc_w.l(printfa.o)
    0x08002220   0x08002220   0x00000020   Code   RO         2684    i.__NVIC_SetPriority  stm32l4xx_hal_cortex.o
    0x08002240   0x08002240   0x0000000e   Code   RO         7703    i.__scatterload_copy  mc_w.l(handlers.o)
    0x0800224e   0x0800224e   0x00000002   Code   RO         7704    i.__scatterload_null  mc_w.l(handlers.o)
    0x08002250   0x08002250   0x0000000e   Code   RO         7705    i.__scatterload_zeroinit  mc_w.l(handlers.o)
    0x0800225e   0x0800225e   0x00000002   PAD
    0x08002260   0x08002260   0x0000018a   Code   RO         7531    i._fp_digits        mc_w.l(printfa.o)
    0x080023ea   0x080023ea   0x00000002   PAD
    0x080023ec   0x080023ec   0x000006e2   Code   RO         7532    i._printf_core      mc_w.l(printfa.o)
    0x08002ace   0x08002ace   0x00000024   Code   RO         7533    i._printf_post_padding  mc_w.l(printfa.o)
    0x08002af2   0x08002af2   0x0000002e   Code   RO         7534    i._printf_pre_padding  mc_w.l(printfa.o)
    0x08002b20   0x08002b20   0x0000000a   Code   RO         7536    i._sputc            mc_w.l(printfa.o)
    0x08002b2a   0x08002b2a   0x00000002   PAD
    0x08002b2c   0x08002b2c   0x00000028   Code   RO         6852    i.autosend          sensor_process.o
    0x08002b54   0x08002b54   0x00000088   Code   RO         6693    i.check_event_autosend  sensor_basic.o
    0x08002bdc   0x08002bdc   0x000000ac   Code   RO         6437    i.main              main.o
    0x08002c88   0x08002c88   0x0000000c   Code   RO         1056    i.makeFreeRtosPriority  cmsis_os.o
    0x08002c94   0x08002c94   0x0000000a   Code   RO         1061    i.osKernelStart     cmsis_os.o
    0x08002c9e   0x08002c9e   0x00000014   Code   RO         1094    i.osSystickHandler  cmsis_os.o
    0x08002cb2   0x08002cb2   0x0000002e   Code   RO         1095    i.osThreadCreate    cmsis_os.o
    0x08002ce0   0x08002ce0   0x00000070   Code   RO          726    i.prvAddCurrentTaskToDelayedList  tasks.o
    0x08002d50   0x08002d50   0x000000d0   Code   RO          727    i.prvAddNewTaskToReadyList  tasks.o
    0x08002e20   0x08002e20   0x00000050   Code   RO          728    i.prvCheckTasksWaitingTermination  tasks.o
    0x08002e70   0x08002e70   0x00000026   Code   RO          543    i.prvCopyDataFromQueue  queue.o
    0x08002e96   0x08002e96   0x0000006c   Code   RO          544    i.prvCopyDataToQueue  queue.o
    0x08002f02   0x08002f02   0x00000014   Code   RO          729    i.prvDeleteTCB      tasks.o
    0x08002f16   0x08002f16   0x00000002   PAD
    0x08002f18   0x08002f18   0x0000004c   Code   RO          260    i.prvHeapInit       heap_4.o
    0x08002f64   0x08002f64   0x00000028   Code   RO          730    i.prvIdleTask       tasks.o
    0x08002f8c   0x08002f8c   0x0000009c   Code   RO          731    i.prvInitialiseNewTask  tasks.o
    0x08003028   0x08003028   0x0000004c   Code   RO          261    i.prvInsertBlockIntoFreeList  heap_4.o
    0x08003074   0x08003074   0x0000001c   Code   RO          545    i.prvIsQueueEmpty   queue.o
    0x08003090   0x08003090   0x00000020   Code   RO          733    i.prvResetNextTaskUnblockTime  tasks.o
    0x080030b0   0x080030b0   0x00000028   Code   RO          335    i.prvTaskExitError  port.o
    0x080030d8   0x080030d8   0x0000006a   Code   RO          546    i.prvUnlockQueue    queue.o
    0x08003142   0x08003142   0x00000002   PAD
    0x08003144   0x08003144   0x000000d8   Code   RO          262    i.pvPortMalloc      heap_4.o
    0x0800321c   0x0800321c   0x00000018   Code   RO          735    i.pvTaskIncrementMutexHeldCount  tasks.o
    0x08003234   0x08003234   0x0000002c   Code   RO          336    i.pxPortInitialiseStack  port.o
    0x08003260   0x08003260   0x0000004c   Code   RO         6539    i.startupprint      sysinit.o
    0x080032ac   0x080032ac   0x000000ec   Code   RO         6855    i.time_task         sensor_process.o
    0x08003398   0x08003398   0x00000010   Code   RO         6629    i.uartSendStr       uartprocess.o
    0x080033a8   0x080033a8   0x00000024   Code   RO          506    i.uxListRemove      list.o
    0x080033cc   0x080033cc   0x00000016   Code   RO          507    i.vListInitialise   list.o
    0x080033e2   0x080033e2   0x00000006   Code   RO          508    i.vListInitialiseItem  list.o
    0x080033e8   0x080033e8   0x00000030   Code   RO          509    i.vListInsert       list.o
    0x08003418   0x08003418   0x00000018   Code   RO          510    i.vListInsertEnd    list.o
    0x08003430   0x08003430   0x00000040   Code   RO          338    i.vPortEnterCritical  port.o
    0x08003470   0x08003470   0x00000028   Code   RO          339    i.vPortExitCritical  port.o
    0x08003498   0x08003498   0x0000005c   Code   RO          263    i.vPortFree         heap_4.o
    0x080034f4   0x080034f4   0x00000020   Code   RO          340    i.vPortSetupTimerInterrupt  port.o
    0x08003514   0x08003514   0x00000054   Code   RO          341    i.vPortValidateInterruptPriority  port.o
    0x08003568   0x08003568   0x0000004c   Code   RO          743    i.vTaskDelay        tasks.o
    0x080035b4   0x080035b4   0x0000000c   Code   RO          748    i.vTaskMissedYield  tasks.o
    0x080035c0   0x080035c0   0x00000030   Code   RO          750    i.vTaskPlaceOnEventList  tasks.o
    0x080035f0   0x080035f0   0x00000084   Code   RO          752    i.vTaskPriorityInherit  tasks.o
    0x08003674   0x08003674   0x00000024   Code   RO          756    i.vTaskSetTimeOutState  tasks.o
    0x08003698   0x08003698   0x00000068   Code   RO          757    i.vTaskStartScheduler  tasks.o
    0x08003700   0x08003700   0x00000010   Code   RO          759    i.vTaskSuspendAll   tasks.o
    0x08003710   0x08003710   0x0000005c   Code   RO          760    i.vTaskSwitchContext  tasks.o
    0x0800376c   0x0800376c   0x000000e0   Code   RO          342    i.xPortStartScheduler  port.o
    0x0800384c   0x0800384c   0x0000002c   Code   RO          343    i.xPortSysTickHandler  port.o
    0x08003878   0x08003878   0x00000172   Code   RO          559    i.xQueueGenericReceive  queue.o
    0x080039ea   0x080039ea   0x00000002   PAD
    0x080039ec   0x080039ec   0x00000160   Code   RO          561    i.xQueueGenericSend  queue.o
    0x08003b4c   0x08003b4c   0x0000009c   Code   RO          564    i.xQueueGiveFromISR  queue.o
    0x08003be8   0x08003be8   0x0000006c   Code   RO          761    i.xTaskCheckForTimeOut  tasks.o
    0x08003c54   0x08003c54   0x0000005c   Code   RO          762    i.xTaskCreate       tasks.o
    0x08003cb0   0x08003cb0   0x0000001c   Code   RO          766    i.xTaskGetSchedulerState  tasks.o
    0x08003ccc   0x08003ccc   0x000000c8   Code   RO          769    i.xTaskIncrementTick  tasks.o
    0x08003d94   0x08003d94   0x00000098   Code   RO          772    i.xTaskPriorityDisinherit  tasks.o
    0x08003e2c   0x08003e2c   0x00000074   Code   RO          773    i.xTaskRemoveFromEventList  tasks.o
    0x08003ea0   0x08003ea0   0x000000c4   Code   RO          775    i.xTaskResumeAll    tasks.o
    0x08003f64   0x08003f64   0x00000040   Data   RO            6    .constdata          system_stm32l4xx.o
    0x08003fa4   0x08003fa4   0x00000014   Data   RO         6445    .constdata          main.o
    0x08003fb8   0x08003fb8   0x0000000c   Data   RO         7263    .constdata          mc_w.l(mktime.o)
    0x08003fc4   0x08003fc4   0x0000000c   Data   RO         7652    .constdata          mc_w.l(localtime_i.o)
    0x08003fd0   0x08003fd0   0x00000005   Data   RO         6446    .conststring        main.o
    0x08003fd5   0x08003fd5   0x00000003   PAD
    0x08003fd8   0x08003fd8   0x00000051   Data   RO         6544    .conststring        sysinit.o
    0x08004029   0x08004029   0x00000003   PAD
    0x0800402c   0x0800402c   0x00000020   Data   RO         7701    Region$$Table       anon$$obj.o


    Execution Region RW_IRAM1 (Exec base: 0x20000000, Load base: 0x0800404c, Size: 0x00007df0, Max: 0x00010000, ABSOLUTE)

    Exec Addr    Load Addr    Size         Type   Attr      Idx    E Section Name        Object

    0x20000000   0x0800404c   0x00000004   Data   RW            8    .data               system_stm32l4xx.o
    0x20000004   0x08004050   0x00000018   Data   RW          268    .data               heap_4.o
    0x2000001c   0x08004068   0x0000000c   Data   RW          344    .data               port.o
    0x20000028   0x08004074   0x0000003c   Data   RW          778    .data               tasks.o
    0x20000064   0x080040b0   0x00000004   Data   RW         2133    .data               stm32l4xx_hal.o
    0x20000068   0x080040b4   0x00000004   Data   RW         6448    .data               main.o
    0x2000006c   0x080040b8   0x00000008   Data   RW         6858    .data               sensor_process.o
    0x20000074   0x080040c0   0x00000010   Data   RW         6921    .data               wind_hal.o
    0x20000084        -       0x00005000   Zero   RW          267    .bss                heap_4.o
    0x20005084        -       0x000000f0   Zero   RW          777    .bss                tasks.o
    0x20005174        -       0x000015b0   Zero   RW         1658    .bss                uart.o
    0x20006724        -       0x0000024d   Zero   RW         6442    .bss                main.o
    0x20006971        -       0x000002cb   Zero   RW         6444    .bss                main.o
    0x20006c3c        -       0x00000d48   Zero   RW         6704    .bss                sensor_basic.o
    0x20007984        -       0x00000040   Zero   RW         6920    .bss                wind_hal.o
    0x200079c4        -       0x0000002c   Zero   RW         7649    .bss                mc_w.l(localtime_w.o)
    0x200079f0        -       0x00000400   Zero   RW         1444    STACK               startup_stm32l431xx.o


==============================================================================

Image component sizes


      Code (inc. data)   RO Data    RW Data    ZI Data      Debug   Object Name

        88          0          0          0          0      12362   cmsis_os.o
         0          0          0          0          0       8162   ds3231.o
         0          0          0          0          0       7920   event_groups.o
       460         24          0         24      20480      11203   heap_4.o
       136          0          0          0          0       3174   list.o
       632         30         25          4       1304       7850   main.o
       790         84          0         12          0      11229   port.o
      1158         10          0          0          0       9407   queue.o
       244         20          0          0       3400       4173   sensor_basic.o
       276         36          0          8          0       1643   sensor_process.o
        36          8        396          0       1024        792   startup_stm32l431xx.o
        90         18          0          4          0       3355   stm32l4xx_hal.o
       222         14          0          0          0      34513   stm32l4xx_hal_cortex.o
       450          0          0          0          0       4191   stm32l4xx_hal_dma.o
        34          6          0          0          0       1914   stm32l4xx_hal_gpio.o
       116         20          0          0          0       1310   stm32l4xx_hal_pwr_ex.o
      1908         72          0          0          0       5970   stm32l4xx_hal_rcc.o
       998         32          0          0          0       2880   stm32l4xx_hal_rcc_ex.o
       366          0          0          0          0       4264   stm32l4xx_hal_tim.o
         4          0          0          0          0       1614   stm32l4xx_hal_tim_ex.o
       694         16          0          0          0       6759   stm32l4xx_hal_uart.o
         2          0          0          0          0        944   stm32l4xx_hal_uart_ex.o
       168         38          0          0          0       6965   stm32l4xx_it.o
        76         40         81          0          0        543   sysinit.o
        68         12         64          4          0     695185   system_stm32l4xx.o
      2080        170          0         60        240      20825   tasks.o
       498         46          0          0       5552       4488   uart.o
        16          4          0          0          0        962   uartprocess.o
        68         12          0         16         64       2711   wind_hal.o

    ----------------------------------------------------------------------
     11708        712        604        132      32064     877308   Object Totals
         0          0         32          0          0          0   (incl. Generated)
        30          0          6          0          0          0   (incl. Padding)

    ----------------------------------------------------------------------

      Code (inc. data)   RO Data    RW Data    ZI Data      Debug   Library Member Name

         0          0          0          0          0          0   entry.o
         0          0          0          0          0          0   entry10a.o
         0          0          0          0          0          0   entry11a.o
         8          4          0          0          0          0   entry2.o
         4          0          0          0          0          0   entry5.o
         0          0          0          0          0          0   entry7b.o
         0          0          0          0          0          0   entry8b.o
         8          4          0          0          0          0   entry9a.o
        30          0          0          0          0          0   handlers.o
        36          8          0          0          0         68   init.o
         0          0          0          0          0          0   iusefp.o
        30          0          0          0          0         68   llshl.o
        36          0          0          0          0         68   llsshr.o
        32          0          0          0          0         68   llushr.o
       140          6         12          0          0         76   localtime_i.o
        12          6          0          0         44         68   localtime_w.o
        36          0          0          0          0         68   memcpya.o
        36          0          0          0          0        108   memseta.o
       168         18         12          0          0         80   mktime.o
      2288         86          0          0          0        520   printfa.o
        14          0          0          0          0         68   strlen.o
        44          0          0          0          0         80   uidiv.o
       104          0          0          0          0         92   uldiv.o
        48          0          0          0          0         68   cdrcmple.o
       350          0          0          0          0        148   dadd.o
       222          0          0          0          0        100   ddiv.o
       186          0          0          0          0        176   depilogue.o
        48          0          0          0          0         68   dfixul.o
       234          0          0          0          0         96   dmul.o

    ----------------------------------------------------------------------
      4124        132         24          0         44       2088   Library Totals
        10          0          0          0          0          0   (incl. Padding)

    ----------------------------------------------------------------------

      Code (inc. data)   RO Data    RW Data    ZI Data      Debug   Library Name

      3026        132         24          0         44       1432   mc_w.l
      1088          0          0          0          0        656   mf_w.l

    ----------------------------------------------------------------------
      4124        132         24          0         44       2088   Library Totals

    ----------------------------------------------------------------------

==============================================================================


      Code (inc. data)   RO Data    RW Data    ZI Data      Debug   

     15832        844        628        132      32108     866208   Grand Totals
     15832        844        628        132      32108     866208   ELF Image Totals
     15832        844        628        132          0          0   ROM Totals

==============================================================================

    Total RO  Size (Code + RO Data)                16460 (  16.07kB)
    Total RW  Size (RW Data + ZI Data)             32240 (  31.48kB)
    Total ROM Size (Code + RO Data + RW Data)      16592 (  16.20kB)

==============================================================================

