<html>
<body>
<pre>
<h1>µVision Build Log</h1>
<h2>Tool Versions:</h2>
IDE-Version: ¦ÌVision V5.24.2.0
Copyright (C) 2017 ARM Ltd and ARM Germany GmbH. All rights reserved.
License Information: a a, a, LIC=DSNVE-5G66K-IMA9B-2HARA-TK5DJ-3UB6V
 
Tool Versions:
Toolchain:       MDK-ARM Professional  Version: 5.24.1
Toolchain Path:  C:\Keil_v5\ARM\ARMCC\Bin
C Compiler:      Armcc.exe V5.06 update 5 (build 528)
Assembler:       Armasm.exe V5.06 update 5 (build 528)
Linker/Locator:  ArmLink.exe V5.06 update 5 (build 528)
Library Manager: ArmAr.exe V5.06 update 5 (build 528)
Hex Converter:   FromElf.exe V5.06 update 5 (build 528)
CPU DLL:         SARMCM3.DLL V5.24.1
Dialog DLL:      DCM.DLL V1.16.0.0
Target DLL:      STLink\ST-LINKIII-KEIL_SWO.dll V3.0.1.0
Dialog DLL:      TCM.DLL V1.32.0.0
 
<h2>Project:</h2>
D:\work\FreeRTOS\MDK-ARM\Project.uvprojx
Project File Date:  11/12/2019

<h2>Output:</h2>
*** Using Compiler 'V5.06 update 5 (build 528)', folder: 'C:\Keil_v5\ARM\ARMCC\Bin'
Build target 'STM32L476G-Discovery'
compiling uart.c...
..\APP\sensor\sensor_process.h(15): warning:  #1295-D: Deprecated declaration autosend - give arg types
  void autosend();
..\APP\sensor\sensor_process.h(18): warning:  #1295-D: Deprecated declaration Self_test - give arg types
  void Self_test();
..\APP\sensor\1_earthTemp\EarthTemp_Sensor.h(85): warning:  #1295-D: Deprecated declaration Init_sys_cfg - give arg types
  void Init_sys_cfg();
..\APP\sensor\1_earthTemp\EarthTemp_hal.h(30): warning:  #1295-D: Deprecated declaration hal_sensor_init - give arg types
  extern void hal_sensor_init();
..\BSP\uart.c(483): warning:  #177-D: variable "stat"  was declared but never referenced
  	uint8_t stat = 0;
..\BSP\uart.c: 5 warnings, 0 errors
linking...
Program Size: Code=56924 RO-data=2352 RW-data=276 ZI-data=37148  
"STM32L476G-Discovery\STM32L476G-Discovery.axf" - 0 Error(s), 5 Warning(s).

<h2>Software Packages used:</h2>

Package Vendor: ARM
                http://www.keil.com/pack/ARM.CMSIS.5.0.1.pack
                ARM.CMSIS.5.0.1
                CMSIS (Cortex Microcontroller Software Interface Standard)
   * Component: CORE Version: 5.0.1

Package Vendor: Keil
                http://www.keil.com/pack/Keil.STM32L4xx_DFP.2.1.0.pack
                Keil.STM32L4xx_DFP.2.1.0
                STMicroelectronics STM32L4 Series Device Support, Drivers and Examples

<h2>Collection of Component include folders:</h2>
  .\RTE\_STM32L476G-Discovery
  C:\Keil_v5\ARM\PACK\ARM\CMSIS\5.0.1\CMSIS\Include
  C:\Keil_v5\ARM\PACK\Keil\STM32L4xx_DFP\2.1.0\Drivers\CMSIS\Device\ST\STM32L4xx\Include

<h2>Collection of Component Files used:</h2>

   * Component: ARM::CMSIS:CORE:5.0.1
Build Time Elapsed:  00:00:03
</pre>
</body>
</html>
