Component: ARM Compiler 5.06 update 6 (build 750) Tool: armlink [4d35ed]

==============================================================================

Section Cross References

    system_stm32l4xx.o(i.SystemCoreClockUpdate) refers to system_stm32l4xx.o(.constdata) for .constdata
    system_stm32l4xx.o(i.SystemCoreClockUpdate) refers to system_stm32l4xx.o(.data) for .data
    heap_4.o(i.prvHeapInit) refers to heap_4.o(.bss) for .bss
    heap_4.o(i.prvHeapInit) refers to heap_4.o(.data) for .data
    heap_4.o(i.prvInsertBlockIntoFreeList) refers to heap_4.o(.data) for .data
    heap_4.o(i.pvPortMalloc) refers to tasks.o(i.vTaskSuspendAll) for vTaskSuspendAll
    heap_4.o(i.pvPortMalloc) refers to heap_4.o(i.prvHeapInit) for prvHeapInit
    heap_4.o(i.pvPortMalloc) refers to heap_4.o(i.prvInsertBlockIntoFreeList) for prvInsertBlockIntoFreeList
    heap_4.o(i.pvPortMalloc) refers to tasks.o(i.xTaskResumeAll) for xTaskResumeAll
    heap_4.o(i.pvPortMalloc) refers to heap_4.o(.data) for .data
    heap_4.o(i.vPortFree) refers to tasks.o(i.vTaskSuspendAll) for vTaskSuspendAll
    heap_4.o(i.vPortFree) refers to heap_4.o(i.prvInsertBlockIntoFreeList) for prvInsertBlockIntoFreeList
    heap_4.o(i.vPortFree) refers to tasks.o(i.xTaskResumeAll) for xTaskResumeAll
    heap_4.o(i.vPortFree) refers to heap_4.o(.data) for .data
    heap_4.o(i.xPortGetFreeHeapSize) refers to heap_4.o(.data) for .data
    heap_4.o(i.xPortGetMinimumEverFreeHeapSize) refers to heap_4.o(.data) for .data
    port.o(.emb_text) refers to tasks.o(i.vTaskSwitchContext) for vTaskSwitchContext
    port.o(.emb_text) refers to tasks.o(.data) for pxCurrentTCB
    port.o(i.prvTaskExitError) refers to port.o(.data) for .data
    port.o(i.pxPortInitialiseStack) refers to port.o(i.prvTaskExitError) for prvTaskExitError
    port.o(i.vPortEndScheduler) refers to port.o(.data) for .data
    port.o(i.vPortEnterCritical) refers to port.o(.data) for .data
    port.o(i.vPortExitCritical) refers to port.o(.data) for .data
    port.o(i.vPortSetupTimerInterrupt) refers to system_stm32l4xx.o(.data) for SystemCoreClock
    port.o(i.vPortValidateInterruptPriority) refers to port.o(.emb_text) for vPortGetIPSR
    port.o(i.vPortValidateInterruptPriority) refers to port.o(.data) for .data
    port.o(i.xPortStartScheduler) refers to port.o(i.vPortSetupTimerInterrupt) for vPortSetupTimerInterrupt
    port.o(i.xPortStartScheduler) refers to port.o(.emb_text) for __asm___6_port_c_39a90d8d__prvEnableVFP
    port.o(i.xPortStartScheduler) refers to port.o(.data) for .data
    port.o(i.xPortSysTickHandler) refers to tasks.o(i.xTaskIncrementTick) for xTaskIncrementTick
    event_groups.o(i.vEventGroupClearBitsCallback) refers to event_groups.o(i.xEventGroupClearBits) for xEventGroupClearBits
    event_groups.o(i.vEventGroupDelete) refers to tasks.o(i.vTaskSuspendAll) for vTaskSuspendAll
    event_groups.o(i.vEventGroupDelete) refers to tasks.o(i.xTaskRemoveFromUnorderedEventList) for xTaskRemoveFromUnorderedEventList
    event_groups.o(i.vEventGroupDelete) refers to heap_4.o(i.vPortFree) for vPortFree
    event_groups.o(i.vEventGroupDelete) refers to tasks.o(i.xTaskResumeAll) for xTaskResumeAll
    event_groups.o(i.vEventGroupSetBitsCallback) refers to event_groups.o(i.xEventGroupSetBits) for xEventGroupSetBits
    event_groups.o(i.xEventGroupClearBits) refers to port.o(i.vPortEnterCritical) for vPortEnterCritical
    event_groups.o(i.xEventGroupClearBits) refers to port.o(i.vPortExitCritical) for vPortExitCritical
    event_groups.o(i.xEventGroupCreate) refers to heap_4.o(i.pvPortMalloc) for pvPortMalloc
    event_groups.o(i.xEventGroupCreate) refers to list.o(i.vListInitialise) for vListInitialise
    event_groups.o(i.xEventGroupSetBits) refers to tasks.o(i.vTaskSuspendAll) for vTaskSuspendAll
    event_groups.o(i.xEventGroupSetBits) refers to tasks.o(i.xTaskRemoveFromUnorderedEventList) for xTaskRemoveFromUnorderedEventList
    event_groups.o(i.xEventGroupSetBits) refers to tasks.o(i.xTaskResumeAll) for xTaskResumeAll
    event_groups.o(i.xEventGroupSync) refers to tasks.o(i.xTaskGetSchedulerState) for xTaskGetSchedulerState
    event_groups.o(i.xEventGroupSync) refers to tasks.o(i.vTaskSuspendAll) for vTaskSuspendAll
    event_groups.o(i.xEventGroupSync) refers to event_groups.o(i.xEventGroupSetBits) for xEventGroupSetBits
    event_groups.o(i.xEventGroupSync) refers to tasks.o(i.vTaskPlaceOnUnorderedEventList) for vTaskPlaceOnUnorderedEventList
    event_groups.o(i.xEventGroupSync) refers to tasks.o(i.xTaskResumeAll) for xTaskResumeAll
    event_groups.o(i.xEventGroupSync) refers to tasks.o(i.uxTaskResetEventItemValue) for uxTaskResetEventItemValue
    event_groups.o(i.xEventGroupSync) refers to port.o(i.vPortEnterCritical) for vPortEnterCritical
    event_groups.o(i.xEventGroupSync) refers to port.o(i.vPortExitCritical) for vPortExitCritical
    event_groups.o(i.xEventGroupWaitBits) refers to tasks.o(i.xTaskGetSchedulerState) for xTaskGetSchedulerState
[...]
    HAL_RCCEx_PeriphCLKConfig                0x08003655   Thumb Code   682  stm32l4xx_hal_rcc_ex.o(i.HAL_RCCEx_PeriphCLKConfig)
    HAL_RCC_ClockConfig                      0x08003911   Thumb Code   358  stm32l4xx_hal_rcc.o(i.HAL_RCC_ClockConfig)
    HAL_RCC_GetHCLKFreq                      0x08003a89   Thumb Code     6  stm32l4xx_hal_rcc.o(i.HAL_RCC_GetHCLKFreq)
    HAL_RCC_GetPCLK1Freq                     0x08003a95   Thumb Code    20  stm32l4xx_hal_rcc.o(i.HAL_RCC_GetPCLK1Freq)
    HAL_RCC_GetPCLK2Freq                     0x08003ab5   Thumb Code    20  stm32l4xx_hal_rcc.o(i.HAL_RCC_GetPCLK2Freq)
    HAL_RCC_GetSysClockFreq                  0x08003ad5   Thumb Code   182  stm32l4xx_hal_rcc.o(i.HAL_RCC_GetSysClockFreq)
    HAL_RCC_OscConfig                        0x08003b99   Thumb Code  1194  stm32l4xx_hal_rcc.o(i.HAL_RCC_OscConfig)
    HAL_SPI_Init                             0x08004049   Thumb Code   172  stm32l4xx_hal_spi.o(i.HAL_SPI_Init)
    HAL_SPI_MspInit                          0x080040f5   Thumb Code     2  stm32l4xx_hal_spi.o(i.HAL_SPI_MspInit)
    HAL_SYSTICK_CLKSourceConfig              0x080040f7   Thumb Code    24  stm32l4xx_hal_cortex.o(i.HAL_SYSTICK_CLKSourceConfig)
    HAL_SYSTICK_Config                       0x0800410f   Thumb Code    40  stm32l4xx_hal_cortex.o(i.HAL_SYSTICK_Config)
    HAL_TIMEx_BreakCallback                  0x08004137   Thumb Code     2  stm32l4xx_hal_tim_ex.o(i.HAL_TIMEx_BreakCallback)
    HAL_TIMEx_CommutationCallback            0x08004139   Thumb Code     2  stm32l4xx_hal_tim_ex.o(i.HAL_TIMEx_CommutationCallback)
    HAL_TIMEx_MasterConfigSynchronization    0x0800413d   Thumb Code    72  stm32l4xx_hal_tim_ex.o(i.HAL_TIMEx_MasterConfigSynchronization)
    HAL_TIM_Base_Init                        0x08004189   Thumb Code    54  stm32l4xx_hal_tim.o(i.HAL_TIM_Base_Init)
    HAL_TIM_Base_MspInit                     0x080041c1   Thumb Code    50  stm32l4xx_hal_msp.o(i.HAL_TIM_Base_MspInit)
    HAL_TIM_Base_Start_IT                    0x080041fd   Thumb Code    24  stm32l4xx_hal_tim.o(i.HAL_TIM_Base_Start_IT)
    HAL_TIM_ConfigClockSource                0x08004215   Thumb Code   246  stm32l4xx_hal_tim.o(i.HAL_TIM_ConfigClockSource)
    HAL_TIM_IC_CaptureCallback               0x08004311   Thumb Code     2  stm32l4xx_hal_tim.o(i.HAL_TIM_IC_CaptureCallback)
    HAL_TIM_IRQHandler                       0x08004313   Thumb Code   358  stm32l4xx_hal_tim.o(i.HAL_TIM_IRQHandler)
    HAL_TIM_OC_DelayElapsedCallback          0x08004479   Thumb Code     2  stm32l4xx_hal_tim.o(i.HAL_TIM_OC_DelayElapsedCallback)
    HAL_TIM_PWM_PulseFinishedCallback        0x0800447b   Thumb Code     2  stm32l4xx_hal_tim.o(i.HAL_TIM_PWM_PulseFinishedCallback)
    HAL_TIM_PeriodElapsedCallback            0x0800447d   Thumb Code     2  stm32l4xx_hal_tim.o(i.HAL_TIM_PeriodElapsedCallback)
    HAL_TIM_TriggerCallback                  0x0800447f   Thumb Code     2  stm32l4xx_hal_tim.o(i.HAL_TIM_TriggerCallback)
    HAL_UARTEx_WakeupCallback                0x08004481   Thumb Code     2  stm32l4xx_hal_uart_ex.o(i.HAL_UARTEx_WakeupCallback)
    HAL_UART_ErrorCallback                   0x08004485   Thumb Code    44  uart.o(i.HAL_UART_ErrorCallback)
    HAL_UART_IRQHandler                      0x080044bd   Thumb Code   328  stm32l4xx_hal_uart.o(i.HAL_UART_IRQHandler)
    HAL_UART_Init                            0x08004609   Thumb Code   106  stm32l4xx_hal_uart.o(i.HAL_UART_Init)
    HAL_UART_MspInit                         0x08004675   Thumb Code   510  uart.o(i.HAL_UART_MspInit)
    HAL_UART_Receive_DMA                     0x080048a9   Thumb Code   132  stm32l4xx_hal_uart.o(i.HAL_UART_Receive_DMA)
    HAL_UART_RxCpltCallback                  0x08004939   Thumb Code   140  uart.o(i.HAL_UART_RxCpltCallback)
    HAL_UART_RxHalfCpltCallback              0x080049d9   Thumb Code     2  stm32l4xx_hal_uart.o(i.HAL_UART_RxHalfCpltCallback)
    HAL_UART_Transmit_DMA                    0x080049dd   Thumb Code   122  stm32l4xx_hal_uart.o(i.HAL_UART_Transmit_DMA)
    HAL_UART_TxCpltCallback                  0x08004a65   Thumb Code    48  uart.o(i.HAL_UART_TxCpltCallback)
    HAL_UART_TxHalfCpltCallback              0x08004aa5   Thumb Code     2  stm32l4xx_hal_uart.o(i.HAL_UART_TxHalfCpltCallback)
    HalDS3231_Init                           0x08004aa7   Thumb Code    28  ds3231.o(i.HalDS3231_Init)
    HardFault_Handler                        0x08004ac3   Thumb Code     2  stm32l4xx_it.o(i.HardFault_Handler)
    I2CInit                                  0x08004ac5   Thumb Code   184  i2c.o(i.I2CInit)
    I2C_ReadBuffer                           0x08004c45   Thumb Code    66  i2c.o(i.I2C_ReadBuffer)
    Init_ADC                                 0x08004e15   Thumb Code    64  adc12_a.o(i.Init_ADC)
    Init_Timer1                              0x08004e71   Thumb Code   110  airh_hal.o(i.Init_Timer1)
    Init_sys_cfg                             0x08004f0d   Thumb Code   296  airh_sensor.o(i.Init_sys_cfg)
    MemManage_Handler                        0x08005059   Thumb Code     2  stm32l4xx_it.o(i.MemManage_Handler)
    NMI_Handler                              0x0800505b   Thumb Code     2  stm32l4xx_it.o(i.NMI_Handler)
    Pack_Data                                0x0800505d   Thumb Code    94  sensor_basic.o(i.Pack_Data)
    Pack_Datal                               0x080050c5   Thumb Code    84  sensor_basic.o(i.Pack_Datal)
    Rtc_UpdateTime                           0x080052c5   Thumb Code   158  main.o(i.Rtc_UpdateTime)
    S32ToStrAlignRight                       0x08005369   Thumb Code   236  sensor_basic.o(i.S32ToStrAlignRight)
    SPIInit                                  0x0800545d   Thumb Code   134  spi.o(i.SPIInit)
    SPI_Read_Write_Byte                      0x080054f5   Thumb Code    88  spi.o(i.SPI_Read_Write_Byte)
    SampleData_Init                          0x080055e5   Thumb Code   138  airh_sample.o(i.SampleData_Init)
    Self_test                                0x08005681   Thumb Code   296  sensor_process.o(i.Self_test)
    StandardDeviation                        0x080057c9   Thumb Code   164  sensor_basic.o(i.StandardDeviation)
    Start_ADC                                0x08005871   Thumb Code   174  adc12_a.o(i.Start_ADC)
    SysTick_Handler                          0x08005939   Thumb Code    40  stm32l4xx_it.o(i.SysTick_Handler)
    SystemClock_Config                       0x08005965   Thumb Code   126  main.o(i.SystemClock_Config)
    SystemInit                               0x080059e5   Thumb Code    56  system_stm32l4xx.o(i.SystemInit)
    TIM1_UP_TIM16_IRQHandler                 0x08005a29   Thumb Code     6  stm32l4xx_it.o(i.TIM1_UP_TIM16_IRQHandler)
    TIM_Base_SetConfig                       0x08005a35   Thumb Code    94  stm32l4xx_hal_tim.o(i.TIM_Base_SetConfig)
    TIM_ETR_SetConfig                        0x08005aa1   Thumb Code    20  stm32l4xx_hal_tim.o(i.TIM_ETR_SetConfig)
    UART_AdvFeatureConfig                    0x08005b0b   Thumb Code   200  stm32l4xx_hal_uart.o(i.UART_AdvFeatureConfig)
    UART_CheckIdleState                      0x08005bd3   Thumb Code    92  stm32l4xx_hal_uart.o(i.UART_CheckIdleState)
    UART_Init                                0x08005d41   Thumb Code   156  uart.o(i.UART_Init)
    UART_SetConfig                           0x08005ded   Thumb Code   554  stm32l4xx_hal_uart.o(i.UART_SetConfig)
    UART_WaitOnFlagUntilTimeout              0x08006041   Thumb Code   100  stm32l4xx_hal_uart.o(i.UART_WaitOnFlagUntilTimeout)
    USART1_IRQHandler                        0x080060a5   Thumb Code    32  stm32l4xx_it.o(i.USART1_IRQHandler)
    USART2_IRQHandler                        0x080060c9   Thumb Code    32  stm32l4xx_it.o(i.USART2_IRQHandler)
    USART3_IRQHandler                        0x080060ed   Thumb Code    38  stm32l4xx_it.o(i.USART3_IRQHandler)
    USART_DMA_Restart                        0x08006119   Thumb Code   160  uart.o(i.USART_DMA_Restart)
    UartOpen                                 0x080061c5   Thumb Code   386  uart.o(i.UartOpen)
    UartRead                                 0x08006391   Thumb Code   146  uart.o(i.UartRead)
    UartRecv_1                               0x08006429   Thumb Code   156  uart.o(i.UartRecv_1)
    UartRecv_2                               0x080064c9   Thumb Code   156  uart.o(i.UartRecv_2)
    UartSend_1                               0x08006569   Thumb Code    96  uart.o(i.UartSend_1)
    UartSend_2                               0x080065cd   Thumb Code    96  uart.o(i.UartSend_2)
    UartWrite                                0x08006631   Thumb Code    58  uart.o(i.UartWrite)
    Uart_CFG                                 0x08006671   Thumb Code    88  sysinit.o(i.Uart_CFG)
    UsageFault_Handler                       0x080066d1   Thumb Code     2  stm32l4xx_it.o(i.UsageFault_Handler)
    Utils_CheckCmdStr                        0x080066d5   Thumb Code    66  command.o(i.Utils_CheckCmdStr)
    W25Q128_Data_Prog                        0x08006719   Thumb Code   130  w25q128.o(i.W25Q128_Data_Prog)
    W25Q128_Data_Read                        0x080067e1   Thumb Code    98  w25q128.o(i.W25Q128_Data_Read)
    W25Q128_Erase_Chip                       0x0800685d   Thumb Code    42  w25q128.o(i.W25Q128_Erase_Chip)
    W25Q128_IS_Busy                          0x08006887   Thumb Code    30  w25q128.o(i.W25Q128_IS_Busy)
    W25Q128_Init                             0x080068a5   Thumb Code    38  w25q128.o(i.W25Q128_Init)
    W25Q128_Read_Reg                         0x080068cb   Thumb Code    52  w25q128.o(i.W25Q128_Read_Reg)
    W25Q128_Recv_Buf                         0x080068ff   Thumb Code    36  w25q128.o(i.W25Q128_Recv_Buf)
    W25Q128_Reset                            0x08006923   Thumb Code    48  w25q128.o(i.W25Q128_Reset)
    W25Q128_SET_CS_HIGH                      0x08006953   Thumb Code    12  spi.o(i.W25Q128_SET_CS_HIGH)
    W25Q128_SET_CS_LOW                       0x0800695f   Thumb Code    14  spi.o(i.W25Q128_SET_CS_LOW)
    W25Q128_Send_Buf                         0x0800696d   Thumb Code    50  w25q128.o(i.W25Q128_Send_Buf)
    W25Q128_WriteEnable                      0x0800699f   Thumb Code    24  w25q128.o(i.W25Q128_WriteEnable)
    _Error_Handler                           0x080069b7   Thumb Code     2  main.o(i._Error_Handler)
    __0sprintf                               0x080069b9   Thumb Code    34  printfa.o(i.__0sprintf)
    __1sprintf                               0x080069b9   Thumb Code     0  printfa.o(i.__0sprintf)
    __2sprintf                               0x080069b9   Thumb Code     0  printfa.o(i.__0sprintf)
    __c89sprintf                             0x080069b9   Thumb Code     0  printfa.o(i.__0sprintf)
    sprintf                                  0x080069b9   Thumb Code     0  printfa.o(i.__0sprintf)
    __ARM_fpclassify                         0x080069e1   Thumb Code    48  fpclassify.o(i.__ARM_fpclassify)
    __aeabi_errno_addr                       0x08006a31   Thumb Code     4  errno.o(i.__aeabi_errno_addr)
    __rt_errno_addr                          0x08006a31   Thumb Code     0  errno.o(i.__aeabi_errno_addr)
    __hardfp_atof                            0x08006a39   Thumb Code    44  atof.o(i.__hardfp_atof)
    __hardfp_modf                            0x08006a71   Thumb Code   202  modf.o(i.__hardfp_modf)
    __hardfp_pow                             0x08006b41   Thumb Code  3072  pow.o(i.__hardfp_pow)
    __hardfp_sqrt                            0x080077c1   Thumb Code   122  sqrt.o(i.__hardfp_sqrt)
    __kernel_poly                            0x0800783b   Thumb Code   248  poly.o(i.__kernel_poly)
    __mathlib_dbl_divzero                    0x08007939   Thumb Code    28  dunder.o(i.__mathlib_dbl_divzero)
    __mathlib_dbl_infnan2                    0x08007969   Thumb Code    20  dunder.o(i.__mathlib_dbl_infnan2)
    __mathlib_dbl_invalid                    0x08007981   Thumb Code    24  dunder.o(i.__mathlib_dbl_invalid)
    __mathlib_dbl_overflow                   0x080079a1   Thumb Code    24  dunder.o(i.__mathlib_dbl_overflow)
    __mathlib_dbl_underflow                  0x080079c1   Thumb Code    24  dunder.o(i.__mathlib_dbl_underflow)
    __read_errno                             0x080079e1   Thumb Code     6  errno.o(i.__read_errno)
    __scatterload_copy                       0x080079ed   Thumb Code    14  handlers.o(i.__scatterload_copy)
    __scatterload_null                       0x080079fb   Thumb Code     2  handlers.o(i.__scatterload_null)
    __scatterload_zeroinit                   0x080079fd   Thumb Code    14  handlers.o(i.__scatterload_zeroinit)
    __set_errno                              0x08007a0d   Thumb Code     6  errno.o(i.__set_errno)
    _is_digit                                0x08007ba3   Thumb Code    14  scanf_fp.o(i._is_digit)
    autosend                                 0x080082f1   Thumb Code    32  sensor_process.o(i.autosend)
    check_data                               0x0800832d   Thumb Code    84  command.o(i.check_data)
    check_datetime                           0x08008391   Thumb Code   146  command.o(i.check_datetime)
    check_digit                              0x08008429   Thumb Code    44  command.o(i.check_digit)
    check_element                            0x08008455   Thumb Code   310  command.o(i.check_element)
    check_event_autosend                     0x08008599   Thumb Code   122  sensor_basic.o(i.check_event_autosend)
    check_format                             0x08008621   Thumb Code    74  command.o(i.check_format)
    check_sensor                             0x0800866d   Thumb Code   258  command.o(i.check_sensor)
    check_time                               0x0800878d   Thumb Code    22  command.o(i.check_time)
    checkuart                                0x080087a5   Thumb Code   152  uartprocess.o(i.checkuart)
    cmd_asl                                  0x08008845   Thumb Code   204  command.o(i.cmd_asl)
    cmd_at                                   0x0800895d   Thumb Code   360  command.o(i.cmd_at)
    cmd_autocheck                            0x08008b2d   Thumb Code   136  command.o(i.cmd_autocheck)
    cmd_cfc                                  0x08008c15   Thumb Code   430  command.o(i.cmd_cfc)
    cmd_cr                                   0x08008f59   Thumb Code   608  command.o(i.cmd_cr)
    cmd_date                                 0x08009221   Thumb Code   260  command.o(i.cmd_date)
    cmd_datetime                             0x08009381   Thumb Code   340  command.o(i.cmd_datetime)
    cmd_debugoff                             0x08009551   Thumb Code   174  command.o(i.cmd_debugoff)
    cmd_debugon                              0x08009669   Thumb Code   170  command.o(i.cmd_debugon)
    cmd_di                                   0x0800977d   Thumb Code   130  command.o(i.cmd_di)
    cmd_down                                 0x08009835   Thumb Code   670  command.o(i.cmd_down)
    cmd_erase_check                          0x08009b15   Thumb Code   306  command.o(i.cmd_erase_check)
    cmd_fat                                  0x08009cf1   Thumb Code   194  command.o(i.cmd_fat)
    cmd_ftd                                  0x08009e05   Thumb Code   202  command.o(i.cmd_ftd)
    cmd_help                                 0x08009f1d   Thumb Code    78  command.o(i.cmd_help)
    cmd_id                                   0x08009f8d   Thumb Code   252  command.o(i.cmd_id)
    cmd_lat                                  0x0800a0cd   Thumb Code   218  command.o(i.cmd_lat)
    cmd_long                                 0x0800a205   Thumb Code   218  command.o(i.cmd_long)
    cmd_qcpm                                 0x0800a33d   Thumb Code   796  command.o(i.cmd_qcpm)
    cmd_qcps                                 0x0800a711   Thumb Code   480  command.o(i.cmd_qcps)
    cmd_qz                                   0x0800a969   Thumb Code   172  command.o(i.cmd_qz)
    cmd_readdata                             0x0800aa59   Thumb Code   198  command.o(i.cmd_readdata)
    cmd_reset                                0x0800ab41   Thumb Code    74  command.o(i.cmd_reset)
    cmd_restore                              0x0800abad   Thumb Code   186  command.o(i.cmd_restore)
    cmd_secdout_off                          0x0800acfd   Thumb Code   182  command.o(i.cmd_secdout_off)
    cmd_secdout_on                           0x0800ae49   Thumb Code   182  command.o(i.cmd_secdout_on)
    cmd_setcom                               0x0800af9d   Thumb Code   384  command.o(i.cmd_setcom)
    cmd_setcomway                            0x0800b191   Thumb Code   150  command.o(i.cmd_setcomway)
    cmd_shsensor                             0x0800b269   Thumb Code   224  command.o(i.cmd_shsensor)
    cmd_sn                                   0x0800b401   Thumb Code   192  command.o(i.cmd_sn)
    cmd_ss                                   0x0800b501   Thumb Code   962  command.o(i.cmd_ss)
    cmd_st                                   0x0800b9a5   Thumb Code   158  command.o(i.cmd_st)
    cmd_starttime                            0x0800ba89   Thumb Code   238  command.o(i.cmd_starttime)
    cmd_stat                                 0x0800bc15   Thumb Code    96  command.o(i.cmd_stat)
    cmd_stdev                                0x0800bcb1   Thumb Code   202  command.o(i.cmd_stdev)
    cmd_stsensor                             0x0800bdc9   Thumb Code   570  command.o(i.cmd_stsensor)
    cmd_superadmin                           0x0800c14d   Thumb Code    86  command.o(i.cmd_superadmin)
    cmd_time                                 0x0800c1d5   Thumb Code   258  command.o(i.cmd_time)
    cmd_unit                                 0x0800c335   Thumb Code   150  command.o(i.cmd_unit)
    cmd_version                              0x0800c40d   Thumb Code   180  command.o(i.cmd_version)
    cmd_vv                                   0x0800c585   Thumb Code   260  command.o(i.cmd_vv)
    cmd_windh                                0x0800c6f1   Thumb Code   236  command.o(i.cmd_windh)
    fabs                                     0x0800c905   Thumb Code    24  fabs.o(i.fabs)
    getSeparator                             0x0800c91d   Thumb Code    44  command.o(i.getSeparator)
    get_softimer                             0x0800c949   Thumb Code    52  command.o(i.get_softimer)
    get_softimer_sec                         0x0800c97d   Thumb Code    46  command.o(i.get_softimer_sec)
    hal_sensor_init                          0x0800c9ad   Thumb Code    16  airh_hal.o(i.hal_sensor_init)
    harddog_feed                             0x0800c9c1   Thumb Code    36  sysinit.o(i.harddog_feed)
    harddog_init                             0x0800c9e5   Thumb Code    50  sysinit.o(i.harddog_init)
    main                                     0x0800ca19   Thumb Code   248  main.o(i.main)
    osKernelStart                            0x0800cb29   Thumb Code    10  cmsis_os.o(i.osKernelStart)
    osSystickHandler                         0x0800cb33   Thumb Code    20  cmsis_os.o(i.osSystickHandler)
    osThreadCreate                           0x0800cb47   Thumb Code    46  cmsis_os.o(i.osThreadCreate)
    pam_init                                 0x0800cb75   Thumb Code    98  sysinit.o(i.pam_init)
    pvPortMalloc                             0x0800d049   Thumb Code   210  heap_4.o(i.pvPortMalloc)
    pvTaskIncrementMutexHeldCount            0x0800d121   Thumb Code    18  tasks.o(i.pvTaskIncrementMutexHeldCount)
    pxPortInitialiseStack                    0x0800d139   Thumb Code    40  port.o(i.pxPortInitialiseStack)
    read_cfc_data                            0x0800d165   Thumb Code   316  sensor_basic.o(i.read_cfc_data)
    read_check_data                          0x0800d2fd   Thumb Code   164  sensor_basic.o(i.read_check_data)
    read_history_mindata                     0x0800d3e1   Thumb Code   118  sensor_basic.o(i.read_history_mindata)
    read_record_min                          0x0800d469   Thumb Code    88  sensor_basic.o(i.read_record_min)
    read_sys_cfg                             0x0800d4c1   Thumb Code    12  sysinit.o(i.read_sys_cfg)
    readdata_task                            0x0800d4cd   Thumb Code    68  sensor_process.o(i.readdata_task)
    save_cr                                  0x0800d515   Thumb Code   118  sensor_basic.o(i.save_cr)
    save_element                             0x0800d58d   Thumb Code  1532  command.o(i.save_element)
    save_sensor                              0x0800db89   Thumb Code   810  command.o(i.save_sensor)
    save_sys_cfg                             0x0800df2d   Thumb Code    58  sysinit.o(i.save_sys_cfg)
    show_history_mindata                     0x0800df69   Thumb Code   120  sensor_basic.o(i.show_history_mindata)
    sqrt                                     0x0800dff1   Thumb Code   110  sqrt.o(i.sqrt)
    startupprint                             0x0800e061   Thumb Code    36  sysinit.o(i.startupprint)
    sys_cfg_init                             0x0800e0ad   Thumb Code    98  sysinit.o(i.sys_cfg_init)
    sysinit                                  0x0800e115   Thumb Code   262  sysinit.o(i.sysinit)
    tempdata_init                            0x0800e229   Thumb Code   240  sysinit.o(i.tempdata_init)
    time_task                                0x0800e345   Thumb Code   226  sensor_process.o(i.time_task)
    uart1Init                                0x0800e449   Thumb Code     2  airh_usart1.o(i.uart1Init)
    uartSendStr                              0x0800e44d   Thumb Code    12  uartprocess.o(i.uartSendStr)
    uart_printf                              0x0800e45d   Thumb Code     2  uart.o(i.uart_printf)
    uart_rcv                                 0x0800e461   Thumb Code   138  uartprocess.o(i.uart_rcv)
    uartcmd_process                          0x0800e4f1   Thumb Code   292  command.o(i.uartcmd_process)
    uartdev_process                          0x0800e651   Thumb Code    48  uartprocess.o(i.uartdev_process)
    uartprocess_task                         0x0800e685   Thumb Code    32  sensor_process.o(i.uartprocess_task)
    uxListRemove                             0x0800e6a5   Thumb Code    36  list.o(i.uxListRemove)
    vListInitialise                          0x0800e6c9   Thumb Code    22  list.o(i.vListInitialise)
    vListInitialiseItem                      0x0800e6df   Thumb Code     6  list.o(i.vListInitialiseItem)
    vListInsert                              0x0800e6e5   Thumb Code    48  list.o(i.vListInsert)
    vListInsertEnd                           0x0800e715   Thumb Code    24  list.o(i.vListInsertEnd)
    vPortEnterCritical                       0x0800e72d   Thumb Code    54  port.o(i.vPortEnterCritical)
    vPortExitCritical                        0x0800e76d   Thumb Code    34  port.o(i.vPortExitCritical)
    vPortFree                                0x0800e795   Thumb Code    88  heap_4.o(i.vPortFree)
    vPortSetupTimerInterrupt                 0x0800e7f1   Thumb Code    26  port.o(i.vPortSetupTimerInterrupt)
    vPortValidateInterruptPriority           0x0800e811   Thumb Code    74  port.o(i.vPortValidateInterruptPriority)
    vTaskDelay                               0x0800e865   Thumb Code    66  tasks.o(i.vTaskDelay)
    vTaskMissedYield                         0x0800e8b1   Thumb Code     8  tasks.o(i.vTaskMissedYield)
    vTaskPlaceOnEventList                    0x0800e8bd   Thumb Code    44  tasks.o(i.vTaskPlaceOnEventList)
    vTaskPriorityInherit                     0x0800e8ed   Thumb Code   124  tasks.o(i.vTaskPriorityInherit)
    vTaskSetTimeOutState                     0x0800e971   Thumb Code    30  tasks.o(i.vTaskSetTimeOutState)
    vTaskStartScheduler                      0x0800e995   Thumb Code    86  tasks.o(i.vTaskStartScheduler)
    vTaskSuspendAll                          0x0800e9fd   Thumb Code    10  tasks.o(i.vTaskSuspendAll)
    vTaskSwitchContext                       0x0800ea0d   Thumb Code    82  tasks.o(i.vTaskSwitchContext)
    xPortStartScheduler                      0x0800ea69   Thumb Code   202  port.o(i.xPortStartScheduler)
    xPortSysTickHandler                      0x0800eb49   Thumb Code    38  port.o(i.xPortSysTickHandler)
    xQueueGenericCreate                      0x0800eb75   Thumb Code    82  queue.o(i.xQueueGenericCreate)
    xQueueGenericReceive                     0x0800ebc9   Thumb Code   360  queue.o(i.xQueueGenericReceive)
    xQueueGenericReset                       0x0800ed3d   Thumb Code   132  queue.o(i.xQueueGenericReset)
    xQueueGenericSend                        0x0800edc5   Thumb Code   346  queue.o(i.xQueueGenericSend)
    xQueueGiveFromISR                        0x0800ef25   Thumb Code   156  queue.o(i.xQueueGiveFromISR)
    xTaskCheckForTimeOut                     0x0800efc1   Thumb Code   102  tasks.o(i.xTaskCheckForTimeOut)
    xTaskCreate                              0x0800f02d   Thumb Code    86  tasks.o(i.xTaskCreate)
    xTaskGetSchedulerState                   0x0800f089   Thumb Code    22  tasks.o(i.xTaskGetSchedulerState)
    xTaskIncrementTick                       0x0800f0a5   Thumb Code   192  tasks.o(i.xTaskIncrementTick)
    xTaskPriorityDisinherit                  0x0800f16d   Thumb Code   144  tasks.o(i.xTaskPriorityDisinherit)
    xTaskRemoveFromEventList                 0x0800f205   Thumb Code   108  tasks.o(i.xTaskRemoveFromEventList)
    xTaskResumeAll                           0x0800f279   Thumb Code   182  tasks.o(i.xTaskResumeAll)
    AHBPrescTable                            0x0800f33c   Data          16  system_stm32l4xx.o(.constdata)
    MSIRangeTable                            0x0800f34c   Data          48  system_stm32l4xx.o(.constdata)
    APBPrescTable                            0x0800f37c   Data           8  system_stm32l4xx.o(.constdata)
    bcm_control                              0x0800f384   Data         336  command.o(.constdata)
    TableBPS                                 0x0800f530   Data          64  sysinit.o(.constdata)
    __ctype_table                            0x0800f5f8   Data         129  ctype_o.o(.constdata)
    __mathlib_zero                           0x0800f690   Data           8  qnan.o(.constdata)
    Region$$Table$$Base                      0x0800fadc   Number         0  anon$$obj.o(Region$$Table)
    Region$$Table$$Limit                     0x0800fafc   Number         0  anon$$obj.o(Region$$Table)
    SystemCoreClock                          0x20000000   Data           4  system_stm32l4xx.o(.data)
    pxCurrentTCB                             0x20000028   Data           4  tasks.o(.data)
    adc_getResult_flag                       0x20000064   Data           2  adc12_a.o(.data)
    uwTick                                   0x20000068   Data           4  stm32l4xx_hal.o(.data)
    watchdog_num                             0x2000006c   Data           4  stm32l4xx_it.o(.data)
    dev_type                                 0x20000070   Data          56  command.o(.data)
    UART_PROCESS_Handle                      0x200000a8   Data           4  main.o(.data)
    TIME_Handle                              0x200000ac   Data           4  main.o(.data)
    READDATA_Handle                          0x200000b0   Data           4  main.o(.data)
    sensor_di                                0x200000b4   Data           5  main.o(.data)
    Flag_nodata                              0x200000bc   Data           1  sensor_basic.o(.data)
    check_offset                             0x200000c0   Data           4  sensor_basic.o(.data)
    cfc_offset                               0x200000c4   Data           4  sensor_basic.o(.data)
    board_temp_max                           0x200000cc   Data           4  sensor_basic.o(.data)
    board_temp_min                           0x200000d0   Data           4  sensor_basic.o(.data)
    board_volt_max                           0x200000d4   Data           4  sensor_basic.o(.data)
    board_volt_min                           0x200000d8   Data           4  sensor_basic.o(.data)
    sensor_state                             0x200000dc   Data           8  sensor_basic.o(.data)
    Num_sample                               0x200000ec   Data           1  airh_sample.o(.data)
    beenRun_s                                0x200000ed   Data           2  airh_sample.o(.data)
    beenRun                                  0x200000ef   Data           2  airh_sample.o(.data)
    beenRun_H                                0x200000f1   Data           2  airh_sample.o(.data)
    sample_qc                                0x200000f3   Data           8  airh_sample.o(.data)
    sample_qc_history                        0x200000fb   Data           8  airh_sample.o(.data)
    LastValue_s                              0x20000104   Data           8  airh_sample.o(.data)
    LastValue                                0x2000010c   Data           8  airh_sample.o(.data)
    LastValue_H                              0x20000114   Data           8  airh_sample.o(.data)
    T3Timer_start                            0x2000011c   Data           1  airh_usart1.o(.data)
    AirP_TxRxLength                          0x2000011e   Data           1  airh_usart1.o(.data)
    AirP_TxRxIndex                           0x2000011f   Data           1  airh_usart1.o(.data)
    AirP_UartProcessingPhase                 0x20000120   Data           1  airh_usart1.o(.data)
    AirP_RevStep                             0x20000121   Data           1  airh_usart1.o(.data)
    Flag_DataValid                           0x20000122   Data           1  airh_usart1.o(.data)
    AirpValue                                0x20000128   Data           4  airh_usart1.o(.data)
    I2cHandle2                               0x2000522c   Data          76  i2c.o(.bss)
    I2cHandle1                               0x20005278   Data          76  i2c.o(.bss)
    SpiHandle1                               0x200052c4   Data         100  spi.o(.bss)
    SpiHandle2                               0x20005328   Data         100  spi.o(.bss)
    SpiHandle3                               0x2000538c   Data         100  spi.o(.bss)
    huart1                                   0x200053f0   Data         120  uart.o(.bss)
    huart2                                   0x20005468   Data         120  uart.o(.bss)
    huart3                                   0x200054e0   Data         120  uart.o(.bss)
    hdma_usart1_rx                           0x20005558   Data          72  uart.o(.bss)
    hdma_usart1_tx                           0x200055a0   Data          72  uart.o(.bss)
    hdma_usart2_rx                           0x200055e8   Data          72  uart.o(.bss)
    hdma_usart2_tx                           0x20005630   Data          72  uart.o(.bss)
    buf_t                                    0x20005678   Data        2048  uart.o(.bss)
    buf_r                                    0x20005e78   Data        2048  uart.o(.bss)
    uart_send                                0x20006678   Data          88  uart.o(.bss)
    uart_recv                                0x200066d0   Data          88  uart.o(.bss)
    dma_recv                                 0x20006728   Data         664  uart.o(.bss)
    hadc1                                    0x200069c0   Data         104  adc12_a.o(.bss)
    buf_QS                                   0x20006a28   Data          90  command.o(.bss)
    buf_QM                                   0x20006a82   Data         150  command.o(.bss)
    data_II                                  0x20006b18   Data          64  command.o(.bss)
    data_buf                                 0x20006b58   Data         300  command.o(.bss)
    m_tempdata                               0x20006c84   Data        1639  main.o(.bss)
    m_defdata                                0x200072eb   Data          50  main.o(.bss)
    bcm_info                                 0x2000731d   Data         715  main.o(.bss)
    rcvd_buffer                              0x200075e8   Data         300  uartprocess.o(.bss)
    rbuff                                    0x20007714   Data         490  uartprocess.o(.bss)
    FLASH_Store_MinData                      0x20007900   Data          44  sensor_basic.o(.bss)
    FLASH_Read_MinData                       0x2000792c   Data          44  sensor_basic.o(.bss)
    sensors_data                             0x20007958   Data        1648  sensor_basic.o(.bss)
    buf_cfc_check                            0x20007fc8   Data         200  sensor_basic.o(.bss)
    sbuf                                     0x20008090   Data         220  sensor_basic.o(.bss)
    htim1                                    0x2000816c   Data          64  airh_hal.o(.bss)
    data_sample_buf                          0x200081ac   Data         240  airh_sample.o(.bss)
    data_sample_buf_history                  0x2000829c   Data         240  airh_sample.o(.bss)
    __initial_sp                             0x200087b8   Data           0  startup_stm32l431xx.o(STACK)



==============================================================================

Memory Map of the image

  Image Entry point : 0x0800018d

  Load Region LR_IROM1 (Base: 0x08000000, Size: 0x0000fc38, Max: 0x00040000, ABSOLUTE, COMPRESSED[0x0000fb3c])

    Execution Region ER_IROM1 (Exec base: 0x08000000, Load base: 0x08000000, Size: 0x0000fafc, Max: 0x00040000, ABSOLUTE)

    Exec Addr    Load Addr    Size         Type   Attr      Idx    E Section Name        Object

    0x08000000   0x08000000   0x0000018c   Data   RO         1452    RESET               startup_stm32l431xx.o
    0x0800018c   0x0800018c   0x00000000   Code   RO         7231  * .ARM.Collect$$$$00000000  mc_w.l(entry.o)
    0x0800018c   0x0800018c   0x00000004   Code   RO         7615    .ARM.Collect$$$$00000001  mc_w.l(entry2.o)
    0x08000190   0x08000190   0x00000004   Code   RO         7618    .ARM.Collect$$$$00000004  mc_w.l(entry5.o)
    0x08000194   0x08000194   0x00000000   Code   RO         7620    .ARM.Collect$$$$00000008  mc_w.l(entry7b.o)
    0x08000194   0x08000194   0x00000000   Code   RO         7622    .ARM.Collect$$$$0000000A  mc_w.l(entry8b.o)
    0x08000194   0x08000194   0x00000008   Code   RO         7623    .ARM.Collect$$$$0000000B  mc_w.l(entry9a.o)
    0x0800019c   0x0800019c   0x00000000   Code   RO         7625    .ARM.Collect$$$$0000000D  mc_w.l(entry10a.o)
    0x0800019c   0x0800019c   0x00000000   Code   RO         7627    .ARM.Collect$$$$0000000F  mc_w.l(entry11a.o)
    0x0800019c   0x0800019c   0x00000004   Code   RO         7616    .ARM.Collect$$$$00002712  mc_w.l(entry2.o)
    0x080001a0   0x080001a0   0x000000da   Code   RO          340    .emb_text           port.o
    0x0800027a   0x0800027a   0x00000002   PAD
    0x0800027c   0x0800027c   0x00000024   Code   RO         1453    .text               startup_stm32l431xx.o
    0x080002a0   0x080002a0   0x00000068   Code   RO         7234    .text               mc_w.l(uldiv.o)
    0x08000308   0x08000308   0x00000008   Code   RO         7236    .text               mc_w.l(ctype_o.o)
    0x08000310   0x08000310   0x00000012   Code   RO         7258    .text               mc_w.l(isspace_o.o)
    0x08000322   0x08000322   0x00000002   PAD
    0x08000324   0x08000324   0x000000a8   Code   RO         7268    .text               mc_w.l(mktime.o)
    0x080003cc   0x080003cc   0x00000024   Code   RO         7271    .text               mc_w.l(memcpya.o)
    0x080003f0   0x080003f0   0x00000024   Code   RO         7273    .text               mc_w.l(memseta.o)
    0x08000414   0x08000414   0x00000018   Code   RO         7275    .text               mc_w.l(strncpy.o)
    0x0800042c   0x0800042c   0x00000014   Code   RO         7277    .text               mc_w.l(strchr.o)
    0x08000440   0x08000440   0x0000000e   Code   RO         7279    .text               mc_w.l(strlen.o)
    0x0800044e   0x0800044e   0x0000001c   Code   RO         7281    .text               mc_w.l(strcmp.o)
    0x0800046a   0x0800046a   0x00000012   Code   RO         7285    .text               mc_w.l(strcpy.o)
    0x0800047c   0x0800047c   0x0000001e   Code   RO         7287    .text               mc_w.l(strncmp.o)
    0x0800049a   0x0800049a   0x00000002   PAD
    0x0800049c   0x0800049c   0x00000044   Code   RO         7289    .text               mc_w.l(strtok.o)
    0x080004e0   0x080004e0   0x00000038   Code   RO         7558    .text               mc_w.l(__0sscanf.o)
    0x08000518   0x08000518   0x00000152   Code   RO         7560    .text               mc_w.l(_scanf_int.o)
    0x0800066a   0x0800066a   0x00000002   PAD
    0x0800066c   0x0800066c   0x00000366   Code   RO         7562    .text               mc_w.l(scanf_fp.o)
    0x080009d2   0x080009d2   0x0000001a   Code   RO         7566    .text               mc_w.l(atoi.o)
    0x080009ec   0x080009ec   0x0000001a   Code   RO         7568    .text               mc_w.l(atol.o)
    0x08000a06   0x08000a06   0x0000015e   Code   RO         7570    .text               mf_w.l(dadd.o)
    0x08000b64   0x08000b64   0x000000ea   Code   RO         7572    .text               mf_w.l(dmul.o)
    0x08000c4e   0x08000c4e   0x000000de   Code   RO         7574    .text               mf_w.l(ddiv.o)
    0x08000d2c   0x08000d2c   0x00000022   Code   RO         7576    .text               mf_w.l(dflti.o)
    0x08000d4e   0x08000d4e   0x0000001a   Code   RO         7578    .text               mf_w.l(dfltui.o)
    0x08000d68   0x08000d68   0x0000003e   Code   RO         7580    .text               mf_w.l(dfixi.o)
    0x08000da6   0x08000da6   0x00000026   Code   RO         7582    .text               mf_w.l(f2d.o)
    0x08000dcc   0x08000dcc   0x00000030   Code   RO         7584    .text               mf_w.l(cdcmple.o)
    0x08000dfc   0x08000dfc   0x00000030   Code   RO         7586    .text               mf_w.l(cdrcmple.o)
    0x08000e2c   0x08000e2c   0x00000038   Code   RO         7588    .text               mf_w.l(d2f.o)
    0x08000e64   0x08000e64   0x0000002c   Code   RO         7632    .text               mc_w.l(uidiv.o)
    0x08000e90   0x08000e90   0x0000001e   Code   RO         7634    .text               mc_w.l(llshl.o)
    0x08000eae   0x08000eae   0x00000020   Code   RO         7636    .text               mc_w.l(llushr.o)
    0x08000ece   0x08000ece   0x00000024   Code   RO         7638    .text               mc_w.l(llsshr.o)
    0x08000ef2   0x08000ef2   0x00000002   PAD
    0x08000ef4   0x08000ef4   0x0000000c   Code   RO         7640    .text               mc_w.l(localtime_w.o)
    0x08000f00   0x08000f00   0x0000008c   Code   RO         7643    .text               mc_w.l(localtime_i.o)
    0x08000f8c   0x08000f8c   0x0000001c   Code   RO         7653    .text               mc_w.l(_chval.o)
    0x08000fa8   0x08000fa8   0x00000028   Code   RO         7655    .text               mc_w.l(scanf_char.o)
    0x08000fd0   0x08000fd0   0x00000040   Code   RO         7657    .text               mc_w.l(_sgetc.o)
    0x08001010   0x08001010   0x0000009c   Code   RO         7659    .text               mc_w.l(strtod.o)
    0x080010ac   0x080010ac   0x00000070   Code   RO         7661    .text               mc_w.l(strtol.o)
    0x0800111c   0x0800111c   0x00000000   Code   RO         7663    .text               mc_w.l(iusefp.o)
    0x0800111c   0x0800111c   0x0000006e   Code   RO         7664    .text               mf_w.l(fepilogue.o)
    0x0800118a   0x0800118a   0x000000ba   Code   RO         7666    .text               mf_w.l(depilogue.o)
    0x08001244   0x08001244   0x0000002e   Code   RO         7670    .text               mf_w.l(dscalb.o)
    0x08001272   0x08001272   0x000000a2   Code   RO         7672    .text               mf_w.l(dsqrt.o)
    0x08001314   0x08001314   0x00000018   Code   RO         7674    .text               mf_w.l(dfltul.o)
    0x0800132c   0x0800132c   0x00000030   Code   RO         7676    .text               mf_w.l(dfixul.o)
    0x0800135c   0x0800135c   0x00000024   Code   RO         7678    .text               mc_w.l(init.o)
    0x08001380   0x08001380   0x00000332   Code   RO         7683    .text               mc_w.l(_scanf.o)
    0x080016b2   0x080016b2   0x000000a4   Code   RO         7685    .text               mc_w.l(_strtoul.o)
    0x08001756   0x08001756   0x00000056   Code   RO         7699    .text               mc_w.l(__dczerorl2.o)
    0x080017ac   0x080017ac   0x00000062   Code   RO         2339    i.ADC_Disable       stm32l4xx_hal_adc.o
    0x0800180e   0x0800180e   0x00000002   PAD
    0x08001810   0x08001810   0x00000068   Code   RO         2340    i.ADC_Enable        stm32l4xx_hal_adc.o
    0x08001878   0x08001878   0x0000003c   Code   RO         7124    i.AirP_USART1_Init  airh_usart1.o
    0x080018b4   0x080018b4   0x00000112   Code   RO         6708    i.BanWenBanYa_engine  sensor_basic.o
    0x080019c6   0x080019c6   0x00000002   Code   RO         5940    i.BusFault_Handler  stm32l4xx_it.o
    0x080019c8   0x080019c8   0x0000003c   Code   RO         2033    i.Check_ADC         adc12_a.o
    0x08001a04   0x08001a04   0x0000002c   Code   RO         6709    i.Convert_Sec_to_Time  sensor_basic.o
    0x08001a30   0x08001a30   0x00000040   Code   RO         6710    i.Convert_Time_to_min  sensor_basic.o
    0x08001a70   0x08001a70   0x0000000c   Code   RO         5941    i.DMA1_Channel4_IRQHandler  stm32l4xx_it.o
    0x08001a7c   0x08001a7c   0x0000000c   Code   RO         5942    i.DMA1_Channel5_IRQHandler  stm32l4xx_it.o
    0x08001a88   0x08001a88   0x0000000c   Code   RO         5943    i.DMA1_Channel6_IRQHandler  stm32l4xx_it.o
    0x08001a94   0x08001a94   0x0000000c   Code   RO         5944    i.DMA1_Channel7_IRQHandler  stm32l4xx_it.o
    0x08001aa0   0x08001aa0   0x0000002a   Code   RO         2812    i.DMA_SetConfig     stm32l4xx_hal_dma.o
    0x08001aca   0x08001aca   0x0000002c   Code   RO         1901    i.DS3231_ReadCtrReg  ds3231.o
    0x08001af6   0x08001af6   0x0000002c   Code   RO         1902    i.DS3231_ReadStatusReg  ds3231.o
    0x08001b22   0x08001b22   0x00000002   PAD
    0x08001b24   0x08001b24   0x000000c8   Code   RO         1903    i.DS3231_ReadTemperature  ds3231.o
    0x08001bec   0x08001bec   0x00000068   Code   RO         1904    i.DS3231_ReadTime   ds3231.o
    0x08001c54   0x08001c54   0x000001b8   Code   RO         6711    i.Data_Copy         sensor_basic.o
    0x08001e0c   0x08001e0c   0x00000020   Code   RO         6450    i.Datetime_up       main.o
    0x08001e2c   0x08001e2c   0x00000002   Code   RO         5945    i.DebugMon_Handler  stm32l4xx_it.o
    0x08001e2e   0x08001e2e   0x00000006   Code   RO         5946    i.EXTI4_IRQHandler  stm32l4xx_it.o
    0x08001e34   0x08001e34   0x000006f2   Code   RO         6995    i.GetMinData        airh_sample.o
    0x08002526   0x08002526   0x00000086   Code   RO         2523    i.HAL_ADCEx_Calibration_Start  stm32l4xx_hal_adc_ex.o
    0x080025ac   0x080025ac   0x0000032c   Code   RO         2342    i.HAL_ADC_ConfigChannel  stm32l4xx_hal_adc.o
    0x080028d8   0x080028d8   0x00000006   Code   RO         2349    i.HAL_ADC_GetValue  stm32l4xx_hal_adc.o
    0x080028de   0x080028de   0x00000002   PAD
    0x080028e0   0x080028e0   0x00000188   Code   RO         2351    i.HAL_ADC_Init      stm32l4xx_hal_adc.o
    0x08002a68   0x08002a68   0x0000008c   Code   RO         2036    i.HAL_ADC_MspInit   adc12_a.o
    0x08002af4   0x08002af4   0x000000a4   Code   RO         2355    i.HAL_ADC_PollForConversion  stm32l4xx_hal_adc.o
    0x08002b98   0x08002b98   0x0000007e   Code   RO         2357    i.HAL_ADC_Start     stm32l4xx_hal_adc.o
    0x08002c16   0x08002c16   0x00000036   Code   RO         2813    i.HAL_DMA_Abort     stm32l4xx_hal_dma.o
    0x08002c4c   0x08002c4c   0x0000004a   Code   RO         2814    i.HAL_DMA_Abort_IT  stm32l4xx_hal_dma.o
    0x08002c96   0x08002c96   0x000000a8   Code   RO         2818    i.HAL_DMA_IRQHandler  stm32l4xx_hal_dma.o
    0x08002d3e   0x08002d3e   0x00000002   PAD
    0x08002d40   0x08002d40   0x000000c0   Code   RO         2819    i.HAL_DMA_Init      stm32l4xx_hal_dma.o
    0x08002e00   0x08002e00   0x00000070   Code   RO         2823    i.HAL_DMA_Start_IT  stm32l4xx_hal_dma.o
    0x08002e70   0x08002e70   0x00000122   Code   RO         3051    i.HAL_GPIO_DeInit   stm32l4xx_hal_gpio.o
    0x08002f92   0x08002f92   0x00000002   Code   RO         3052    i.HAL_GPIO_EXTI_Callback  stm32l4xx_hal_gpio.o
    0x08002f94   0x08002f94   0x00000018   Code   RO         3053    i.HAL_GPIO_EXTI_IRQHandler  stm32l4xx_hal_gpio.o
    0x08002fac   0x08002fac   0x0000018e   Code   RO         3054    i.HAL_GPIO_Init     stm32l4xx_hal_gpio.o
    0x0800313a   0x0800313a   0x00000008   Code   RO         3057    i.HAL_GPIO_TogglePin  stm32l4xx_hal_gpio.o
    0x08003142   0x08003142   0x0000000a   Code   RO         3058    i.HAL_GPIO_WritePin  stm32l4xx_hal_gpio.o
    0x0800314c   0x0800314c   0x0000000c   Code   RO         2133    i.HAL_GetTick       stm32l4xx_hal.o
    0x08003158   0x08003158   0x00000056   Code   RO         3545    i.HAL_I2CEx_ConfigAnalogFilter  stm32l4xx_hal_i2c_ex.o
    0x080031ae   0x080031ae   0x00000052   Code   RO         3546    i.HAL_I2CEx_ConfigDigitalFilter  stm32l4xx_hal_i2c_ex.o
    0x08003200   0x08003200   0x00000032   Code   RO         3119    i.HAL_I2C_DeInit    stm32l4xx_hal_i2c.o
    0x08003232   0x08003232   0x00000002   PAD
    0x08003234   0x08003234   0x000000b8   Code   RO         3128    i.HAL_I2C_Init      stm32l4xx_hal_i2c.o
    0x080032ec   0x080032ec   0x00000172   Code   RO         3144    i.HAL_I2C_Mem_Read  stm32l4xx_hal_i2c.o
    0x0800345e   0x0800345e   0x00000002   PAD
    0x08003460   0x08003460   0x0000002c   Code   RO         1537    i.HAL_I2C_MspDeInit  i2c.o
    0x0800348c   0x0800348c   0x00000002   Code   RO         3151    i.HAL_I2C_MspInit   stm32l4xx_hal_i2c.o
    0x0800348e   0x0800348e   0x00000002   PAD
    0x08003490   0x08003490   0x00000010   Code   RO         2137    i.HAL_IncTick       stm32l4xx_hal.o
    0x080034a0   0x080034a0   0x00000016   Code   RO         2138    i.HAL_Init          stm32l4xx_hal.o
    0x080034b6   0x080034b6   0x00000002   PAD
    0x080034b8   0x080034b8   0x00000028   Code   RO         2139    i.HAL_InitTick      stm32l4xx_hal.o
    0x080034e0   0x080034e0   0x00000080   Code   RO         6451    i.HAL_MspInit       main.o
    0x08003560   0x08003560   0x0000001a   Code   RO         2692    i.HAL_NVIC_EnableIRQ  stm32l4xx_hal_cortex.o
    0x0800357a   0x0800357a   0x00000002   PAD
    0x0800357c   0x0800357c   0x00000040   Code   RO         2698    i.HAL_NVIC_SetPriority  stm32l4xx_hal_cortex.o
    0x080035bc   0x080035bc   0x00000024   Code   RO         2699    i.HAL_NVIC_SetPriorityGrouping  stm32l4xx_hal_cortex.o
    0x080035e0   0x080035e0   0x00000064   Code   RO         5604    i.HAL_PWREx_ControlVoltageScaling  stm32l4xx_hal_pwr_ex.o
    0x08003644   0x08003644   0x00000010   Code   RO         5627    i.HAL_PWREx_GetVoltageRange  stm32l4xx_hal_pwr_ex.o
    0x08003654   0x08003654   0x000002ba   Code   RO         5351    i.HAL_RCCEx_PeriphCLKConfig  stm32l4xx_hal_rcc_ex.o
    0x0800390e   0x0800390e   0x00000002   PAD
    0x08003910   0x08003910   0x00000178   Code   RO         4902    i.HAL_RCC_ClockConfig  stm32l4xx_hal_rcc.o
    0x08003a88   0x08003a88   0x0000000c   Code   RO         4906    i.HAL_RCC_GetHCLKFreq  stm32l4xx_hal_rcc.o
    0x08003a94   0x08003a94   0x00000020   Code   RO         4908    i.HAL_RCC_GetPCLK1Freq  stm32l4xx_hal_rcc.o
    0x08003ab4   0x08003ab4   0x00000020   Code   RO         4909    i.HAL_RCC_GetPCLK2Freq  stm32l4xx_hal_rcc.o
    0x08003ad4   0x08003ad4   0x000000c4   Code   RO         4910    i.HAL_RCC_GetSysClockFreq  stm32l4xx_hal_rcc.o
    0x08003b98   0x08003b98   0x000004b0   Code   RO         4913    i.HAL_RCC_OscConfig  stm32l4xx_hal_rcc.o
    0x08004048   0x08004048   0x000000ac   Code   RO         5013    i.HAL_SPI_Init      stm32l4xx_hal_spi.o
    0x080040f4   0x080040f4   0x00000002   Code   RO         5015    i.HAL_SPI_MspInit   stm32l4xx_hal_spi.o
    0x080040f6   0x080040f6   0x00000018   Code   RO         2701    i.HAL_SYSTICK_CLKSourceConfig  stm32l4xx_hal_cortex.o
    0x0800410e   0x0800410e   0x00000028   Code   RO         2703    i.HAL_SYSTICK_Config  stm32l4xx_hal_cortex.o
    0x08004136   0x08004136   0x00000002   Code   RO         4240    i.HAL_TIMEx_BreakCallback  stm32l4xx_hal_tim_ex.o
    0x08004138   0x08004138   0x00000002   Code   RO         4241    i.HAL_TIMEx_CommutationCallback  stm32l4xx_hal_tim_ex.o
    0x0800413a   0x0800413a   0x00000002   PAD
    0x0800413c   0x0800413c   0x0000004c   Code   RO         4259    i.HAL_TIMEx_MasterConfigSynchronization  stm32l4xx_hal_tim_ex.o
    0x08004188   0x08004188   0x00000036   Code   RO         3601    i.HAL_TIM_Base_Init  stm32l4xx_hal_tim.o
    0x080041be   0x080041be   0x00000002   PAD
    0x080041c0   0x080041c0   0x0000003c   Code   RO         5905    i.HAL_TIM_Base_MspInit  stm32l4xx_hal_msp.o
    0x080041fc   0x080041fc   0x00000018   Code   RO         3606    i.HAL_TIM_Base_Start_IT  stm32l4xx_hal_tim.o
    0x08004214   0x08004214   0x000000fc   Code   RO         3610    i.HAL_TIM_ConfigClockSource  stm32l4xx_hal_tim.o
    0x08004310   0x08004310   0x00000002   Code   RO         3630    i.HAL_TIM_IC_CaptureCallback  stm32l4xx_hal_tim.o
    0x08004312   0x08004312   0x00000166   Code   RO         3643    i.HAL_TIM_IRQHandler  stm32l4xx_hal_tim.o
    0x08004478   0x08004478   0x00000002   Code   RO         3646    i.HAL_TIM_OC_DelayElapsedCallback  stm32l4xx_hal_tim.o
    0x0800447a   0x0800447a   0x00000002   Code   RO         3673    i.HAL_TIM_PWM_PulseFinishedCallback  stm32l4xx_hal_tim.o
    0x0800447c   0x0800447c   0x00000002   Code   RO         3680    i.HAL_TIM_PeriodElapsedCallback  stm32l4xx_hal_tim.o
    0x0800447e   0x0800447e   0x00000002   Code   RO         3684    i.HAL_TIM_TriggerCallback  stm32l4xx_hal_tim.o
    0x08004480   0x08004480   0x00000002   Code   RO         4852    i.HAL_UARTEx_WakeupCallback  stm32l4xx_hal_uart_ex.o
    0x08004482   0x08004482   0x00000002   PAD
    0x08004484   0x08004484   0x00000038   Code   RO         1658    i.HAL_UART_ErrorCallback  uart.o
    0x080044bc   0x080044bc   0x0000014c   Code   RO         4516    i.HAL_UART_IRQHandler  stm32l4xx_hal_uart.o
    0x08004608   0x08004608   0x0000006a   Code   RO         4517    i.HAL_UART_Init     stm32l4xx_hal_uart.o
    0x08004672   0x08004672   0x00000002   PAD
    0x08004674   0x08004674   0x00000232   Code   RO         1660    i.HAL_UART_MspInit  uart.o
    0x080048a6   0x080048a6   0x00000002   PAD
    0x080048a8   0x080048a8   0x00000090   Code   RO         4521    i.HAL_UART_Receive_DMA  stm32l4xx_hal_uart.o
    0x08004938   0x08004938   0x000000a0   Code   RO         1661    i.HAL_UART_RxCpltCallback  uart.o
    0x080049d8   0x080049d8   0x00000002   Code   RO         4524    i.HAL_UART_RxHalfCpltCallback  stm32l4xx_hal_uart.o
    0x080049da   0x080049da   0x00000002   PAD
    0x080049dc   0x080049dc   0x00000088   Code   RO         4526    i.HAL_UART_Transmit_DMA  stm32l4xx_hal_uart.o
    0x08004a64   0x08004a64   0x00000040   Code   RO         1662    i.HAL_UART_TxCpltCallback  uart.o
    0x08004aa4   0x08004aa4   0x00000002   Code   RO         4529    i.HAL_UART_TxHalfCpltCallback  stm32l4xx_hal_uart.o
    0x08004aa6   0x08004aa6   0x0000001c   Code   RO         1908    i.HalDS3231_Init    ds3231.o
    0x08004ac2   0x08004ac2   0x00000002   Code   RO         5947    i.HardFault_Handler  stm32l4xx_it.o
    0x08004ac4   0x08004ac4   0x000000e0   Code   RO         1538    i.I2CInit           i2c.o
    0x08004ba4   0x08004ba4   0x00000022   Code   RO         3170    i.I2C_Flush_TXDR    stm32l4xx_hal_i2c.o
    0x08004bc6   0x08004bc6   0x00000002   PAD
    0x08004bc8   0x08004bc8   0x0000007c   Code   RO         3178    i.I2C_IsAcknowledgeFailed  stm32l4xx_hal_i2c.o
    0x08004c44   0x08004c44   0x00000048   Code   RO         1539    i.I2C_ReadBuffer    i2c.o
    0x08004c8c   0x08004c8c   0x0000006e   Code   RO         3181    i.I2C_RequestMemoryRead  stm32l4xx_hal_i2c.o
    0x08004cfa   0x08004cfa   0x00000002   PAD
    0x08004cfc   0x08004cfc   0x00000024   Code   RO         3185    i.I2C_TransferConfig  stm32l4xx_hal_i2c.o
    0x08004d20   0x08004d20   0x00000052   Code   RO         3186    i.I2C_WaitOnFlagUntilTimeout  stm32l4xx_hal_i2c.o
    0x08004d72   0x08004d72   0x0000004e   Code   RO         3188    i.I2C_WaitOnSTOPFlagUntilTimeout  stm32l4xx_hal_i2c.o
    0x08004dc0   0x08004dc0   0x00000052   Code   RO         3189    i.I2C_WaitOnTXISFlagUntilTimeout  stm32l4xx_hal_i2c.o
    0x08004e12   0x08004e12   0x00000002   PAD
    0x08004e14   0x08004e14   0x0000005c   Code   RO         2037    i.Init_ADC          adc12_a.o
    0x08004e70   0x08004e70   0x0000009c   Code   RO         6931    i.Init_Timer1       airh_hal.o
    0x08004f0c   0x08004f0c   0x0000014c   Code   RO         7084    i.Init_sys_cfg      airh_sensor.o
    0x08005058   0x08005058   0x00000002   Code   RO         5948    i.MemManage_Handler  stm32l4xx_it.o
    0x0800505a   0x0800505a   0x00000002   Code   RO         5949    i.NMI_Handler       stm32l4xx_it.o
    0x0800505c   0x0800505c   0x00000068   Code   RO         6712    i.Pack_Data         sensor_basic.o
    0x080050c4   0x080050c4   0x00000058   Code   RO         6713    i.Pack_Datal        sensor_basic.o
    0x0800511c   0x0800511c   0x0000012c   Code   RO         5354    i.RCCEx_PLLSAI1_Config  stm32l4xx_hal_rcc_ex.o
    0x08005248   0x08005248   0x0000007c   Code   RO         4914    i.RCC_SetFlashLatencyFromMSIRange  stm32l4xx_hal_rcc.o
    0x080052c4   0x080052c4   0x000000a4   Code   RO         6452    i.Rtc_UpdateTime    main.o
    0x08005368   0x08005368   0x000000f2   Code   RO         6714    i.S32ToStrAlignRight  sensor_basic.o
    0x0800545a   0x0800545a   0x00000002   PAD
    0x0800545c   0x0800545c   0x00000098   Code   RO         1592    i.SPIInit           spi.o
    0x080054f4   0x080054f4   0x0000005c   Code   RO         1593    i.SPI_Read_Write_Byte  spi.o
    0x08005550   0x08005550   0x00000094   Code   RO         1594    i.SPIx_MspInit      spi.o
    0x080055e4   0x080055e4   0x0000009c   Code   RO         6999    i.SampleData_Init   airh_sample.o
    0x08005680   0x08005680   0x00000148   Code   RO         6874    i.Self_test         sensor_process.o
    0x080057c8   0x080057c8   0x000000a8   Code   RO         6715    i.StandardDeviation  sensor_basic.o
    0x08005870   0x08005870   0x000000c8   Code   RO         2039    i.Start_ADC         adc12_a.o
    0x08005938   0x08005938   0x0000002c   Code   RO         5950    i.SysTick_Handler   stm32l4xx_it.o
    0x08005964   0x08005964   0x0000007e   Code   RO         6453    i.SystemClock_Config  main.o
    0x080059e2   0x080059e2   0x00000002   PAD
    0x080059e4   0x080059e4   0x00000044   Code   RO            5    i.SystemInit        system_stm32l4xx.o
    0x08005a28   0x08005a28   0x0000000c   Code   RO         5951    i.TIM1_UP_TIM16_IRQHandler  stm32l4xx_it.o
    0x08005a34   0x08005a34   0x0000006c   Code   RO         3685    i.TIM_Base_SetConfig  stm32l4xx_hal_tim.o
    0x08005aa0   0x08005aa0   0x00000014   Code   RO         3692    i.TIM_ETR_SetConfig  stm32l4xx_hal_tim.o
    0x08005ab4   0x08005ab4   0x00000010   Code   RO         3693    i.TIM_ITRx_SetConfig  stm32l4xx_hal_tim.o
    0x08005ac4   0x08005ac4   0x00000022   Code   RO         3701    i.TIM_TI1_ConfigInputStage  stm32l4xx_hal_tim.o
    0x08005ae6   0x08005ae6   0x00000024   Code   RO         3703    i.TIM_TI2_ConfigInputStage  stm32l4xx_hal_tim.o
    0x08005b0a   0x08005b0a   0x000000c8   Code   RO         4530    i.UART_AdvFeatureConfig  stm32l4xx_hal_uart.o
    0x08005bd2   0x08005bd2   0x0000005c   Code   RO         4531    i.UART_CheckIdleState  stm32l4xx_hal_uart.o
    0x08005c2e   0x08005c2e   0x00000014   Code   RO         4532    i.UART_DMAAbortOnError  stm32l4xx_hal_uart.o
    0x08005c42   0x08005c42   0x0000004a   Code   RO         4533    i.UART_DMAError     stm32l4xx_hal_uart.o
    0x08005c8c   0x08005c8c   0x0000003e   Code   RO         4534    i.UART_DMAReceiveCplt  stm32l4xx_hal_uart.o
    0x08005cca   0x08005cca   0x0000000a   Code   RO         4536    i.UART_DMARxHalfCplt  stm32l4xx_hal_uart.o
    0x08005cd4   0x08005cd4   0x00000030   Code   RO         4538    i.UART_DMATransmitCplt  stm32l4xx_hal_uart.o
    0x08005d04   0x08005d04   0x0000000a   Code   RO         4540    i.UART_DMATxHalfCplt  stm32l4xx_hal_uart.o
    0x08005d0e   0x08005d0e   0x00000020   Code   RO         4542    i.UART_EndRxTransfer  stm32l4xx_hal_uart.o
    0x08005d2e   0x08005d2e   0x00000012   Code   RO         4543    i.UART_EndTxTransfer  stm32l4xx_hal_uart.o
    0x08005d40   0x08005d40   0x000000ac   Code   RO         1664    i.UART_Init         uart.o
    0x08005dec   0x08005dec   0x00000254   Code   RO         4546    i.UART_SetConfig    stm32l4xx_hal_uart.o
    0x08006040   0x08006040   0x00000064   Code   RO         4549    i.UART_WaitOnFlagUntilTimeout  stm32l4xx_hal_uart.o
    0x080060a4   0x080060a4   0x00000024   Code   RO         5952    i.USART1_IRQHandler  stm32l4xx_it.o
    0x080060c8   0x080060c8   0x00000024   Code   RO         5953    i.USART2_IRQHandler  stm32l4xx_it.o
    0x080060ec   0x080060ec   0x0000002c   Code   RO         5954    i.USART3_IRQHandler  stm32l4xx_it.o
    0x08006118   0x08006118   0x000000ac   Code   RO         1665    i.USART_DMA_Restart  uart.o
    0x080061c4   0x080061c4   0x000001cc   Code   RO         1666    i.UartOpen          uart.o
    0x08006390   0x08006390   0x00000098   Code   RO         1667    i.UartRead          uart.o
    0x08006428   0x08006428   0x000000a0   Code   RO         1668    i.UartRecv_1        uart.o
    0x080064c8   0x080064c8   0x000000a0   Code   RO         1669    i.UartRecv_2        uart.o
    0x08006568   0x08006568   0x00000064   Code   RO         1670    i.UartSend_1        uart.o
    0x080065cc   0x080065cc   0x00000064   Code   RO         1671    i.UartSend_2        uart.o
    0x08006630   0x08006630   0x00000040   Code   RO         1672    i.UartWrite         uart.o
    0x08006670   0x08006670   0x00000060   Code   RO         6547    i.Uart_CFG          sysinit.o
    0x080066d0   0x080066d0   0x00000002   Code   RO         5955    i.UsageFault_Handler  stm32l4xx_it.o
    0x080066d2   0x080066d2   0x00000002   PAD
    0x080066d4   0x080066d4   0x00000042   Code   RO         6061    i.Utils_CheckCmdStr  command.o
    0x08006716   0x08006716   0x00000002   PAD
    0x08006718   0x08006718   0x000000c8   Code   RO         1800    i.W25Q128_Data_Prog  w25q128.o
    0x080067e0   0x080067e0   0x0000007c   Code   RO         1801    i.W25Q128_Data_Read  w25q128.o
    0x0800685c   0x0800685c   0x0000002a   Code   RO         1802    i.W25Q128_Erase_Chip  w25q128.o
    0x08006886   0x08006886   0x0000001e   Code   RO         1806    i.W25Q128_IS_Busy   w25q128.o
    0x080068a4   0x080068a4   0x00000026   Code   RO         1807    i.W25Q128_Init      w25q128.o
    0x080068ca   0x080068ca   0x00000034   Code   RO         1808    i.W25Q128_Read_Reg  w25q128.o
    0x080068fe   0x080068fe   0x00000024   Code   RO         1809    i.W25Q128_Recv_Buf  w25q128.o
    0x08006922   0x08006922   0x00000030   Code   RO         1810    i.W25Q128_Reset     w25q128.o
    0x08006952   0x08006952   0x0000000c   Code   RO         1595    i.W25Q128_SET_CS_HIGH  spi.o
    0x0800695e   0x0800695e   0x0000000e   Code   RO         1596    i.W25Q128_SET_CS_LOW  spi.o
    0x0800696c   0x0800696c   0x00000032   Code   RO         1812    i.W25Q128_Send_Buf  w25q128.o
    0x0800699e   0x0800699e   0x00000018   Code   RO         1814    i.W25Q128_WriteEnable  w25q128.o
    0x080069b6   0x080069b6   0x00000002   Code   RO         6454    i._Error_Handler    main.o
    0x080069b8   0x080069b8   0x00000028   Code   RO         7532    i.__0sprintf        mc_w.l(printfa.o)
    0x080069e0   0x080069e0   0x00000030   Code   RO         7610    i.__ARM_fpclassify  m_wm.l(fpclassify.o)
    0x08006a10   0x08006a10   0x00000020   Code   RO         2705    i.__NVIC_SetPriority  stm32l4xx_hal_cortex.o
    0x08006a30   0x08006a30   0x00000008   Code   RO         7646    i.__aeabi_errno_addr  mc_w.l(errno.o)
    0x08006a38   0x08006a38   0x00000038   Code   RO         7193    i.__hardfp_atof     m_wm.l(atof.o)
    0x08006a70   0x08006a70   0x000000d0   Code   RO         7199    i.__hardfp_modf     m_wm.l(modf.o)
    0x08006b40   0x08006b40   0x00000c80   Code   RO         7205    i.__hardfp_pow      m_wm.l(pow.o)
    0x080077c0   0x080077c0   0x0000007a   Code   RO         7219    i.__hardfp_sqrt     m_wm.l(sqrt.o)
    0x0800783a   0x0800783a   0x000000f8   Code   RO         7612    i.__kernel_poly     m_wm.l(poly.o)
    0x08007932   0x08007932   0x00000006   PAD
    0x08007938   0x08007938   0x00000030   Code   RO         7590    i.__mathlib_dbl_divzero  m_wm.l(dunder.o)
    0x08007968   0x08007968   0x00000014   Code   RO         7592    i.__mathlib_dbl_infnan2  m_wm.l(dunder.o)
    0x0800797c   0x0800797c   0x00000004   PAD
    0x08007980   0x08007980   0x00000020   Code   RO         7593    i.__mathlib_dbl_invalid  m_wm.l(dunder.o)
    0x080079a0   0x080079a0   0x00000020   Code   RO         7594    i.__mathlib_dbl_overflow  m_wm.l(dunder.o)
    0x080079c0   0x080079c0   0x00000020   Code   RO         7596    i.__mathlib_dbl_underflow  m_wm.l(dunder.o)
    0x080079e0   0x080079e0   0x0000000c   Code   RO         7647    i.__read_errno      mc_w.l(errno.o)
    0x080079ec   0x080079ec   0x0000000e   Code   RO         7693    i.__scatterload_copy  mc_w.l(handlers.o)
    0x080079fa   0x080079fa   0x00000002   Code   RO         7694    i.__scatterload_null  mc_w.l(handlers.o)
    0x080079fc   0x080079fc   0x0000000e   Code   RO         7695    i.__scatterload_zeroinit  mc_w.l(handlers.o)
    0x08007a0a   0x08007a0a   0x00000002   PAD
    0x08007a0c   0x08007a0c   0x0000000c   Code   RO         7648    i.__set_errno       mc_w.l(errno.o)
    0x08007a18   0x08007a18   0x0000018a   Code   RO         7537    i._fp_digits        mc_w.l(printfa.o)
    0x08007ba2   0x08007ba2   0x0000000e   Code   RO         7564    i._is_digit         mc_w.l(scanf_fp.o)
    0x08007bb0   0x08007bb0   0x000006e2   Code   RO         7538    i._printf_core      mc_w.l(printfa.o)
    0x08008292   0x08008292   0x00000024   Code   RO         7539    i._printf_post_padding  mc_w.l(printfa.o)
    0x080082b6   0x080082b6   0x0000002e   Code   RO         7540    i._printf_pre_padding  mc_w.l(printfa.o)
    0x080082e4   0x080082e4   0x0000000a   Code   RO         7542    i._sputc            mc_w.l(printfa.o)
    0x080082ee   0x080082ee   0x00000002   PAD
    0x080082f0   0x080082f0   0x00000028   Code   RO         6875    i.autosend          sensor_process.o
    0x08008318   0x08008318   0x00000012   Code   RO         1909    i.bcd_trans_char    ds3231.o
    0x0800832a   0x0800832a   0x00000002   PAD
    0x0800832c   0x0800832c   0x00000064   Code   RO         6063    i.check_data        command.o
    0x08008390   0x08008390   0x00000098   Code   RO         6064    i.check_datetime    command.o
    0x08008428   0x08008428   0x0000002c   Code   RO         6065    i.check_digit       command.o
    0x08008454   0x08008454   0x00000144   Code   RO         6066    i.check_element     command.o
    0x08008598   0x08008598   0x00000088   Code   RO         6716    i.check_event_autosend  sensor_basic.o
    0x08008620   0x08008620   0x0000004a   Code   RO         6067    i.check_format      command.o
    0x0800866a   0x0800866a   0x00000002   PAD
    0x0800866c   0x0800866c   0x00000120   Code   RO         6068    i.check_sensor      command.o
    0x0800878c   0x0800878c   0x00000016   Code   RO         6069    i.check_time        command.o
    0x080087a2   0x080087a2   0x00000002   PAD
    0x080087a4   0x080087a4   0x000000a0   Code   RO         6645    i.checkuart         uartprocess.o
    0x08008844   0x08008844   0x00000118   Code   RO         6070    i.cmd_asl           command.o
    0x0800895c   0x0800895c   0x000001d0   Code   RO         6071    i.cmd_at            command.o
    0x08008b2c   0x08008b2c   0x000000e8   Code   RO         6072    i.cmd_autocheck     command.o
    0x08008c14   0x08008c14   0x00000344   Code   RO         6073    i.cmd_cfc           command.o
    0x08008f58   0x08008f58   0x000002c6   Code   RO         6074    i.cmd_cr            command.o
    0x0800921e   0x0800921e   0x00000002   PAD
    0x08009220   0x08009220   0x00000160   Code   RO         6075    i.cmd_date          command.o
    0x08009380   0x08009380   0x000001d0   Code   RO         6076    i.cmd_datetime      command.o
    0x08009550   0x08009550   0x00000118   Code   RO         6077    i.cmd_debugoff      command.o
    0x08009668   0x08009668   0x00000114   Code   RO         6078    i.cmd_debugon       command.o
    0x0800977c   0x0800977c   0x000000b8   Code   RO         6079    i.cmd_di            command.o
    0x08009834   0x08009834   0x000002e0   Code   RO         6080    i.cmd_down          command.o
    0x08009b14   0x08009b14   0x000001da   Code   RO         6081    i.cmd_erase_check   command.o
    0x08009cee   0x08009cee   0x00000002   PAD
    0x08009cf0   0x08009cf0   0x00000112   Code   RO         6082    i.cmd_fat           command.o
    0x08009e02   0x08009e02   0x00000002   PAD
    0x08009e04   0x08009e04   0x00000118   Code   RO         6083    i.cmd_ftd           command.o
    0x08009f1c   0x08009f1c   0x00000070   Code   RO         6084    i.cmd_help          command.o
    0x08009f8c   0x08009f8c   0x00000140   Code   RO         6085    i.cmd_id            command.o
    0x0800a0cc   0x0800a0cc   0x00000138   Code   RO         6086    i.cmd_lat           command.o
    0x0800a204   0x0800a204   0x00000138   Code   RO         6087    i.cmd_long          command.o
    0x0800a33c   0x0800a33c   0x000003d2   Code   RO         6088    i.cmd_qcpm          command.o
    0x0800a70e   0x0800a70e   0x00000002   PAD
    0x0800a710   0x0800a710   0x00000258   Code   RO         6089    i.cmd_qcps          command.o
    0x0800a968   0x0800a968   0x000000f0   Code   RO         6090    i.cmd_qz            command.o
    0x0800aa58   0x0800aa58   0x000000e8   Code   RO         6091    i.cmd_readdata      command.o
    0x0800ab40   0x0800ab40   0x0000006c   Code   RO         6092    i.cmd_reset         command.o
    0x0800abac   0x0800abac   0x00000150   Code   RO         6093    i.cmd_restore       command.o
    0x0800acfc   0x0800acfc   0x0000014c   Code   RO         6094    i.cmd_secdout_off   command.o
    0x0800ae48   0x0800ae48   0x00000154   Code   RO         6095    i.cmd_secdout_on    command.o
    0x0800af9c   0x0800af9c   0x000001f2   Code   RO         6096    i.cmd_setcom        command.o
    0x0800b18e   0x0800b18e   0x00000002   PAD
    0x0800b190   0x0800b190   0x000000d8   Code   RO         6097    i.cmd_setcomway     command.o
    0x0800b268   0x0800b268   0x00000198   Code   RO         6098    i.cmd_shsensor      command.o
    0x0800b400   0x0800b400   0x00000100   Code   RO         6099    i.cmd_sn            command.o
    0x0800b500   0x0800b500   0x000004a4   Code   RO         6100    i.cmd_ss            command.o
    0x0800b9a4   0x0800b9a4   0x000000e4   Code   RO         6101    i.cmd_st            command.o
    0x0800ba88   0x0800ba88   0x0000018c   Code   RO         6102    i.cmd_starttime     command.o
    0x0800bc14   0x0800bc14   0x0000009c   Code   RO         6103    i.cmd_stat          command.o
    0x0800bcb0   0x0800bcb0   0x00000118   Code   RO         6104    i.cmd_stdev         command.o
    0x0800bdc8   0x0800bdc8   0x00000382   Code   RO         6105    i.cmd_stsensor      command.o
    0x0800c14a   0x0800c14a   0x00000002   PAD
    0x0800c14c   0x0800c14c   0x00000088   Code   RO         6106    i.cmd_superadmin    command.o
    0x0800c1d4   0x0800c1d4   0x00000160   Code   RO         6107    i.cmd_time          command.o
    0x0800c334   0x0800c334   0x000000d8   Code   RO         6108    i.cmd_unit          command.o
    0x0800c40c   0x0800c40c   0x00000178   Code   RO         6109    i.cmd_version       command.o
    0x0800c584   0x0800c584   0x0000016a   Code   RO         6110    i.cmd_vv            command.o
    0x0800c6ee   0x0800c6ee   0x00000002   PAD
    0x0800c6f0   0x0800c6f0   0x00000214   Code   RO         6111    i.cmd_windh         command.o
    0x0800c904   0x0800c904   0x00000018   Code   RO         7606    i.fabs              m_wm.l(fabs.o)
    0x0800c91c   0x0800c91c   0x0000002c   Code   RO         6112    i.getSeparator      command.o
    0x0800c948   0x0800c948   0x00000034   Code   RO         6113    i.get_softimer      command.o
    0x0800c97c   0x0800c97c   0x0000002e   Code   RO         6114    i.get_softimer_sec  command.o
    0x0800c9aa   0x0800c9aa   0x00000002   PAD
    0x0800c9ac   0x0800c9ac   0x00000014   Code   RO         6934    i.hal_sensor_init   airh_hal.o
    0x0800c9c0   0x0800c9c0   0x00000024   Code   RO         6549    i.harddog_feed      sysinit.o
    0x0800c9e4   0x0800c9e4   0x00000032   Code   RO         6550    i.harddog_init      sysinit.o
    0x0800ca16   0x0800ca16   0x00000002   PAD
    0x0800ca18   0x0800ca18   0x00000104   Code   RO         6455    i.main              main.o
    0x0800cb1c   0x0800cb1c   0x0000000c   Code   RO         1062    i.makeFreeRtosPriority  cmsis_os.o
    0x0800cb28   0x0800cb28   0x0000000a   Code   RO         1067    i.osKernelStart     cmsis_os.o
    0x0800cb32   0x0800cb32   0x00000014   Code   RO         1100    i.osSystickHandler  cmsis_os.o
    0x0800cb46   0x0800cb46   0x0000002e   Code   RO         1101    i.osThreadCreate    cmsis_os.o
    0x0800cb74   0x0800cb74   0x00000070   Code   RO         6551    i.pam_init          sysinit.o
    0x0800cbe4   0x0800cbe4   0x00000070   Code   RO          732    i.prvAddCurrentTaskToDelayedList  tasks.o
    0x0800cc54   0x0800cc54   0x000000d0   Code   RO          733    i.prvAddNewTaskToReadyList  tasks.o
    0x0800cd24   0x0800cd24   0x00000050   Code   RO          734    i.prvCheckTasksWaitingTermination  tasks.o
    0x0800cd74   0x0800cd74   0x00000026   Code   RO          549    i.prvCopyDataFromQueue  queue.o
    0x0800cd9a   0x0800cd9a   0x0000006c   Code   RO          550    i.prvCopyDataToQueue  queue.o
    0x0800ce06   0x0800ce06   0x00000014   Code   RO          735    i.prvDeleteTCB      tasks.o
    0x0800ce1a   0x0800ce1a   0x00000002   PAD
    0x0800ce1c   0x0800ce1c   0x0000004c   Code   RO          266    i.prvHeapInit       heap_4.o
    0x0800ce68   0x0800ce68   0x00000028   Code   RO          736    i.prvIdleTask       tasks.o
    0x0800ce90   0x0800ce90   0x0000009c   Code   RO          737    i.prvInitialiseNewTask  tasks.o
    0x0800cf2c   0x0800cf2c   0x0000004c   Code   RO          267    i.prvInsertBlockIntoFreeList  heap_4.o
    0x0800cf78   0x0800cf78   0x0000001c   Code   RO          551    i.prvIsQueueEmpty   queue.o
    0x0800cf94   0x0800cf94   0x00000020   Code   RO          739    i.prvResetNextTaskUnblockTime  tasks.o
    0x0800cfb4   0x0800cfb4   0x00000028   Code   RO          341    i.prvTaskExitError  port.o
    0x0800cfdc   0x0800cfdc   0x0000006a   Code   RO          552    i.prvUnlockQueue    queue.o
    0x0800d046   0x0800d046   0x00000002   PAD
    0x0800d048   0x0800d048   0x000000d8   Code   RO          268    i.pvPortMalloc      heap_4.o
    0x0800d120   0x0800d120   0x00000018   Code   RO          741    i.pvTaskIncrementMutexHeldCount  tasks.o
    0x0800d138   0x0800d138   0x0000002c   Code   RO          342    i.pxPortInitialiseStack  port.o
    0x0800d164   0x0800d164   0x00000196   Code   RO         6718    i.read_cfc_data     sensor_basic.o
    0x0800d2fa   0x0800d2fa   0x00000002   PAD
    0x0800d2fc   0x0800d2fc   0x000000e4   Code   RO         6719    i.read_check_data   sensor_basic.o
    0x0800d3e0   0x0800d3e0   0x00000088   Code   RO         6720    i.read_history_mindata  sensor_basic.o
    0x0800d468   0x0800d468   0x00000058   Code   RO         6721    i.read_record_min   sensor_basic.o
    0x0800d4c0   0x0800d4c0   0x0000000c   Code   RO         6553    i.read_sys_cfg      sysinit.o
    0x0800d4cc   0x0800d4cc   0x00000048   Code   RO         6877    i.readdata_task     sensor_process.o
    0x0800d514   0x0800d514   0x00000076   Code   RO         6724    i.save_cr           sensor_basic.o
    0x0800d58a   0x0800d58a   0x00000002   PAD
    0x0800d58c   0x0800d58c   0x000005fc   Code   RO         6115    i.save_element      command.o
    0x0800db88   0x0800db88   0x000003a4   Code   RO         6116    i.save_sensor       command.o
    0x0800df2c   0x0800df2c   0x0000003a   Code   RO         6554    i.save_sys_cfg      sysinit.o
    0x0800df66   0x0800df66   0x00000002   PAD
    0x0800df68   0x0800df68   0x00000088   Code   RO         6726    i.show_history_mindata  sensor_basic.o
    0x0800dff0   0x0800dff0   0x0000006e   Code   RO         7221    i.sqrt              m_wm.l(sqrt.o)
    0x0800e05e   0x0800e05e   0x00000002   PAD
    0x0800e060   0x0800e060   0x0000004c   Code   RO         6555    i.startupprint      sysinit.o
    0x0800e0ac   0x0800e0ac   0x00000068   Code   RO         6556    i.sys_cfg_init      sysinit.o
    0x0800e114   0x0800e114   0x00000114   Code   RO         6557    i.sysinit           sysinit.o
    0x0800e228   0x0800e228   0x0000011c   Code   RO         6558    i.tempdata_init     sysinit.o
    0x0800e344   0x0800e344   0x00000104   Code   RO         6878    i.time_task         sensor_process.o
    0x0800e448   0x0800e448   0x00000002   Code   RO         7130    i.uart1Init         airh_usart1.o
    0x0800e44a   0x0800e44a   0x00000002   PAD
    0x0800e44c   0x0800e44c   0x00000010   Code   RO         6646    i.uartSendStr       uartprocess.o
    0x0800e45c   0x0800e45c   0x00000002   Code   RO         1673    i.uart_printf       uart.o
    0x0800e45e   0x0800e45e   0x00000002   PAD
    0x0800e460   0x0800e460   0x00000090   Code   RO         6647    i.uart_rcv          uartprocess.o
    0x0800e4f0   0x0800e4f0   0x00000160   Code   RO         6117    i.uartcmd_process   command.o
    0x0800e650   0x0800e650   0x00000034   Code   RO         6648    i.uartdev_process   uartprocess.o
    0x0800e684   0x0800e684   0x00000020   Code   RO         6879    i.uartprocess_task  sensor_process.o
    0x0800e6a4   0x0800e6a4   0x00000024   Code   RO          512    i.uxListRemove      list.o
    0x0800e6c8   0x0800e6c8   0x00000016   Code   RO          513    i.vListInitialise   list.o
    0x0800e6de   0x0800e6de   0x00000006   Code   RO          514    i.vListInitialiseItem  list.o
    0x0800e6e4   0x0800e6e4   0x00000030   Code   RO          515    i.vListInsert       list.o
    0x0800e714   0x0800e714   0x00000018   Code   RO          516    i.vListInsertEnd    list.o
    0x0800e72c   0x0800e72c   0x00000040   Code   RO          344    i.vPortEnterCritical  port.o
    0x0800e76c   0x0800e76c   0x00000028   Code   RO          345    i.vPortExitCritical  port.o
    0x0800e794   0x0800e794   0x0000005c   Code   RO          269    i.vPortFree         heap_4.o
    0x0800e7f0   0x0800e7f0   0x00000020   Code   RO          346    i.vPortSetupTimerInterrupt  port.o
    0x0800e810   0x0800e810   0x00000054   Code   RO          347    i.vPortValidateInterruptPriority  port.o
    0x0800e864   0x0800e864   0x0000004c   Code   RO          749    i.vTaskDelay        tasks.o
    0x0800e8b0   0x0800e8b0   0x0000000c   Code   RO          754    i.vTaskMissedYield  tasks.o
    0x0800e8bc   0x0800e8bc   0x00000030   Code   RO          756    i.vTaskPlaceOnEventList  tasks.o
    0x0800e8ec   0x0800e8ec   0x00000084   Code   RO          758    i.vTaskPriorityInherit  tasks.o
    0x0800e970   0x0800e970   0x00000024   Code   RO          762    i.vTaskSetTimeOutState  tasks.o
    0x0800e994   0x0800e994   0x00000068   Code   RO          763    i.vTaskStartScheduler  tasks.o
    0x0800e9fc   0x0800e9fc   0x00000010   Code   RO          765    i.vTaskSuspendAll   tasks.o
    0x0800ea0c   0x0800ea0c   0x0000005c   Code   RO          766    i.vTaskSwitchContext  tasks.o
    0x0800ea68   0x0800ea68   0x000000e0   Code   RO          348    i.xPortStartScheduler  port.o
    0x0800eb48   0x0800eb48   0x0000002c   Code   RO          349    i.xPortSysTickHandler  port.o
    0x0800eb74   0x0800eb74   0x00000052   Code   RO          564    i.xQueueGenericCreate  queue.o
    0x0800ebc6   0x0800ebc6   0x00000002   PAD
    0x0800ebc8   0x0800ebc8   0x00000172   Code   RO          565    i.xQueueGenericReceive  queue.o
    0x0800ed3a   0x0800ed3a   0x00000002   PAD
    0x0800ed3c   0x0800ed3c   0x00000088   Code   RO          566    i.xQueueGenericReset  queue.o
    0x0800edc4   0x0800edc4   0x00000160   Code   RO          567    i.xQueueGenericSend  queue.o
    0x0800ef24   0x0800ef24   0x0000009c   Code   RO          570    i.xQueueGiveFromISR  queue.o
    0x0800efc0   0x0800efc0   0x0000006c   Code   RO          767    i.xTaskCheckForTimeOut  tasks.o
    0x0800f02c   0x0800f02c   0x0000005c   Code   RO          768    i.xTaskCreate       tasks.o
    0x0800f088   0x0800f088   0x0000001c   Code   RO          772    i.xTaskGetSchedulerState  tasks.o
    0x0800f0a4   0x0800f0a4   0x000000c8   Code   RO          775    i.xTaskIncrementTick  tasks.o
    0x0800f16c   0x0800f16c   0x00000098   Code   RO          778    i.xTaskPriorityDisinherit  tasks.o
    0x0800f204   0x0800f204   0x00000074   Code   RO          779    i.xTaskRemoveFromEventList  tasks.o
    0x0800f278   0x0800f278   0x000000c4   Code   RO          781    i.xTaskResumeAll    tasks.o
    0x0800f33c   0x0800f33c   0x00000040   Data   RO            6    .constdata          system_stm32l4xx.o
    0x0800f37c   0x0800f37c   0x00000008   Data   RO            7    .constdata          system_stm32l4xx.o
    0x0800f384   0x0800f384   0x00000170   Data   RO         6119    .constdata          command.o
    0x0800f4f4   0x0800f4f4   0x0000003c   Data   RO         6463    .constdata          main.o
    0x0800f530   0x0800f530   0x00000040   Data   RO         6559    .constdata          sysinit.o
    0x0800f570   0x0800f570   0x00000088   Data   RO         7208    .constdata          m_wm.l(pow.o)
    0x0800f5f8   0x0800f5f8   0x00000081   Data   RO         7237    .constdata          mc_w.l(ctype_o.o)
    0x0800f679   0x0800f679   0x00000003   PAD
    0x0800f67c   0x0800f67c   0x00000004   Data   RO         7238    .constdata          mc_w.l(ctype_o.o)
    0x0800f680   0x0800f680   0x0000000c   Data   RO         7269    .constdata          mc_w.l(mktime.o)
    0x0800f68c   0x0800f68c   0x00000004   PAD
    0x0800f690   0x0800f690   0x00000008   Data   RO         7614    .constdata          m_wm.l(qnan.o)
    0x0800f698   0x0800f698   0x0000000c   Data   RO         7644    .constdata          mc_w.l(localtime_i.o)
    0x0800f6a4   0x0800f6a4   0x000003d3   Data   RO         6120    .conststring        command.o
    0x0800fa77   0x0800fa77   0x00000001   PAD
    0x0800fa78   0x0800fa78   0x0000000d   Data   RO         6464    .conststring        main.o
    0x0800fa85   0x0800fa85   0x00000003   PAD
    0x0800fa88   0x0800fa88   0x00000051   Data   RO         6560    .conststring        sysinit.o
    0x0800fad9   0x0800fad9   0x00000003   PAD
    0x0800fadc   0x0800fadc   0x00000020   Data   RO         7691    Region$$Table       anon$$obj.o


    Execution Region RW_IRAM1 (Exec base: 0x20000000, Load base: 0x0800fafc, Size: 0x000087b8, Max: 0x00010000, ABSOLUTE, COMPRESSED[0x00000040])

    Exec Addr    Load Addr    Size         Type   Attr      Idx    E Section Name        Object

    0x20000000   COMPRESSED   0x00000004   Data   RW            8    .data               system_stm32l4xx.o
    0x20000004   COMPRESSED   0x00000018   Data   RW          274    .data               heap_4.o
    0x2000001c   COMPRESSED   0x0000000c   Data   RW          350    .data               port.o
    0x20000028   COMPRESSED   0x0000003c   Data   RW          784    .data               tasks.o
    0x20000064   COMPRESSED   0x00000002   Data   RW         2042    .data               adc12_a.o
    0x20000066   COMPRESSED   0x00000002   PAD
    0x20000068   COMPRESSED   0x00000004   Data   RW         2154    .data               stm32l4xx_hal.o
    0x2000006c   COMPRESSED   0x00000004   Data   RW         5956    .data               stm32l4xx_it.o
    0x20000070   COMPRESSED   0x00000038   Data   RW         6126    .data               command.o
    0x200000a8   COMPRESSED   0x0000000c   Data   RW         6465    .data               main.o
    0x200000b4   COMPRESSED   0x00000005   Data   RW         6467    .data               main.o
    0x200000b9   COMPRESSED   0x00000003   PAD
    0x200000bc   COMPRESSED   0x00000010   Data   RW         6728    .data               sensor_basic.o
    0x200000cc   COMPRESSED   0x00000004   Data   RW         6729    .data               sensor_basic.o
    0x200000d0   COMPRESSED   0x00000004   Data   RW         6730    .data               sensor_basic.o
    0x200000d4   COMPRESSED   0x00000004   Data   RW         6731    .data               sensor_basic.o
    0x200000d8   COMPRESSED   0x00000004   Data   RW         6732    .data               sensor_basic.o
    0x200000dc   COMPRESSED   0x00000008   Data   RW         6733    .data               sensor_basic.o
    0x200000e4   COMPRESSED   0x00000008   Data   RW         6880    .data               sensor_process.o
    0x200000ec   COMPRESSED   0x00000030   Data   RW         7003    .data               airh_sample.o
    0x2000011c   COMPRESSED   0x00000016   Data   RW         7132    .data               airh_usart1.o
    0x20000132   COMPRESSED   0x00000002   PAD
    0x20000134   COMPRESSED   0x00000004   Data   RW         7290    .data               mc_w.l(strtok.o)
    0x20000138   COMPRESSED   0x00000004   Data   RW         7649    .data               mc_w.l(errno.o)
    0x2000013c        -       0x00005000   Zero   RW          273    .bss                heap_4.o
    0x2000513c        -       0x000000f0   Zero   RW          783    .bss                tasks.o
    0x2000522c        -       0x00000098   Zero   RW         1541    .bss                i2c.o
    0x200052c4        -       0x0000012c   Zero   RW         1597    .bss                spi.o
    0x200053f0        -       0x000015d0   Zero   RW         1674    .bss                uart.o
    0x200069c0        -       0x00000068   Zero   RW         2040    .bss                adc12_a.o
    0x20006a28        -       0x0000025c   Zero   RW         6118    .bss                command.o
    0x20006c84        -       0x00000667   Zero   RW         6460    .bss                main.o
    0x200072eb        -       0x00000032   Zero   RW         6461    .bss                main.o
    0x2000731d        -       0x000002cb   Zero   RW         6462    .bss                main.o
    0x200075e8        -       0x00000316   Zero   RW         6652    .bss                uartprocess.o
    0x200078fe   COMPRESSED   0x00000002   PAD
    0x20007900        -       0x0000086c   Zero   RW         6727    .bss                sensor_basic.o
    0x2000816c        -       0x00000040   Zero   RW         6935    .bss                airh_hal.o
    0x200081ac        -       0x000001e0   Zero   RW         7002    .bss                airh_sample.o
    0x2000838c        -       0x0000002c   Zero   RW         7641    .bss                mc_w.l(localtime_w.o)
    0x200083b8        -       0x00000400   Zero   RW         1450    STACK               startup_stm32l431xx.o


==============================================================================

Image component sizes


      Code (inc. data)   RO Data    RW Data    ZI Data      Debug   Object Name

       492        114          0          2        104       3275   adc12_a.o
       176         50          0          0         64       2009   airh_hal.o
      1934        152          0         48        480       4842   airh_sample.o
       332         36          0          0          0        795   airh_sensor.o
        62         10          0         22          0       2649   airh_usart1.o
        88          0          0          0          0      12402   cmsis_os.o
     20590       5532       1347         56        604      59615   command.o
       438         24          0          0          0      11825   ds3231.o
         0          0          0          0          0       7936   event_groups.o
       460         24          0         24      20480      11239   heap_4.o
       340         60          0          0        152       2975   i2c.o
       136          0          0          0          0       3206   list.o
       712         30         73         17       2404       8406   main.o
       790         84          0         12          0      11281   port.o
      1376         14          0          0          0      11614   queue.o
      2672        310          0         40       2156      15582   sensor_basic.o
       732         78          0          8          0       3502   sensor_process.o
       418         38          0          0        300       3702   spi.o
        36          8        396          0       1024        800   startup_stm32l431xx.o
        90         18          0          4          0       3387   stm32l4xx_hal.o
      1702         48          0          0          0       7481   stm32l4xx_hal_adc.o
       134          0          0          0          0       1726   stm32l4xx_hal_adc_ex.o
       222         14          0          0          0      34537   stm32l4xx_hal_cortex.o
       642         14          0          0          0       4986   stm32l4xx_hal_dma.o
       732         60          0          0          0       4975   stm32l4xx_hal_gpio.o
      1152         22          0          0          0      10693   stm32l4xx_hal_i2c.o
       168          0          0          0          0       1843   stm32l4xx_hal_i2c_ex.o
        60         10          0          0          0        959   stm32l4xx_hal_msp.o
       116         20          0          0          0       1322   stm32l4xx_hal_pwr_ex.o
      1972         96          0          0          0       7144   stm32l4xx_hal_rcc.o
       998         32          0          0          0       2896   stm32l4xx_hal_rcc_ex.o
       174          0          0          0          0       1713   stm32l4xx_hal_spi.o
       912         20          0          0          0      10125   stm32l4xx_hal_tim.o
        80          4          0          0          0       2454   stm32l4xx_hal_tim_ex.o
      1984         92          0          0          0      13730   stm32l4xx_hal_uart.o
         2          0          0          0          0        952   stm32l4xx_hal_uart_ex.o
       238         48          0          4          0       7764   stm32l4xx_it.o
      1104        126        145          0          0       7295   sysinit.o
        68         12         72          4          0     744601   system_stm32l4xx.o
      2080        170          0         60        240      20953   tasks.o
      2384        224          0          0       5584      11789   uart.o
       372         22          0          0        790       3523   uartprocess.o
       644         96          0          0          0       6785   w25q128.o

    ----------------------------------------------------------------------
     49904       7712       2072        308      34384    1091288   Object Totals
         0          0         32          0          0          0   (incl. Generated)
        90          0          7          7          2          0   (incl. Padding)

    ----------------------------------------------------------------------

      Code (inc. data)   RO Data    RW Data    ZI Data      Debug   Library Member Name

        56         12          0          0          0        132   atof.o
       164         44          0          0          0        620   dunder.o
        24          0          0          0          0        124   fabs.o
        48          0          0          0          0        124   fpclassify.o
       208          6          0          0          0        152   modf.o
       248          0          0          0          0        152   poly.o
      3200        296        136          0          0        352   pow.o
         0          0          8          0          0          0   qnan.o
       232          0          0          0          0        296   sqrt.o
        56          8          0          0          0         84   __0sscanf.o
        86          0          0          0          0          0   __dczerorl2.o
        28          0          0          0          0         68   _chval.o
       818          4          0          0          0        112   _scanf.o
       338          0          0          0          0         96   _scanf_int.o
        64          0          0          0          0         84   _sgetc.o
       164          0          0          0          0         92   _strtoul.o
        26          0          0          0          0         80   atoi.o
        26          0          0          0          0         80   atol.o
         8          4        133          0          0         68   ctype_o.o
         0          0          0          0          0          0   entry.o
         0          0          0          0          0          0   entry10a.o
         0          0          0          0          0          0   entry11a.o
         8          4          0          0          0          0   entry2.o
         4          0          0          0          0          0   entry5.o
         0          0          0          0          0          0   entry7b.o
         0          0          0          0          0          0   entry8b.o
         8          4          0          0          0          0   entry9a.o
        32         16          0          4          0        204   errno.o
        30          0          0          0          0          0   handlers.o
        36          8          0          0          0         68   init.o
        18          0          0          0          0         76   isspace_o.o
         0          0          0          0          0          0   iusefp.o
        30          0          0          0          0         68   llshl.o
        36          0          0          0          0         68   llsshr.o
        32          0          0          0          0         68   llushr.o
       140          6         12          0          0         76   localtime_i.o
        12          6          0          0         44         68   localtime_w.o
        36          0          0          0          0         68   memcpya.o
        36          0          0          0          0        108   memseta.o
       168         18         12          0          0         80   mktime.o
      2288         86          0          0          0        520   printfa.o
        40          8          0          0          0         84   scanf_char.o
       884         12          0          0          0        216   scanf_fp.o
        20          0          0          0          0         68   strchr.o
        28          0          0          0          0         76   strcmp.o
        18          0          0          0          0         68   strcpy.o
        14          0          0          0          0         68   strlen.o
        30          0          0          0          0         80   strncmp.o
        24          0          0          0          0         76   strncpy.o
       156         12          0          0          0        120   strtod.o
        68          6          0          4          0         80   strtok.o
       112          0          0          0          0         88   strtol.o
        44          0          0          0          0         80   uidiv.o
       104          0          0          0          0         92   uldiv.o
        48          0          0          0          0         68   cdcmple.o
        48          0          0          0          0         68   cdrcmple.o
        56          0          0          0          0         88   d2f.o
       350          0          0          0          0        148   dadd.o
       222          0          0          0          0        100   ddiv.o
       186          0          0          0          0        176   depilogue.o
        62          0          0          0          0         80   dfixi.o
        48          0          0          0          0         68   dfixul.o
        34          0          0          0          0         76   dflti.o
        26          0          0          0          0         76   dfltui.o
        24          0          0          0          0         76   dfltul.o
       234          0          0          0          0         96   dmul.o
        46          0          0          0          0         80   dscalb.o
       162          0          0          0          0        100   dsqrt.o
        38          0          0          0          0         68   f2d.o
       110          0          0          0          0        168   fepilogue.o

    ----------------------------------------------------------------------
     11968        560        308          8         44       6920   Library Totals
        24          0          7          0          0          0   (incl. Padding)

    ----------------------------------------------------------------------

      Code (inc. data)   RO Data    RW Data    ZI Data      Debug   Library Name

      4180        358        144          0          0       1952   m_wm.l
      6070        202        157          8         44       3432   mc_w.l
      1694          0          0          0          0       1536   mf_w.l

    ----------------------------------------------------------------------
     11968        560        308          8         44       6920   Library Totals

    ----------------------------------------------------------------------

==============================================================================


      Code (inc. data)   RO Data    RW Data    ZI Data      Debug   

     61872       8272       2380        316      34428    1064184   Grand Totals
     61872       8272       2380         64      34428    1064184   ELF Image Totals (compressed)
     61872       8272       2380         64          0          0   ROM Totals

==============================================================================

    Total RO  Size (Code + RO Data)                64252 (  62.75kB)
    Total RW  Size (RW Data + ZI Data)             34744 (  33.93kB)
    Total ROM Size (Code + RO Data + RW Data)      64316 (  62.81kB)

==============================================================================

