<html>
<body>
<pre>
<h1>礦ision Build Log</h1>
<h2>Tool Versions:</h2>
IDE-Version: μVision V5.30.0.0
Copyright (C) 2020 ARM Ltd and ARM Germany GmbH. All rights reserved.
License Information: asd 郭子坤, asd, LIC=IK1BF-6A255-Y8AFK-ZCQK6-9IMF3-T55MJ
 
Tool Versions:
Toolchain:       MDK-ARM Plus  Version: 5.30.0.0
Toolchain Path:  D:\software\Keil\ARM\ARMCC\Bin
C Compiler:      Armcc.exe V5.06 update 6 (build 750)
Assembler:       Armasm.exe V5.06 update 6 (build 750)
Linker/Locator:  ArmLink.exe V5.06 update 6 (build 750)
Library Manager: ArmAr.exe V5.06 update 6 (build 750)
Hex Converter:   FromElf.exe V5.06 update 6 (build 750)
CPU DLL:         SARMCM3.DLL V5.30.0.0
Dialog DLL:      DCM.DLL V1.17.3.0
Target DLL:      STLink\ST-LINKIII-KEIL_SWO.dll V3.0.7.0
Dialog DLL:      TCM.DLL V1.42.0.0
 
<h2>Project:</h2>
D:\software\GIT\project\stm32\6_airHumi\Project.uvprojx
Project File Date:  08/21/2020

<h2>Output:</h2>
*** Using Compiler 'V5.06 update 6 (build 750)', folder: 'D:\software\Keil\ARM\ARMCC\Bin'
Build target 'STM32L476G-Discovery'
compiling i2c.c...
..\BSP\ds3231.h(36): warning:  #9-D: nested comment is not allowed
  /*
..\STM32L4xx_HAL_Driver\Inc\stm32l4xx_hal_flash.h(832): warning:  #47-D: incompatible redefinition of macro "FLASH_SIZE"  (declared at line 940 of "D:\software\Keil\Packs\Keil\STM32L4xx_DFP\2.3.0\Drivers\CMSIS\Device\ST\STM32L4xx\Include\stm32l431xx.h")
  #define FLASH_SIZE                         ((((*((uint16_t *)FLASH_SIZE_DATA_REGISTER)) == 0xFFFF)) ? (0x400 << 10) : \
..\BSP\i2c.c: 2 warnings, 0 errors
compiling ds3231.c...
..\BSP\ds3231.h(36): warning:  #9-D: nested comment is not allowed
  /*
..\STM32L4xx_HAL_Driver\Inc\stm32l4xx_hal_flash.h(832): warning:  #47-D: incompatible redefinition of macro "FLASH_SIZE"  (declared at line 940 of "D:\software\Keil\Packs\Keil\STM32L4xx_DFP\2.3.0\Drivers\CMSIS\Device\ST\STM32L4xx\Include\stm32l431xx.h")
  #define FLASH_SIZE                         ((((*((uint16_t *)FLASH_SIZE_DATA_REGISTER)) == 0xFFFF)) ? (0x400 << 10) : \
..\BSP\ds3231.c(78): warning:  #177-D: variable "mem"  was declared but never referenced
  		unsigned char mem[10];
..\BSP\ds3231.c(124): warning:  #177-D: variable "mem"  was declared but never referenced
  	unsigned char mem[10];
..\BSP\ds3231.c(269): warning:  #1035-D: single-precision operand implicitly converted to double-precision
      fTempNum0 *= 0.25;  //小数部分
..\BSP\ds3231.c(279): warning:  #1035-D: single-precision operand implicitly converted to double-precision
      *pdat = (int)((fTempNum+0.05)*10);//四舍五入，放大十倍输出，如16.22输出162,16.26输出163
..\BSP\ds3231.c: 6 warnings, 0 errors
compiling uart.c...
..\BSP\ds3231.h(36): warning:  #9-D: nested comment is not allowed
  /*
..\STM32L4xx_HAL_Driver\Inc\stm32l4xx_hal_flash.h(832): warning:  #47-D: incompatible redefinition of macro "FLASH_SIZE"  (declared at line 940 of "D:\software\Keil\Packs\Keil\STM32L4xx_DFP\2.3.0\Drivers\CMSIS\Device\ST\STM32L4xx\Include\stm32l431xx.h")
  #define FLASH_SIZE                         ((((*((uint16_t *)FLASH_SIZE_DATA_REGISTER)) == 0xFFFF)) ? (0x400 << 10) : \
..\BSP\uart.c(665): warning:  #177-D: variable "stat"  was declared but never referenced
  	uint8_t stat = 0;
..\BSP\uart.c(732): warning:  #177-D: variable "stat"  was declared but never referenced
  	uint8_t stat = 0;
..\BSP\uart.c: 4 warnings, 0 errors
compiling spi.c...
..\BSP\ds3231.h(36): warning:  #9-D: nested comment is not allowed
  /*
..\STM32L4xx_HAL_Driver\Inc\stm32l4xx_hal_flash.h(832): warning:  #47-D: incompatible redefinition of macro "FLASH_SIZE"  (declared at line 940 of "D:\software\Keil\Packs\Keil\STM32L4xx_DFP\2.3.0\Drivers\CMSIS\Device\ST\STM32L4xx\Include\stm32l431xx.h")
  #define FLASH_SIZE                         ((((*((uint16_t *)FLASH_SIZE_DATA_REGISTER)) == 0xFFFF)) ? (0x400 << 10) : \
..\BSP\spi.c(90): warning:  #940-D: missing return statement at end of non-void function "SPIInit" 
  }
..\BSP\spi.c: 3 warnings, 0 errors
compiling system_stm32l4xx.c...
..\BSP\ds3231.h(36): warning:  #9-D: nested comment is not allowed
  /*
..\STM32L4xx_HAL_Driver\Inc\stm32l4xx_hal_flash.h(832): warning:  #47-D: incompatible redefinition of macro "FLASH_SIZE"  (declared at line 940 of "D:\software\Keil\Packs\Keil\STM32L4xx_DFP\2.3.0\Drivers\CMSIS\Device\ST\STM32L4xx\Include\stm32l431xx.h")
  #define FLASH_SIZE                         ((((*((uint16_t *)FLASH_SIZE_DATA_REGISTER)) == 0xFFFF)) ? (0x400 << 10) : \
..\APP\system_stm32l4xx.c: 2 warnings, 0 errors
compiling stm32l4xx_hal.c...
..\BSP\ds3231.h(36): warning:  #9-D: nested comment is not allowed
  /*
..\STM32L4xx_HAL_Driver\Inc\stm32l4xx_hal_flash.h(832): warning:  #47-D: incompatible redefinition of macro "FLASH_SIZE"  (declared at line 940 of "D:\software\Keil\Packs\Keil\STM32L4xx_DFP\2.3.0\Drivers\CMSIS\Device\ST\STM32L4xx\Include\stm32l431xx.h")
  #define FLASH_SIZE                         ((((*((uint16_t *)FLASH_SIZE_DATA_REGISTER)) == 0xFFFF)) ? (0x400 << 10) : \
..\STM32L4xx_HAL_Driver\Src\stm32l4xx_hal.c: 2 warnings, 0 errors
compiling adc12_a.c...
..\STM32L4xx_HAL_Driver\Inc\stm32l4xx_hal_flash.h(832): warning:  #47-D: incompatible redefinition of macro "FLASH_SIZE"  (declared at line 940 of "D:\software\Keil\Packs\Keil\STM32L4xx_DFP\2.3.0\Drivers\CMSIS\Device\ST\STM32L4xx\Include\stm32l431xx.h")
  #define FLASH_SIZE                         ((((*((uint16_t *)FLASH_SIZE_DATA_REGISTER)) == 0xFFFF)) ? (0x400 << 10) : \
..\BSP\ds3231.h(36): warning:  #9-D: nested comment is not allowed
  /*
..\BSP\adc12_a.c(348): warning:  #940-D: missing return statement at end of non-void function "Start_ADC" 
  }
..\BSP\adc12_a.c: 3 warnings, 0 errors
compiling stm32l4xx_hal_cortex.c...
..\BSP\ds3231.h(36): warning:  #9-D: nested comment is not allowed
  /*
..\STM32L4xx_HAL_Driver\Inc\stm32l4xx_hal_flash.h(832): warning:  #47-D: incompatible redefinition of macro "FLASH_SIZE"  (declared at line 940 of "D:\software\Keil\Packs\Keil\STM32L4xx_DFP\2.3.0\Drivers\CMSIS\Device\ST\STM32L4xx\Include\stm32l431xx.h")
  #define FLASH_SIZE                         ((((*((uint16_t *)FLASH_SIZE_DATA_REGISTER)) == 0xFFFF)) ? (0x400 << 10) : \
..\STM32L4xx_HAL_Driver\Src\stm32l4xx_hal_cortex.c: 2 warnings, 0 errors
compiling stm32l4xx_hal_dma.c...
..\BSP\ds3231.h(36): warning:  #9-D: nested comment is not allowed
  /*
..\STM32L4xx_HAL_Driver\Inc\stm32l4xx_hal_flash.h(832): warning:  #47-D: incompatible redefinition of macro "FLASH_SIZE"  (declared at line 940 of "D:\software\Keil\Packs\Keil\STM32L4xx_DFP\2.3.0\Drivers\CMSIS\Device\ST\STM32L4xx\Include\stm32l431xx.h")
  #define FLASH_SIZE                         ((((*((uint16_t *)FLASH_SIZE_DATA_REGISTER)) == 0xFFFF)) ? (0x400 << 10) : \
..\STM32L4xx_HAL_Driver\Src\stm32l4xx_hal_dma.c: 2 warnings, 0 errors
compiling stm32l4xx_hal_dma_ex.c...
..\BSP\ds3231.h(36): warning:  #9-D: nested comment is not allowed
  /*
..\STM32L4xx_HAL_Driver\Inc\stm32l4xx_hal_flash.h(832): warning:  #47-D: incompatible redefinition of macro "FLASH_SIZE"  (declared at line 940 of "D:\software\Keil\Packs\Keil\STM32L4xx_DFP\2.3.0\Drivers\CMSIS\Device\ST\STM32L4xx\Include\stm32l431xx.h")
  #define FLASH_SIZE                         ((((*((uint16_t *)FLASH_SIZE_DATA_REGISTER)) == 0xFFFF)) ? (0x400 << 10) : \
..\STM32L4xx_HAL_Driver\Src\stm32l4xx_hal_dma_ex.c: 2 warnings, 0 errors
compiling stm32l4xx_hal_comp.c...
..\BSP\ds3231.h(36): warning:  #9-D: nested comment is not allowed
  /*
..\STM32L4xx_HAL_Driver\Inc\stm32l4xx_hal_flash.h(832): warning:  #47-D: incompatible redefinition of macro "FLASH_SIZE"  (declared at line 940 of "D:\software\Keil\Packs\Keil\STM32L4xx_DFP\2.3.0\Drivers\CMSIS\Device\ST\STM32L4xx\Include\stm32l431xx.h")
  #define FLASH_SIZE                         ((((*((uint16_t *)FLASH_SIZE_DATA_REGISTER)) == 0xFFFF)) ? (0x400 << 10) : \
..\STM32L4xx_HAL_Driver\Src\stm32l4xx_hal_comp.c: 2 warnings, 0 errors
compiling stm32l4xx_hal_firewall.c...
..\BSP\ds3231.h(36): warning:  #9-D: nested comment is not allowed
  /*
..\STM32L4xx_HAL_Driver\Inc\stm32l4xx_hal_flash.h(832): warning:  #47-D: incompatible redefinition of macro "FLASH_SIZE"  (declared at line 940 of "D:\software\Keil\Packs\Keil\STM32L4xx_DFP\2.3.0\Drivers\CMSIS\Device\ST\STM32L4xx\Include\stm32l431xx.h")
  #define FLASH_SIZE                         ((((*((uint16_t *)FLASH_SIZE_DATA_REGISTER)) == 0xFFFF)) ? (0x400 << 10) : \
..\STM32L4xx_HAL_Driver\Src\stm32l4xx_hal_firewall.c: 2 warnings, 0 errors
compiling stm32l4xx_hal_adc_ex.c...
..\BSP\ds3231.h(36): warning:  #9-D: nested comment is not allowed
  /*
..\STM32L4xx_HAL_Driver\Inc\stm32l4xx_hal_flash.h(832): warning:  #47-D: incompatible redefinition of macro "FLASH_SIZE"  (declared at line 940 of "D:\software\Keil\Packs\Keil\STM32L4xx_DFP\2.3.0\Drivers\CMSIS\Device\ST\STM32L4xx\Include\stm32l431xx.h")
  #define FLASH_SIZE                         ((((*((uint16_t *)FLASH_SIZE_DATA_REGISTER)) == 0xFFFF)) ? (0x400 << 10) : \
..\STM32L4xx_HAL_Driver\Src\stm32l4xx_hal_adc_ex.c: 2 warnings, 0 errors
compiling stm32l4xx_hal_adc.c...
..\BSP\ds3231.h(36): warning:  #9-D: nested comment is not allowed
  /*
..\STM32L4xx_HAL_Driver\Inc\stm32l4xx_hal_flash.h(832): warning:  #47-D: incompatible redefinition of macro "FLASH_SIZE"  (declared at line 940 of "D:\software\Keil\Packs\Keil\STM32L4xx_DFP\2.3.0\Drivers\CMSIS\Device\ST\STM32L4xx\Include\stm32l431xx.h")
  #define FLASH_SIZE                         ((((*((uint16_t *)FLASH_SIZE_DATA_REGISTER)) == 0xFFFF)) ? (0x400 << 10) : \
..\STM32L4xx_HAL_Driver\Src\stm32l4xx_hal_adc.c: 2 warnings, 0 errors
compiling stm32l4xx_hal_gpio.c...
..\BSP\ds3231.h(36): warning:  #9-D: nested comment is not allowed
  /*
..\STM32L4xx_HAL_Driver\Inc\stm32l4xx_hal_flash.h(832): warning:  #47-D: incompatible redefinition of macro "FLASH_SIZE"  (declared at line 940 of "D:\software\Keil\Packs\Keil\STM32L4xx_DFP\2.3.0\Drivers\CMSIS\Device\ST\STM32L4xx\Include\stm32l431xx.h")
  #define FLASH_SIZE                         ((((*((uint16_t *)FLASH_SIZE_DATA_REGISTER)) == 0xFFFF)) ? (0x400 << 10) : \
..\STM32L4xx_HAL_Driver\Src\stm32l4xx_hal_gpio.c: 2 warnings, 0 errors
compiling stm32l4xx_hal_tim_ex.c...
..\BSP\ds3231.h(36): warning:  #9-D: nested comment is not allowed
  /*
..\STM32L4xx_HAL_Driver\Inc\stm32l4xx_hal_flash.h(832): warning:  #47-D: incompatible redefinition of macro "FLASH_SIZE"  (declared at line 940 of "D:\software\Keil\Packs\Keil\STM32L4xx_DFP\2.3.0\Drivers\CMSIS\Device\ST\STM32L4xx\Include\stm32l431xx.h")
  #define FLASH_SIZE                         ((((*((uint16_t *)FLASH_SIZE_DATA_REGISTER)) == 0xFFFF)) ? (0x400 << 10) : \
..\STM32L4xx_HAL_Driver\Src\stm32l4xx_hal_tim_ex.c: 2 warnings, 0 errors
compiling stm32l4xx_hal_i2c_ex.c...
..\BSP\ds3231.h(36): warning:  #9-D: nested comment is not allowed
  /*
..\STM32L4xx_HAL_Driver\Inc\stm32l4xx_hal_flash.h(832): warning:  #47-D: incompatible redefinition of macro "FLASH_SIZE"  (declared at line 940 of "D:\software\Keil\Packs\Keil\STM32L4xx_DFP\2.3.0\Drivers\CMSIS\Device\ST\STM32L4xx\Include\stm32l431xx.h")
  #define FLASH_SIZE                         ((((*((uint16_t *)FLASH_SIZE_DATA_REGISTER)) == 0xFFFF)) ? (0x400 << 10) : \
..\STM32L4xx_HAL_Driver\Src\stm32l4xx_hal_i2c_ex.c: 2 warnings, 0 errors
compiling stm32l4xx_hal_flash.c...
..\BSP\ds3231.h(36): warning:  #9-D: nested comment is not allowed
  /*
..\STM32L4xx_HAL_Driver\Inc\stm32l4xx_hal_flash.h(832): warning:  #47-D: incompatible redefinition of macro "FLASH_SIZE"  (declared at line 940 of "D:\software\Keil\Packs\Keil\STM32L4xx_DFP\2.3.0\Drivers\CMSIS\Device\ST\STM32L4xx\Include\stm32l431xx.h")
  #define FLASH_SIZE                         ((((*((uint16_t *)FLASH_SIZE_DATA_REGISTER)) == 0xFFFF)) ? (0x400 << 10) : \
..\STM32L4xx_HAL_Driver\Src\stm32l4xx_hal_flash.c: 2 warnings, 0 errors
compiling stm32l4xx_hal_uart.c...
..\BSP\ds3231.h(36): warning:  #9-D: nested comment is not allowed
  /*
..\STM32L4xx_HAL_Driver\Inc\stm32l4xx_hal_flash.h(832): warning:  #47-D: incompatible redefinition of macro "FLASH_SIZE"  (declared at line 940 of "D:\software\Keil\Packs\Keil\STM32L4xx_DFP\2.3.0\Drivers\CMSIS\Device\ST\STM32L4xx\Include\stm32l431xx.h")
  #define FLASH_SIZE                         ((((*((uint16_t *)FLASH_SIZE_DATA_REGISTER)) == 0xFFFF)) ? (0x400 << 10) : \
..\STM32L4xx_HAL_Driver\Src\stm32l4xx_hal_uart.c: 2 warnings, 0 errors
compiling stm32l4xx_hal_i2c.c...
..\BSP\ds3231.h(36): warning:  #9-D: nested comment is not allowed
  /*
..\STM32L4xx_HAL_Driver\Inc\stm32l4xx_hal_flash.h(832): warning:  #47-D: incompatible redefinition of macro "FLASH_SIZE"  (declared at line 940 of "D:\software\Keil\Packs\Keil\STM32L4xx_DFP\2.3.0\Drivers\CMSIS\Device\ST\STM32L4xx\Include\stm32l431xx.h")
  #define FLASH_SIZE                         ((((*((uint16_t *)FLASH_SIZE_DATA_REGISTER)) == 0xFFFF)) ? (0x400 << 10) : \
..\STM32L4xx_HAL_Driver\Src\stm32l4xx_hal_i2c.c: 2 warnings, 0 errors
compiling stm32l4xx_hal_tim.c...
..\BSP\ds3231.h(36): warning:  #9-D: nested comment is not allowed
  /*
..\STM32L4xx_HAL_Driver\Inc\stm32l4xx_hal_flash.h(832): warning:  #47-D: incompatible redefinition of macro "FLASH_SIZE"  (declared at line 940 of "D:\software\Keil\Packs\Keil\STM32L4xx_DFP\2.3.0\Drivers\CMSIS\Device\ST\STM32L4xx\Include\stm32l431xx.h")
  #define FLASH_SIZE                         ((((*((uint16_t *)FLASH_SIZE_DATA_REGISTER)) == 0xFFFF)) ? (0x400 << 10) : \
..\STM32L4xx_HAL_Driver\Src\stm32l4xx_hal_tim.c: 2 warnings, 0 errors
compiling stm32l4xx_hal_flash_ex.c...
..\BSP\ds3231.h(36): warning:  #9-D: nested comment is not allowed
  /*
..\STM32L4xx_HAL_Driver\Inc\stm32l4xx_hal_flash.h(832): warning:  #47-D: incompatible redefinition of macro "FLASH_SIZE"  (declared at line 940 of "D:\software\Keil\Packs\Keil\STM32L4xx_DFP\2.3.0\Drivers\CMSIS\Device\ST\STM32L4xx\Include\stm32l431xx.h")
  #define FLASH_SIZE                         ((((*((uint16_t *)FLASH_SIZE_DATA_REGISTER)) == 0xFFFF)) ? (0x400 << 10) : \
..\STM32L4xx_HAL_Driver\Src\stm32l4xx_hal_flash_ex.c: 2 warnings, 0 errors
compiling stm32l4xx_hal_flash_ramfunc.c...
..\BSP\ds3231.h(36): warning:  #9-D: nested comment is not allowed
  /*
..\STM32L4xx_HAL_Driver\Inc\stm32l4xx_hal_flash.h(832): warning:  #47-D: incompatible redefinition of macro "FLASH_SIZE"  (declared at line 940 of "D:\software\Keil\Packs\Keil\STM32L4xx_DFP\2.3.0\Drivers\CMSIS\Device\ST\STM32L4xx\Include\stm32l431xx.h")
  #define FLASH_SIZE                         ((((*((uint16_t *)FLASH_SIZE_DATA_REGISTER)) == 0xFFFF)) ? (0x400 << 10) : \
..\STM32L4xx_HAL_Driver\Src\stm32l4xx_hal_flash_ramfunc.c: 2 warnings, 0 errors
compiling stm32l4xx_hal_uart_ex.c...
..\BSP\ds3231.h(36): warning:  #9-D: nested comment is not allowed
  /*
..\STM32L4xx_HAL_Driver\Inc\stm32l4xx_hal_flash.h(832): warning:  #47-D: incompatible redefinition of macro "FLASH_SIZE"  (declared at line 940 of "D:\software\Keil\Packs\Keil\STM32L4xx_DFP\2.3.0\Drivers\CMSIS\Device\ST\STM32L4xx\Include\stm32l431xx.h")
  #define FLASH_SIZE                         ((((*((uint16_t *)FLASH_SIZE_DATA_REGISTER)) == 0xFFFF)) ? (0x400 << 10) : \
..\STM32L4xx_HAL_Driver\Src\stm32l4xx_hal_uart_ex.c: 2 warnings, 0 errors
compiling stm32l4xx_hal_rcc_ex.c...
..\BSP\ds3231.h(36): warning:  #9-D: nested comment is not allowed
  /*
..\STM32L4xx_HAL_Driver\Inc\stm32l4xx_hal_flash.h(832): warning:  #47-D: incompatible redefinition of macro "FLASH_SIZE"  (declared at line 940 of "D:\software\Keil\Packs\Keil\STM32L4xx_DFP\2.3.0\Drivers\CMSIS\Device\ST\STM32L4xx\Include\stm32l431xx.h")
  #define FLASH_SIZE                         ((((*((uint16_t *)FLASH_SIZE_DATA_REGISTER)) == 0xFFFF)) ? (0x400 << 10) : \
..\STM32L4xx_HAL_Driver\Src\stm32l4xx_hal_rcc_ex.c: 2 warnings, 0 errors
compiling stm32l4xx_hal_pwr_ex.c...
..\BSP\ds3231.h(36): warning:  #9-D: nested comment is not allowed
  /*
..\STM32L4xx_HAL_Driver\Inc\stm32l4xx_hal_flash.h(832): warning:  #47-D: incompatible redefinition of macro "FLASH_SIZE"  (declared at line 940 of "D:\software\Keil\Packs\Keil\STM32L4xx_DFP\2.3.0\Drivers\CMSIS\Device\ST\STM32L4xx\Include\stm32l431xx.h")
  #define FLASH_SIZE                         ((((*((uint16_t *)FLASH_SIZE_DATA_REGISTER)) == 0xFFFF)) ? (0x400 << 10) : \
..\STM32L4xx_HAL_Driver\Src\stm32l4xx_hal_pwr_ex.c: 2 warnings, 0 errors
compiling stm32l4xx_hal_spi.c...
..\BSP\ds3231.h(36): warning:  #9-D: nested comment is not allowed
  /*
..\STM32L4xx_HAL_Driver\Inc\stm32l4xx_hal_flash.h(832): warning:  #47-D: incompatible redefinition of macro "FLASH_SIZE"  (declared at line 940 of "D:\software\Keil\Packs\Keil\STM32L4xx_DFP\2.3.0\Drivers\CMSIS\Device\ST\STM32L4xx\Include\stm32l431xx.h")
  #define FLASH_SIZE                         ((((*((uint16_t *)FLASH_SIZE_DATA_REGISTER)) == 0xFFFF)) ? (0x400 << 10) : \
..\STM32L4xx_HAL_Driver\Src\stm32l4xx_hal_spi.c: 2 warnings, 0 errors
compiling stm32l4xx_hal_rcc.c...
..\BSP\ds3231.h(36): warning:  #9-D: nested comment is not allowed
  /*
..\STM32L4xx_HAL_Driver\Inc\stm32l4xx_hal_flash.h(832): warning:  #47-D: incompatible redefinition of macro "FLASH_SIZE"  (declared at line 940 of "D:\software\Keil\Packs\Keil\STM32L4xx_DFP\2.3.0\Drivers\CMSIS\Device\ST\STM32L4xx\Include\stm32l431xx.h")
  #define FLASH_SIZE                         ((((*((uint16_t *)FLASH_SIZE_DATA_REGISTER)) == 0xFFFF)) ? (0x400 << 10) : \
..\STM32L4xx_HAL_Driver\Src\stm32l4xx_hal_rcc.c: 2 warnings, 0 errors
compiling stm32l4xx_hal_pwr.c...
..\BSP\ds3231.h(36): warning:  #9-D: nested comment is not allowed
  /*
..\STM32L4xx_HAL_Driver\Inc\stm32l4xx_hal_flash.h(832): warning:  #47-D: incompatible redefinition of macro "FLASH_SIZE"  (declared at line 940 of "D:\software\Keil\Packs\Keil\STM32L4xx_DFP\2.3.0\Drivers\CMSIS\Device\ST\STM32L4xx\Include\stm32l431xx.h")
  #define FLASH_SIZE                         ((((*((uint16_t *)FLASH_SIZE_DATA_REGISTER)) == 0xFFFF)) ? (0x400 << 10) : \
..\STM32L4xx_HAL_Driver\Src\stm32l4xx_hal_pwr.c: 2 warnings, 0 errors
compiling sysinit.c...
..\STM32L4xx_HAL_Driver\Inc\stm32l4xx_hal_flash.h(832): warning:  #47-D: incompatible redefinition of macro "FLASH_SIZE"  (declared at line 940 of "D:\software\Keil\Packs\Keil\STM32L4xx_DFP\2.3.0\Drivers\CMSIS\Device\ST\STM32L4xx\Include\stm32l431xx.h")
  #define FLASH_SIZE                         ((((*((uint16_t *)FLASH_SIZE_DATA_REGISTER)) == 0xFFFF)) ? (0x400 << 10) : \
..\BSP\ds3231.h(36): warning:  #9-D: nested comment is not allowed
  /*
..\APP\product\sysinit.c(130): warning:  #223-D: function "Init_ADC" declared implicitly
  	Init_ADC();
..\APP\product\sysinit.c(326): warning:  #940-D: missing return statement at end of non-void function "pam_init" 
  }
..\APP\product\sysinit.c(348): warning:  #177-D: variable "i"  was declared but never referenced
      U8 i, sn_buf[40];
..\APP\product\sysinit.c: 5 warnings, 0 errors
compiling main.c...
..\STM32L4xx_HAL_Driver\Inc\stm32l4xx_hal_flash.h(832): warning:  #47-D: incompatible redefinition of macro "FLASH_SIZE"  (declared at line 940 of "D:\software\Keil\Packs\Keil\STM32L4xx_DFP\2.3.0\Drivers\CMSIS\Device\ST\STM32L4xx\Include\stm32l431xx.h")
  #define FLASH_SIZE                         ((((*((uint16_t *)FLASH_SIZE_DATA_REGISTER)) == 0xFFFF)) ? (0x400 << 10) : \
..\BSP\ds3231.h(36): warning:  #9-D: nested comment is not allowed
  /*
..\APP\product\main.c(141): warning:  #177-D: variable "RCC_PeriphCLKInitStruct"  was declared but never referenced
    RCC_PeriphCLKInitTypeDef  RCC_PeriphCLKInitStruct;
..\APP\product\main.c(207): warning:  #951-D: return type of function "main" must be "int"
  void main( void )
..\APP\product\main.c(230): warning:  #144-D: a value of type "void (*)(void *)" cannot be used to initialize an entity of type "os_pthread"
      osThreadDef(UART_PROCESS, uartprocess_task, UART_PROCESS_TASK_PRIORITY, 0, TASK_UART_PROCESS_STACK_SIZE);
..\APP\product\main.c(230): warning:  #188-D: enumerated type mixed with another type
      osThreadDef(UART_PROCESS, uartprocess_task, UART_PROCESS_TASK_PRIORITY, 0, TASK_UART_PROCESS_STACK_SIZE);
..\APP\product\main.c(232): warning:  #144-D: a value of type "void (*)(void *)" cannot be used to initialize an entity of type "os_pthread"
      osThreadDef(TIME, time_task, TIME_TASK_PRIORITY, 0, TASK_TIME_STACK_SIZE);
..\APP\product\main.c(232): warning:  #188-D: enumerated type mixed with another type
      osThreadDef(TIME, time_task, TIME_TASK_PRIORITY, 0, TASK_TIME_STACK_SIZE);
..\APP\product\main.c(234): warning:  #144-D: a value of type "void (*)(void *)" cannot be used to initialize an entity of type "os_pthread"
      osThreadDef(EVENT_SAMPLE, check_event_sample_task, EVENT_SAMPLE_TASK_PRIORITY, 0, TASK_EVENT_SAMPLE_STACK_SIZE);
..\APP\product\main.c(234): warning:  #188-D: enumerated type mixed with another type
      osThreadDef(EVENT_SAMPLE, check_event_sample_task, EVENT_SAMPLE_TASK_PRIORITY, 0, TASK_EVENT_SAMPLE_STACK_SIZE);
..\APP\product\main.c(236): warning:  #144-D: a value of type "void (*)(void *)" cannot be used to initialize an entity of type "os_pthread"
      osThreadDef(READDATA, readdata_task, READDATA_TASK_PRIORITY, 0, TASK_READDATA_STACK_SIZE);
..\APP\product\main.c(236): warning:  #188-D: enumerated type mixed with another type
      osThreadDef(READDATA, readdata_task, READDATA_TASK_PRIORITY, 0, TASK_READDATA_STACK_SIZE);
..\APP\product\main.c(442): warning:  #177-D: variable "ulCounter"  was declared but never referenced
      static unsigned long ulCounter = 0;
..\APP\product\main.c(444): warning:  #177-D: variable "ulCheckFrequency"  was declared but never referenced
      static const unsigned long ulCheckFrequency = 5000UL / portTICK_PERIOD_MS;
..\APP\product\main.c: 14 warnings, 0 errors
compiling stm32l4xx_hal_msp.c...
..\BSP\ds3231.h(36): warning:  #9-D: nested comment is not allowed
  /*
..\STM32L4xx_HAL_Driver\Inc\stm32l4xx_hal_flash.h(832): warning:  #47-D: incompatible redefinition of macro "FLASH_SIZE"  (declared at line 940 of "D:\software\Keil\Packs\Keil\STM32L4xx_DFP\2.3.0\Drivers\CMSIS\Device\ST\STM32L4xx\Include\stm32l431xx.h")
  #define FLASH_SIZE                         ((((*((uint16_t *)FLASH_SIZE_DATA_REGISTER)) == 0xFFFF)) ? (0x400 << 10) : \
..\APP\stm32l4xx_hal_msp.c: 2 warnings, 0 errors
compiling stm32l4xx_it.c...
..\BSP\ds3231.h(36): warning:  #9-D: nested comment is not allowed
  /*
..\STM32L4xx_HAL_Driver\Inc\stm32l4xx_hal_flash.h(832): warning:  #47-D: incompatible redefinition of macro "FLASH_SIZE"  (declared at line 940 of "D:\software\Keil\Packs\Keil\STM32L4xx_DFP\2.3.0\Drivers\CMSIS\Device\ST\STM32L4xx\Include\stm32l431xx.h")
  #define FLASH_SIZE                         ((((*((uint16_t *)FLASH_SIZE_DATA_REGISTER)) == 0xFFFF)) ? (0x400 << 10) : \
..\APP\stm32l4xx_it.c: 2 warnings, 0 errors
compiling uartprocess.c...
..\STM32L4xx_HAL_Driver\Inc\stm32l4xx_hal_flash.h(832): warning:  #47-D: incompatible redefinition of macro "FLASH_SIZE"  (declared at line 940 of "D:\software\Keil\Packs\Keil\STM32L4xx_DFP\2.3.0\Drivers\CMSIS\Device\ST\STM32L4xx\Include\stm32l431xx.h")
  #define FLASH_SIZE                         ((((*((uint16_t *)FLASH_SIZE_DATA_REGISTER)) == 0xFFFF)) ? (0x400 << 10) : \
..\BSP\ds3231.h(36): warning:  #9-D: nested comment is not allowed
  /*
..\APP\product\uartprocess.c: 2 warnings, 0 errors
compiling command.c...
..\STM32L4xx_HAL_Driver\Inc\stm32l4xx_hal_flash.h(832): warning:  #47-D: incompatible redefinition of macro "FLASH_SIZE"  (declared at line 940 of "D:\software\Keil\Packs\Keil\STM32L4xx_DFP\2.3.0\Drivers\CMSIS\Device\ST\STM32L4xx\Include\stm32l431xx.h")
  #define FLASH_SIZE                         ((((*((uint16_t *)FLASH_SIZE_DATA_REGISTER)) == 0xFFFF)) ? (0x400 << 10) : \
..\BSP\ds3231.h(36): warning:  #9-D: nested comment is not allowed
  /*
..\APP\product\command.c(3532): warning:  #1035-D: single-precision operand implicitly converted to double-precision
  		        temp_qs->change = bcm_info.sensor.qs[temp_num - 1].change * 0.750062;
..\APP\product\command.c(3533): warning:  #1035-D: single-precision operand implicitly converted to double-precision
  		        temp_qs->max    = bcm_info.sensor.qs[temp_num - 1].max    * 0.750062;
..\APP\product\command.c(3534): warning:  #1035-D: single-precision operand implicitly converted to double-precision
  		        temp_qs->min    = bcm_info.sensor.qs[temp_num - 1].min    * 0.750062;
..\APP\product\command.c(3538): warning:  #1035-D: single-precision operand implicitly converted to double-precision
                  temp_qs->change = bcm_info.sensor.qs[temp_num - 1].change * 0.029530;
..\APP\product\command.c(3539): warning:  #1035-D: single-precision operand implicitly converted to double-precision
                  temp_qs->max    = bcm_info.sensor.qs[temp_num - 1].max    * 0.029530;
..\APP\product\command.c(3540): warning:  #1035-D: single-precision operand implicitly converted to double-precision
                  temp_qs->min    = bcm_info.sensor.qs[temp_num - 1].min    * 0.029530;
..\APP\product\command.c(3689): warning:  #1035-D: single-precision operand implicitly converted to double-precision
                      if(temp_min < 75.0076)          {goto err;}
..\APP\product\command.c(3690): warning:  #1035-D: single-precision operand implicitly converted to double-precision
                      if(temp_max > 1125.093)         {goto err;}
..\APP\product\command.c(3695): warning:  #1035-D: single-precision operand implicitly converted to double-precision
                      temp_qs->min    = temp_min / 0.750062;
..\APP\product\command.c(3696): warning:  #1035-D: single-precision operand implicitly converted to double-precision
                      temp_qs->max    = temp_max / 0.750062;
..\APP\product\command.c(3701): warning:  #1035-D: single-precision operand implicitly converted to double-precision
                      if(temp_min < 2.953)          {goto err;}
..\APP\product\command.c(3702): warning:  #1035-D: single-precision operand implicitly converted to double-precision
                      if(temp_max > 44.295)         {goto err;}
..\APP\product\command.c(3707): warning:  #1035-D: single-precision operand implicitly converted to double-precision
                      temp_qs->min    = temp_min / 0.029530;
..\APP\product\command.c(3708): warning:  #1035-D: single-precision operand implicitly converted to double-precision
                      temp_qs->max    = temp_max / 0.029530;
..\APP\product\command.c: 16 warnings, 0 errors
compiling AirH_Sample.c...
..\STM32L4xx_HAL_Driver\Inc\stm32l4xx_hal_flash.h(832): warning:  #47-D: incompatible redefinition of macro "FLASH_SIZE"  (declared at line 940 of "D:\software\Keil\Packs\Keil\STM32L4xx_DFP\2.3.0\Drivers\CMSIS\Device\ST\STM32L4xx\Include\stm32l431xx.h")
  #define FLASH_SIZE                         ((((*((uint16_t *)FLASH_SIZE_DATA_REGISTER)) == 0xFFFF)) ? (0x400 << 10) : \
..\BSP\ds3231.h(36): warning:  #9-D: nested comment is not allowed
  /*
..\APP\sensor\6_airHumi\AirH_Sample.c(154): warning:  #550-D: variable "Temperature"  was set but never used
      float temp_value[3] = {0}, Temperature = 0;
..\APP\sensor\6_airHumi\AirH_Sample.c(341): warning:  #177-D: variable "j"  was declared but never referenced
    unsigned char i = 0, j = 0, count = 0;
..\APP\sensor\6_airHumi\AirH_Sample.c: 4 warnings, 0 errors
compiling AirH_USART1.c...
..\STM32L4xx_HAL_Driver\Inc\stm32l4xx_hal_flash.h(832): warning:  #47-D: incompatible redefinition of macro "FLASH_SIZE"  (declared at line 940 of "D:\software\Keil\Packs\Keil\STM32L4xx_DFP\2.3.0\Drivers\CMSIS\Device\ST\STM32L4xx\Include\stm32l431xx.h")
  #define FLASH_SIZE                         ((((*((uint16_t *)FLASH_SIZE_DATA_REGISTER)) == 0xFFFF)) ? (0x400 << 10) : \
..\BSP\ds3231.h(36): warning:  #9-D: nested comment is not allowed
  /*
..\APP\sensor\6_airHumi\AirH_USART1.c: 2 warnings, 0 errors
compiling AirH_Hal.c...
..\STM32L4xx_HAL_Driver\Inc\stm32l4xx_hal_flash.h(832): warning:  #47-D: incompatible redefinition of macro "FLASH_SIZE"  (declared at line 940 of "D:\software\Keil\Packs\Keil\STM32L4xx_DFP\2.3.0\Drivers\CMSIS\Device\ST\STM32L4xx\Include\stm32l431xx.h")
  #define FLASH_SIZE                         ((((*((uint16_t *)FLASH_SIZE_DATA_REGISTER)) == 0xFFFF)) ? (0x400 << 10) : \
..\BSP\ds3231.h(36): warning:  #9-D: nested comment is not allowed
  /*
..\APP\sensor\6_airHumi\AirH_Hal.c: 2 warnings, 0 errors
compiling sensor_process.c...
..\STM32L4xx_HAL_Driver\Inc\stm32l4xx_hal_flash.h(832): warning:  #47-D: incompatible redefinition of macro "FLASH_SIZE"  (declared at line 940 of "D:\software\Keil\Packs\Keil\STM32L4xx_DFP\2.3.0\Drivers\CMSIS\Device\ST\STM32L4xx\Include\stm32l431xx.h")
  #define FLASH_SIZE                         ((((*((uint16_t *)FLASH_SIZE_DATA_REGISTER)) == 0xFFFF)) ? (0x400 << 10) : \
..\BSP\ds3231.h(36): warning:  #9-D: nested comment is not allowed
  /*
..\APP\sensor\sensor_process.c: 2 warnings, 0 errors
compiling AirH_Sensor.c...
..\STM32L4xx_HAL_Driver\Inc\stm32l4xx_hal_flash.h(832): warning:  #47-D: incompatible redefinition of macro "FLASH_SIZE"  (declared at line 940 of "D:\software\Keil\Packs\Keil\STM32L4xx_DFP\2.3.0\Drivers\CMSIS\Device\ST\STM32L4xx\Include\stm32l431xx.h")
  #define FLASH_SIZE                         ((((*((uint16_t *)FLASH_SIZE_DATA_REGISTER)) == 0xFFFF)) ? (0x400 << 10) : \
..\BSP\ds3231.h(36): warning:  #9-D: nested comment is not allowed
  /*
..\APP\sensor\6_airHumi\AirH_Sensor.c: 2 warnings, 0 errors
compiling sensor_basic.c...
..\STM32L4xx_HAL_Driver\Inc\stm32l4xx_hal_flash.h(832): warning:  #47-D: incompatible redefinition of macro "FLASH_SIZE"  (declared at line 940 of "D:\software\Keil\Packs\Keil\STM32L4xx_DFP\2.3.0\Drivers\CMSIS\Device\ST\STM32L4xx\Include\stm32l431xx.h")
  #define FLASH_SIZE                         ((((*((uint16_t *)FLASH_SIZE_DATA_REGISTER)) == 0xFFFF)) ? (0x400 << 10) : \
..\BSP\ds3231.h(36): warning:  #9-D: nested comment is not allowed
  /*
..\APP\sensor\sensor_basic.c(75): warning:  #223-D: function "Start_ADC" declared implicitly
          Start_ADC(0);
..\APP\sensor\sensor_basic.c(76): warning:  #223-D: function "Check_ADC" declared implicitly
          if(Check_ADC(&buffer))
..\APP\sensor\sensor_basic.c(87): warning:  #1035-D: single-precision operand implicitly converted to double-precision
          fp_1 = (3.3 * (float)value) / 4096;                                     // 求出电压值
..\APP\sensor\sensor_basic.c: 5 warnings, 0 errors
linking...
Program Size: Code=63252 RO-data=2416 RW-data=312 ZI-data=34544  
"STM32L476G-Discovery\STM32L476G-Discovery.axf" - 0 Error(s), 124 Warning(s).

<h2>Software Packages used:</h2>

Package Vendor: ARM
                http://www.keil.com/pack/ARM.CMSIS.5.7.0.pack
                ARM.CMSIS.5.7.0
                CMSIS (Cortex Microcontroller Software Interface Standard)
   * Component: CORE Version: 5.4.0

Package Vendor: Keil
                https://www.keil.com/pack/Keil.STM32L4xx_DFP.2.3.0.pack
                Keil.STM32L4xx_DFP.2.3.0
                STMicroelectronics STM32L4 Series Device Support, Drivers and Examples

<h2>Collection of Component include folders:</h2>
  .\RTE\_STM32L476G-Discovery
  D:\software\Keil\Packs\ARM\CMSIS\5.7.0\CMSIS\Core\Include
  D:\software\Keil\Packs\Keil\STM32L4xx_DFP\2.3.0\Drivers\CMSIS\Device\ST\STM32L4xx\Include

<h2>Collection of Component Files used:</h2>

   * Component: ARM::CMSIS:CORE:5.4.0
Build Time Elapsed:  00:01:49
</pre>
</body>
</html>
