<html>
<body>
<pre>
<h1>礦ision Build Log</h1>
<h2>Tool Versions:</h2>
IDE-Version: μVision V5.30.0.0
Copyright (C) 2020 ARM Ltd and ARM Germany GmbH. All rights reserved.
License Information: asd 郭子坤, asd, LIC=IK1BF-6A255-Y8AFK-ZCQK6-9IMF3-T55MJ
 
Tool Versions:
Toolchain:       MDK-ARM Plus  Version: 5.30.0.0
Toolchain Path:  D:\software\Keil\ARM\ARMCC\Bin
C Compiler:      Armcc.exe V5.06 update 6 (build 750)
Assembler:       Armasm.exe V5.06 update 6 (build 750)
Linker/Locator:  ArmLink.exe V5.06 update 6 (build 750)
Library Manager: ArmAr.exe V5.06 update 6 (build 750)
Hex Converter:   FromElf.exe V5.06 update 6 (build 750)
CPU DLL:         SARMCM3.DLL V5.30.0.0
Dialog DLL:      DCM.DLL V1.17.3.0
Target DLL:      STLink\ST-LINKIII-KEIL_SWO.dll V3.0.7.0
Dialog DLL:      TCM.DLL V1.42.0.0
 
<h2>Project:</h2>
D:\software\GIT\project\stm32\1_earthTemp\Project.uvprojx
Project File Date:  12/07/2020

<h2>Output:</h2>
*** Using Compiler 'V5.06 update 6 (build 750)', folder: 'D:\software\Keil\ARM\ARMCC\Bin'
Build target 'STM32L476G-Discovery'
compiling i2c.c...
..\STM32L4xx_HAL_Driver\Inc\stm32l4xx_hal_flash.h(832): warning:  #47-D: incompatible redefinition of macro "FLASH_SIZE"  (declared at line 940 of "D:\software\Keil\Packs\Keil\STM32L4xx_DFP\2.3.0\Drivers\CMSIS\Device\ST\STM32L4xx\Include\stm32l431xx.h")
  #define FLASH_SIZE                         ((((*((uint16_t *)FLASH_SIZE_DATA_REGISTER)) == 0xFFFF)) ? (0x400 << 10) : \
..\BSP\i2c.c: 1 warning, 0 errors
compiling ds3231.c...
..\STM32L4xx_HAL_Driver\Inc\stm32l4xx_hal_flash.h(832): warning:  #47-D: incompatible redefinition of macro "FLASH_SIZE"  (declared at line 940 of "D:\software\Keil\Packs\Keil\STM32L4xx_DFP\2.3.0\Drivers\CMSIS\Device\ST\STM32L4xx\Include\stm32l431xx.h")
  #define FLASH_SIZE                         ((((*((uint16_t *)FLASH_SIZE_DATA_REGISTER)) == 0xFFFF)) ? (0x400 << 10) : \
..\BSP\ds3231.c: 1 warning, 0 errors
compiling W25Q128.c...
..\STM32L4xx_HAL_Driver\Inc\stm32l4xx_hal_flash.h(832): warning:  #47-D: incompatible redefinition of macro "FLASH_SIZE"  (declared at line 940 of "D:\software\Keil\Packs\Keil\STM32L4xx_DFP\2.3.0\Drivers\CMSIS\Device\ST\STM32L4xx\Include\stm32l431xx.h")
  #define FLASH_SIZE                         ((((*((uint16_t *)FLASH_SIZE_DATA_REGISTER)) == 0xFFFF)) ? (0x400 << 10) : \
..\BSP\W25Q128.c: 1 warning, 0 errors
compiling spi.c...
..\STM32L4xx_HAL_Driver\Inc\stm32l4xx_hal_flash.h(832): warning:  #47-D: incompatible redefinition of macro "FLASH_SIZE"  (declared at line 940 of "D:\software\Keil\Packs\Keil\STM32L4xx_DFP\2.3.0\Drivers\CMSIS\Device\ST\STM32L4xx\Include\stm32l431xx.h")
  #define FLASH_SIZE                         ((((*((uint16_t *)FLASH_SIZE_DATA_REGISTER)) == 0xFFFF)) ? (0x400 << 10) : \
..\BSP\spi.c: 1 warning, 0 errors
compiling AD7792.c...
..\STM32L4xx_HAL_Driver\Inc\stm32l4xx_hal_flash.h(832): warning:  #47-D: incompatible redefinition of macro "FLASH_SIZE"  (declared at line 940 of "D:\software\Keil\Packs\Keil\STM32L4xx_DFP\2.3.0\Drivers\CMSIS\Device\ST\STM32L4xx\Include\stm32l431xx.h")
  #define FLASH_SIZE                         ((((*((uint16_t *)FLASH_SIZE_DATA_REGISTER)) == 0xFFFF)) ? (0x400 << 10) : \
..\BSP\AD7792.c: 1 warning, 0 errors
compiling uart.c...
..\STM32L4xx_HAL_Driver\Inc\stm32l4xx_hal_flash.h(832): warning:  #47-D: incompatible redefinition of macro "FLASH_SIZE"  (declared at line 940 of "D:\software\Keil\Packs\Keil\STM32L4xx_DFP\2.3.0\Drivers\CMSIS\Device\ST\STM32L4xx\Include\stm32l431xx.h")
  #define FLASH_SIZE                         ((((*((uint16_t *)FLASH_SIZE_DATA_REGISTER)) == 0xFFFF)) ? (0x400 << 10) : \
..\BSP\uart.c: 1 warning, 0 errors
compiling stm32l4xx_hal.c...
..\STM32L4xx_HAL_Driver\Inc\stm32l4xx_hal_flash.h(832): warning:  #47-D: incompatible redefinition of macro "FLASH_SIZE"  (declared at line 940 of "D:\software\Keil\Packs\Keil\STM32L4xx_DFP\2.3.0\Drivers\CMSIS\Device\ST\STM32L4xx\Include\stm32l431xx.h")
  #define FLASH_SIZE                         ((((*((uint16_t *)FLASH_SIZE_DATA_REGISTER)) == 0xFFFF)) ? (0x400 << 10) : \
..\STM32L4xx_HAL_Driver\Src\stm32l4xx_hal.c: 1 warning, 0 errors
compiling system_stm32l4xx.c...
..\STM32L4xx_HAL_Driver\Inc\stm32l4xx_hal_flash.h(832): warning:  #47-D: incompatible redefinition of macro "FLASH_SIZE"  (declared at line 940 of "D:\software\Keil\Packs\Keil\STM32L4xx_DFP\2.3.0\Drivers\CMSIS\Device\ST\STM32L4xx\Include\stm32l431xx.h")
  #define FLASH_SIZE                         ((((*((uint16_t *)FLASH_SIZE_DATA_REGISTER)) == 0xFFFF)) ? (0x400 << 10) : \
..\APP\system_stm32l4xx.c: 1 warning, 0 errors
compiling stm32l4xx_hal_cortex.c...
..\STM32L4xx_HAL_Driver\Inc\stm32l4xx_hal_flash.h(832): warning:  #47-D: incompatible redefinition of macro "FLASH_SIZE"  (declared at line 940 of "D:\software\Keil\Packs\Keil\STM32L4xx_DFP\2.3.0\Drivers\CMSIS\Device\ST\STM32L4xx\Include\stm32l431xx.h")
  #define FLASH_SIZE                         ((((*((uint16_t *)FLASH_SIZE_DATA_REGISTER)) == 0xFFFF)) ? (0x400 << 10) : \
..\STM32L4xx_HAL_Driver\Src\stm32l4xx_hal_cortex.c: 1 warning, 0 errors
compiling stm32l4xx_hal_dma_ex.c...
..\STM32L4xx_HAL_Driver\Inc\stm32l4xx_hal_flash.h(832): warning:  #47-D: incompatible redefinition of macro "FLASH_SIZE"  (declared at line 940 of "D:\software\Keil\Packs\Keil\STM32L4xx_DFP\2.3.0\Drivers\CMSIS\Device\ST\STM32L4xx\Include\stm32l431xx.h")
  #define FLASH_SIZE                         ((((*((uint16_t *)FLASH_SIZE_DATA_REGISTER)) == 0xFFFF)) ? (0x400 << 10) : \
..\STM32L4xx_HAL_Driver\Src\stm32l4xx_hal_dma_ex.c: 1 warning, 0 errors
compiling adc12_a.c...
..\STM32L4xx_HAL_Driver\Inc\stm32l4xx_hal_flash.h(832): warning:  #47-D: incompatible redefinition of macro "FLASH_SIZE"  (declared at line 940 of "D:\software\Keil\Packs\Keil\STM32L4xx_DFP\2.3.0\Drivers\CMSIS\Device\ST\STM32L4xx\Include\stm32l431xx.h")
  #define FLASH_SIZE                         ((((*((uint16_t *)FLASH_SIZE_DATA_REGISTER)) == 0xFFFF)) ? (0x400 << 10) : \
..\BSP\adc12_a.c: 1 warning, 0 errors
compiling stm32l4xx_hal_flash.c...
..\STM32L4xx_HAL_Driver\Inc\stm32l4xx_hal_flash.h(832): warning:  #47-D: incompatible redefinition of macro "FLASH_SIZE"  (declared at line 940 of "D:\software\Keil\Packs\Keil\STM32L4xx_DFP\2.3.0\Drivers\CMSIS\Device\ST\STM32L4xx\Include\stm32l431xx.h")
  #define FLASH_SIZE                         ((((*((uint16_t *)FLASH_SIZE_DATA_REGISTER)) == 0xFFFF)) ? (0x400 << 10) : \
..\STM32L4xx_HAL_Driver\Src\stm32l4xx_hal_flash.c: 1 warning, 0 errors
compiling stm32l4xx_hal_adc_ex.c...
..\STM32L4xx_HAL_Driver\Inc\stm32l4xx_hal_flash.h(832): warning:  #47-D: incompatible redefinition of macro "FLASH_SIZE"  (declared at line 940 of "D:\software\Keil\Packs\Keil\STM32L4xx_DFP\2.3.0\Drivers\CMSIS\Device\ST\STM32L4xx\Include\stm32l431xx.h")
  #define FLASH_SIZE                         ((((*((uint16_t *)FLASH_SIZE_DATA_REGISTER)) == 0xFFFF)) ? (0x400 << 10) : \
..\STM32L4xx_HAL_Driver\Src\stm32l4xx_hal_adc_ex.c: 1 warning, 0 errors
compiling stm32l4xx_hal_comp.c...
..\STM32L4xx_HAL_Driver\Inc\stm32l4xx_hal_flash.h(832): warning:  #47-D: incompatible redefinition of macro "FLASH_SIZE"  (declared at line 940 of "D:\software\Keil\Packs\Keil\STM32L4xx_DFP\2.3.0\Drivers\CMSIS\Device\ST\STM32L4xx\Include\stm32l431xx.h")
  #define FLASH_SIZE                         ((((*((uint16_t *)FLASH_SIZE_DATA_REGISTER)) == 0xFFFF)) ? (0x400 << 10) : \
..\STM32L4xx_HAL_Driver\Src\stm32l4xx_hal_comp.c: 1 warning, 0 errors
compiling stm32l4xx_hal_dma.c...
..\STM32L4xx_HAL_Driver\Inc\stm32l4xx_hal_flash.h(832): warning:  #47-D: incompatible redefinition of macro "FLASH_SIZE"  (declared at line 940 of "D:\software\Keil\Packs\Keil\STM32L4xx_DFP\2.3.0\Drivers\CMSIS\Device\ST\STM32L4xx\Include\stm32l431xx.h")
  #define FLASH_SIZE                         ((((*((uint16_t *)FLASH_SIZE_DATA_REGISTER)) == 0xFFFF)) ? (0x400 << 10) : \
..\STM32L4xx_HAL_Driver\Src\stm32l4xx_hal_dma.c: 1 warning, 0 errors
compiling stm32l4xx_hal_i2c.c...
..\STM32L4xx_HAL_Driver\Inc\stm32l4xx_hal_flash.h(832): warning:  #47-D: incompatible redefinition of macro "FLASH_SIZE"  (declared at line 940 of "D:\software\Keil\Packs\Keil\STM32L4xx_DFP\2.3.0\Drivers\CMSIS\Device\ST\STM32L4xx\Include\stm32l431xx.h")
  #define FLASH_SIZE                         ((((*((uint16_t *)FLASH_SIZE_DATA_REGISTER)) == 0xFFFF)) ? (0x400 << 10) : \
..\STM32L4xx_HAL_Driver\Src\stm32l4xx_hal_i2c.c: 1 warning, 0 errors
compiling stm32l4xx_hal_adc.c...
..\STM32L4xx_HAL_Driver\Inc\stm32l4xx_hal_flash.h(832): warning:  #47-D: incompatible redefinition of macro "FLASH_SIZE"  (declared at line 940 of "D:\software\Keil\Packs\Keil\STM32L4xx_DFP\2.3.0\Drivers\CMSIS\Device\ST\STM32L4xx\Include\stm32l431xx.h")
  #define FLASH_SIZE                         ((((*((uint16_t *)FLASH_SIZE_DATA_REGISTER)) == 0xFFFF)) ? (0x400 << 10) : \
..\STM32L4xx_HAL_Driver\Src\stm32l4xx_hal_adc.c: 1 warning, 0 errors
compiling stm32l4xx_hal_gpio.c...
..\STM32L4xx_HAL_Driver\Inc\stm32l4xx_hal_flash.h(832): warning:  #47-D: incompatible redefinition of macro "FLASH_SIZE"  (declared at line 940 of "D:\software\Keil\Packs\Keil\STM32L4xx_DFP\2.3.0\Drivers\CMSIS\Device\ST\STM32L4xx\Include\stm32l431xx.h")
  #define FLASH_SIZE                         ((((*((uint16_t *)FLASH_SIZE_DATA_REGISTER)) == 0xFFFF)) ? (0x400 << 10) : \
..\STM32L4xx_HAL_Driver\Src\stm32l4xx_hal_gpio.c: 1 warning, 0 errors
compiling stm32l4xx_hal_firewall.c...
..\STM32L4xx_HAL_Driver\Inc\stm32l4xx_hal_flash.h(832): warning:  #47-D: incompatible redefinition of macro "FLASH_SIZE"  (declared at line 940 of "D:\software\Keil\Packs\Keil\STM32L4xx_DFP\2.3.0\Drivers\CMSIS\Device\ST\STM32L4xx\Include\stm32l431xx.h")
  #define FLASH_SIZE                         ((((*((uint16_t *)FLASH_SIZE_DATA_REGISTER)) == 0xFFFF)) ? (0x400 << 10) : \
..\STM32L4xx_HAL_Driver\Src\stm32l4xx_hal_firewall.c: 1 warning, 0 errors
compiling stm32l4xx_hal_spi.c...
..\STM32L4xx_HAL_Driver\Inc\stm32l4xx_hal_flash.h(832): warning:  #47-D: incompatible redefinition of macro "FLASH_SIZE"  (declared at line 940 of "D:\software\Keil\Packs\Keil\STM32L4xx_DFP\2.3.0\Drivers\CMSIS\Device\ST\STM32L4xx\Include\stm32l431xx.h")
  #define FLASH_SIZE                         ((((*((uint16_t *)FLASH_SIZE_DATA_REGISTER)) == 0xFFFF)) ? (0x400 << 10) : \
..\STM32L4xx_HAL_Driver\Src\stm32l4xx_hal_spi.c: 1 warning, 0 errors
compiling stm32l4xx_hal_i2c_ex.c...
..\STM32L4xx_HAL_Driver\Inc\stm32l4xx_hal_flash.h(832): warning:  #47-D: incompatible redefinition of macro "FLASH_SIZE"  (declared at line 940 of "D:\software\Keil\Packs\Keil\STM32L4xx_DFP\2.3.0\Drivers\CMSIS\Device\ST\STM32L4xx\Include\stm32l431xx.h")
  #define FLASH_SIZE                         ((((*((uint16_t *)FLASH_SIZE_DATA_REGISTER)) == 0xFFFF)) ? (0x400 << 10) : \
..\STM32L4xx_HAL_Driver\Src\stm32l4xx_hal_i2c_ex.c: 1 warning, 0 errors
compiling stm32l4xx_hal_uart_ex.c...
..\STM32L4xx_HAL_Driver\Inc\stm32l4xx_hal_flash.h(832): warning:  #47-D: incompatible redefinition of macro "FLASH_SIZE"  (declared at line 940 of "D:\software\Keil\Packs\Keil\STM32L4xx_DFP\2.3.0\Drivers\CMSIS\Device\ST\STM32L4xx\Include\stm32l431xx.h")
  #define FLASH_SIZE                         ((((*((uint16_t *)FLASH_SIZE_DATA_REGISTER)) == 0xFFFF)) ? (0x400 << 10) : \
..\STM32L4xx_HAL_Driver\Src\stm32l4xx_hal_uart_ex.c: 1 warning, 0 errors
compiling stm32l4xx_hal_tim.c...
..\STM32L4xx_HAL_Driver\Inc\stm32l4xx_hal_flash.h(832): warning:  #47-D: incompatible redefinition of macro "FLASH_SIZE"  (declared at line 940 of "D:\software\Keil\Packs\Keil\STM32L4xx_DFP\2.3.0\Drivers\CMSIS\Device\ST\STM32L4xx\Include\stm32l431xx.h")
  #define FLASH_SIZE                         ((((*((uint16_t *)FLASH_SIZE_DATA_REGISTER)) == 0xFFFF)) ? (0x400 << 10) : \
..\STM32L4xx_HAL_Driver\Src\stm32l4xx_hal_tim.c: 1 warning, 0 errors
compiling stm32l4xx_hal_uart.c...
..\STM32L4xx_HAL_Driver\Inc\stm32l4xx_hal_flash.h(832): warning:  #47-D: incompatible redefinition of macro "FLASH_SIZE"  (declared at line 940 of "D:\software\Keil\Packs\Keil\STM32L4xx_DFP\2.3.0\Drivers\CMSIS\Device\ST\STM32L4xx\Include\stm32l431xx.h")
  #define FLASH_SIZE                         ((((*((uint16_t *)FLASH_SIZE_DATA_REGISTER)) == 0xFFFF)) ? (0x400 << 10) : \
..\STM32L4xx_HAL_Driver\Src\stm32l4xx_hal_uart.c: 1 warning, 0 errors
compiling stm32l4xx_hal_tim_ex.c...
..\STM32L4xx_HAL_Driver\Inc\stm32l4xx_hal_flash.h(832): warning:  #47-D: incompatible redefinition of macro "FLASH_SIZE"  (declared at line 940 of "D:\software\Keil\Packs\Keil\STM32L4xx_DFP\2.3.0\Drivers\CMSIS\Device\ST\STM32L4xx\Include\stm32l431xx.h")
  #define FLASH_SIZE                         ((((*((uint16_t *)FLASH_SIZE_DATA_REGISTER)) == 0xFFFF)) ? (0x400 << 10) : \
..\STM32L4xx_HAL_Driver\Src\stm32l4xx_hal_tim_ex.c: 1 warning, 0 errors
compiling stm32l4xx_hal_rcc.c...
..\STM32L4xx_HAL_Driver\Inc\stm32l4xx_hal_flash.h(832): warning:  #47-D: incompatible redefinition of macro "FLASH_SIZE"  (declared at line 940 of "D:\software\Keil\Packs\Keil\STM32L4xx_DFP\2.3.0\Drivers\CMSIS\Device\ST\STM32L4xx\Include\stm32l431xx.h")
  #define FLASH_SIZE                         ((((*((uint16_t *)FLASH_SIZE_DATA_REGISTER)) == 0xFFFF)) ? (0x400 << 10) : \
..\STM32L4xx_HAL_Driver\Src\stm32l4xx_hal_rcc.c: 1 warning, 0 errors
compiling stm32l4xx_hal_pwr_ex.c...
..\STM32L4xx_HAL_Driver\Inc\stm32l4xx_hal_flash.h(832): warning:  #47-D: incompatible redefinition of macro "FLASH_SIZE"  (declared at line 940 of "D:\software\Keil\Packs\Keil\STM32L4xx_DFP\2.3.0\Drivers\CMSIS\Device\ST\STM32L4xx\Include\stm32l431xx.h")
  #define FLASH_SIZE                         ((((*((uint16_t *)FLASH_SIZE_DATA_REGISTER)) == 0xFFFF)) ? (0x400 << 10) : \
..\STM32L4xx_HAL_Driver\Src\stm32l4xx_hal_pwr_ex.c: 1 warning, 0 errors
compiling stm32l4xx_it.c...
..\STM32L4xx_HAL_Driver\Inc\stm32l4xx_hal_flash.h(832): warning:  #47-D: incompatible redefinition of macro "FLASH_SIZE"  (declared at line 940 of "D:\software\Keil\Packs\Keil\STM32L4xx_DFP\2.3.0\Drivers\CMSIS\Device\ST\STM32L4xx\Include\stm32l431xx.h")
  #define FLASH_SIZE                         ((((*((uint16_t *)FLASH_SIZE_DATA_REGISTER)) == 0xFFFF)) ? (0x400 << 10) : \
..\APP\stm32l4xx_it.c: 1 warning, 0 errors
compiling stm32l4xx_hal_rcc_ex.c...
..\STM32L4xx_HAL_Driver\Inc\stm32l4xx_hal_flash.h(832): warning:  #47-D: incompatible redefinition of macro "FLASH_SIZE"  (declared at line 940 of "D:\software\Keil\Packs\Keil\STM32L4xx_DFP\2.3.0\Drivers\CMSIS\Device\ST\STM32L4xx\Include\stm32l431xx.h")
  #define FLASH_SIZE                         ((((*((uint16_t *)FLASH_SIZE_DATA_REGISTER)) == 0xFFFF)) ? (0x400 << 10) : \
..\STM32L4xx_HAL_Driver\Src\stm32l4xx_hal_rcc_ex.c: 1 warning, 0 errors
compiling main.c...
..\STM32L4xx_HAL_Driver\Inc\stm32l4xx_hal_flash.h(832): warning:  #47-D: incompatible redefinition of macro "FLASH_SIZE"  (declared at line 940 of "D:\software\Keil\Packs\Keil\STM32L4xx_DFP\2.3.0\Drivers\CMSIS\Device\ST\STM32L4xx\Include\stm32l431xx.h")
  #define FLASH_SIZE                         ((((*((uint16_t *)FLASH_SIZE_DATA_REGISTER)) == 0xFFFF)) ? (0x400 << 10) : \
..\APP\product\main.c(228): warning:  #144-D: a value of type "void (*)(void *)" cannot be used to initialize an entity of type "os_pthread"
      osThreadDef(UART_PROCESS, uartprocess_task, UART_PROCESS_TASK_PRIORITY, 0, TASK_UART_PROCESS_STACK_SIZE);
..\APP\product\main.c(228): warning:  #188-D: enumerated type mixed with another type
      osThreadDef(UART_PROCESS, uartprocess_task, UART_PROCESS_TASK_PRIORITY, 0, TASK_UART_PROCESS_STACK_SIZE);
..\APP\product\main.c(230): warning:  #144-D: a value of type "void (*)(void *)" cannot be used to initialize an entity of type "os_pthread"
      osThreadDef(TIME, time_task, TIME_TASK_PRIORITY, 0, TASK_TIME_STACK_SIZE);
..\APP\product\main.c(230): warning:  #188-D: enumerated type mixed with another type
      osThreadDef(TIME, time_task, TIME_TASK_PRIORITY, 0, TASK_TIME_STACK_SIZE);
..\APP\product\main.c(232): warning:  #144-D: a value of type "void (*)(void *)" cannot be used to initialize an entity of type "os_pthread"
      osThreadDef(EVENT_SAMPLE, check_event_sample_task, EVENT_SAMPLE_TASK_PRIORITY, 0, TASK_EVENT_SAMPLE_STACK_SIZE);
..\APP\product\main.c(232): warning:  #188-D: enumerated type mixed with another type
      osThreadDef(EVENT_SAMPLE, check_event_sample_task, EVENT_SAMPLE_TASK_PRIORITY, 0, TASK_EVENT_SAMPLE_STACK_SIZE);
..\APP\product\main.c(234): warning:  #144-D: a value of type "void (*)(void *)" cannot be used to initialize an entity of type "os_pthread"
      osThreadDef(READDATA, readdata_task, READDATA_TASK_PRIORITY, 0, TASK_READDATA_STACK_SIZE);
..\APP\product\main.c(234): warning:  #188-D: enumerated type mixed with another type
      osThreadDef(READDATA, readdata_task, READDATA_TASK_PRIORITY, 0, TASK_READDATA_STACK_SIZE);
..\APP\product\main.c: 9 warnings, 0 errors
compiling stm32l4xx_hal_flash_ramfunc.c...
..\STM32L4xx_HAL_Driver\Inc\stm32l4xx_hal_flash.h(832): warning:  #47-D: incompatible redefinition of macro "FLASH_SIZE"  (declared at line 940 of "D:\software\Keil\Packs\Keil\STM32L4xx_DFP\2.3.0\Drivers\CMSIS\Device\ST\STM32L4xx\Include\stm32l431xx.h")
  #define FLASH_SIZE                         ((((*((uint16_t *)FLASH_SIZE_DATA_REGISTER)) == 0xFFFF)) ? (0x400 << 10) : \
..\STM32L4xx_HAL_Driver\Src\stm32l4xx_hal_flash_ramfunc.c: 1 warning, 0 errors
compiling stm32l4xx_hal_msp.c...
..\STM32L4xx_HAL_Driver\Inc\stm32l4xx_hal_flash.h(832): warning:  #47-D: incompatible redefinition of macro "FLASH_SIZE"  (declared at line 940 of "D:\software\Keil\Packs\Keil\STM32L4xx_DFP\2.3.0\Drivers\CMSIS\Device\ST\STM32L4xx\Include\stm32l431xx.h")
  #define FLASH_SIZE                         ((((*((uint16_t *)FLASH_SIZE_DATA_REGISTER)) == 0xFFFF)) ? (0x400 << 10) : \
..\APP\stm32l4xx_hal_msp.c: 1 warning, 0 errors
compiling stm32l4xx_hal_pwr.c...
..\STM32L4xx_HAL_Driver\Inc\stm32l4xx_hal_flash.h(832): warning:  #47-D: incompatible redefinition of macro "FLASH_SIZE"  (declared at line 940 of "D:\software\Keil\Packs\Keil\STM32L4xx_DFP\2.3.0\Drivers\CMSIS\Device\ST\STM32L4xx\Include\stm32l431xx.h")
  #define FLASH_SIZE                         ((((*((uint16_t *)FLASH_SIZE_DATA_REGISTER)) == 0xFFFF)) ? (0x400 << 10) : \
..\STM32L4xx_HAL_Driver\Src\stm32l4xx_hal_pwr.c: 1 warning, 0 errors
compiling stm32l4xx_hal_flash_ex.c...
..\STM32L4xx_HAL_Driver\Inc\stm32l4xx_hal_flash.h(832): warning:  #47-D: incompatible redefinition of macro "FLASH_SIZE"  (declared at line 940 of "D:\software\Keil\Packs\Keil\STM32L4xx_DFP\2.3.0\Drivers\CMSIS\Device\ST\STM32L4xx\Include\stm32l431xx.h")
  #define FLASH_SIZE                         ((((*((uint16_t *)FLASH_SIZE_DATA_REGISTER)) == 0xFFFF)) ? (0x400 << 10) : \
..\STM32L4xx_HAL_Driver\Src\stm32l4xx_hal_flash_ex.c: 1 warning, 0 errors
compiling sysinit.c...
..\STM32L4xx_HAL_Driver\Inc\stm32l4xx_hal_flash.h(832): warning:  #47-D: incompatible redefinition of macro "FLASH_SIZE"  (declared at line 940 of "D:\software\Keil\Packs\Keil\STM32L4xx_DFP\2.3.0\Drivers\CMSIS\Device\ST\STM32L4xx\Include\stm32l431xx.h")
  #define FLASH_SIZE                         ((((*((uint16_t *)FLASH_SIZE_DATA_REGISTER)) == 0xFFFF)) ? (0x400 << 10) : \
..\APP\product\sysinit.c(357): warning:  #177-D: variable "i"  was declared but never referenced
      U8 i, sn_buf[40];
..\APP\product\sysinit.c: 2 warnings, 0 errors
compiling command.c...
..\STM32L4xx_HAL_Driver\Inc\stm32l4xx_hal_flash.h(832): warning:  #47-D: incompatible redefinition of macro "FLASH_SIZE"  (declared at line 940 of "D:\software\Keil\Packs\Keil\STM32L4xx_DFP\2.3.0\Drivers\CMSIS\Device\ST\STM32L4xx\Include\stm32l431xx.h")
  #define FLASH_SIZE                         ((((*((uint16_t *)FLASH_SIZE_DATA_REGISTER)) == 0xFFFF)) ? (0x400 << 10) : \
..\APP\product\command.c(4111): warning:  #550-D: variable "temp_di"  was set but never used
      char *temp_di = NULL, *p = NULL, i = 0, rlen = 0;
..\APP\product\command.c(4112): warning:  #550-D: variable "temp_id"  was set but never used
      unsigned short temp_id = 0;
..\APP\product\command.c(4166): warning:  #550-D: variable "temp_di"  was set but never used
      char *temp_di = NULL, *p = NULL, i = 0, rlen = 0;
..\APP\product\command.c(4167): warning:  #550-D: variable "temp_id"  was set but never used
      unsigned short temp_id = 0;
..\APP\product\command.c(4219): warning:  #550-D: variable "temp_di"  was set but never used
      char *temp_di = NULL, *p = NULL, i = 0, rlen = 0;
..\APP\product\command.c(4220): warning:  #550-D: variable "temp_id"  was set but never used
      unsigned short temp_id = 0;
..\APP\product\command.c(4277): warning:  #550-D: variable "temp_di"  was set but never used
      char *temp_di = NULL, *p = NULL, i = 0, rlen = 0;
..\APP\product\command.c(4278): warning:  #550-D: variable "temp_id"  was set but never used
      unsigned short temp_id = 0;
..\APP\product\command.c(4337): warning:  #550-D: variable "temp_di"  was set but never used
      char *temp_di = NULL, *p = NULL, i = 0, rlen = 0;
..\APP\product\command.c(4338): warning:  #550-D: variable "temp_id"  was set but never used
      unsigned short temp_id = 0;
..\APP\product\command.c(4401): warning:  #550-D: variable "temp_di"  was set but never used
      char *temp_di = NULL, *p = NULL, i = 0, rlen = 0;
..\APP\product\command.c(4402): warning:  #550-D: variable "temp_id"  was set but never used
      unsigned short temp_id = 0;
..\APP\product\command.c(4460): warning:  #550-D: variable "temp_di"  was set but never used
      char *temp_di = NULL, *p = NULL, i = 0, rlen = 0;
..\APP\product\command.c(4461): warning:  #550-D: variable "temp_id"  was set but never used
      unsigned short temp_id = 0;
..\APP\product\command.c(4519): warning:  #550-D: variable "temp_di"  was set but never used
      char *temp_di = NULL, *temp_erase = NULL, *p = NULL, i = 0, rlen = 0;
..\APP\product\command.c(4520): warning:  #550-D: variable "temp_id"  was set but never used
      unsigned short temp_id = 0;
..\APP\product\command.c: 17 warnings, 0 errors
compiling EarthTemp_Sample.c...
..\STM32L4xx_HAL_Driver\Inc\stm32l4xx_hal_flash.h(832): warning:  #47-D: incompatible redefinition of macro "FLASH_SIZE"  (declared at line 940 of "D:\software\Keil\Packs\Keil\STM32L4xx_DFP\2.3.0\Drivers\CMSIS\Device\ST\STM32L4xx\Include\stm32l431xx.h")
  #define FLASH_SIZE                         ((((*((uint16_t *)FLASH_SIZE_DATA_REGISTER)) == 0xFFFF)) ? (0x400 << 10) : \
..\APP\sensor\1_earthTemp\EarthTemp_Sample.c(247): warning:  #177-D: variable "j"  was declared but never referenced
    unsigned char i = 0, j = 0, count = 0;
..\APP\sensor\1_earthTemp\EarthTemp_Sample.c: 2 warnings, 0 errors
compiling EarthTemp_Hal.c...
..\STM32L4xx_HAL_Driver\Inc\stm32l4xx_hal_flash.h(832): warning:  #47-D: incompatible redefinition of macro "FLASH_SIZE"  (declared at line 940 of "D:\software\Keil\Packs\Keil\STM32L4xx_DFP\2.3.0\Drivers\CMSIS\Device\ST\STM32L4xx\Include\stm32l431xx.h")
  #define FLASH_SIZE                         ((((*((uint16_t *)FLASH_SIZE_DATA_REGISTER)) == 0xFFFF)) ? (0x400 << 10) : \
..\APP\sensor\1_earthTemp\EarthTemp_Hal.c(229): warning:  #1035-D: single-precision operand implicitly converted to double-precision
                          fp32_1 = (((float)result_0) * STD_R_VALUE) / result_1;
..\APP\sensor\1_earthTemp\EarthTemp_Hal.c(159): warning:  #177-D: variable "count"  was declared but never referenced
      uint8 count = 50, readAD[2], readSTAT = 0;
..\APP\sensor\1_earthTemp\EarthTemp_Hal.c(159): warning:  #177-D: variable "readSTAT"  was declared but never referenced
      uint8 count = 50, readAD[2], readSTAT = 0;
..\APP\sensor\1_earthTemp\EarthTemp_Hal.c(34): warning:  #177-D: variable "DiWenChlNumber"  was declared but never referenced
  static unsigned char DiWenChlNumber;							// 第几通道的地温
..\APP\sensor\1_earthTemp\EarthTemp_Hal.c: 5 warnings, 0 errors
compiling uartprocess.c...
..\STM32L4xx_HAL_Driver\Inc\stm32l4xx_hal_flash.h(832): warning:  #47-D: incompatible redefinition of macro "FLASH_SIZE"  (declared at line 940 of "D:\software\Keil\Packs\Keil\STM32L4xx_DFP\2.3.0\Drivers\CMSIS\Device\ST\STM32L4xx\Include\stm32l431xx.h")
  #define FLASH_SIZE                         ((((*((uint16_t *)FLASH_SIZE_DATA_REGISTER)) == 0xFFFF)) ? (0x400 << 10) : \
..\APP\product\uartprocess.c: 1 warning, 0 errors
compiling sensor_basic.c...
..\STM32L4xx_HAL_Driver\Inc\stm32l4xx_hal_flash.h(832): warning:  #47-D: incompatible redefinition of macro "FLASH_SIZE"  (declared at line 940 of "D:\software\Keil\Packs\Keil\STM32L4xx_DFP\2.3.0\Drivers\CMSIS\Device\ST\STM32L4xx\Include\stm32l431xx.h")
  #define FLASH_SIZE                         ((((*((uint16_t *)FLASH_SIZE_DATA_REGISTER)) == 0xFFFF)) ? (0x400 << 10) : \
..\APP\sensor\sensor_basic.c: 1 warning, 0 errors
compiling EarthTemp_Sensor.c...
..\STM32L4xx_HAL_Driver\Inc\stm32l4xx_hal_flash.h(832): warning:  #47-D: incompatible redefinition of macro "FLASH_SIZE"  (declared at line 940 of "D:\software\Keil\Packs\Keil\STM32L4xx_DFP\2.3.0\Drivers\CMSIS\Device\ST\STM32L4xx\Include\stm32l431xx.h")
  #define FLASH_SIZE                         ((((*((uint16_t *)FLASH_SIZE_DATA_REGISTER)) == 0xFFFF)) ? (0x400 << 10) : \
..\APP\sensor\1_earthTemp\EarthTemp_Sensor.c: 1 warning, 0 errors
compiling sensor_process.c...
..\STM32L4xx_HAL_Driver\Inc\stm32l4xx_hal_flash.h(832): warning:  #47-D: incompatible redefinition of macro "FLASH_SIZE"  (declared at line 940 of "D:\software\Keil\Packs\Keil\STM32L4xx_DFP\2.3.0\Drivers\CMSIS\Device\ST\STM32L4xx\Include\stm32l431xx.h")
  #define FLASH_SIZE                         ((((*((uint16_t *)FLASH_SIZE_DATA_REGISTER)) == 0xFFFF)) ? (0x400 << 10) : \
..\APP\sensor\sensor_process.c: 1 warning, 0 errors
linking...
Program Size: Code=65108 RO-data=2424 RW-data=284 ZI-data=38076  
"STM32L476G-Discovery\STM32L476G-Discovery.axf" - 0 Error(s), 72 Warning(s).

<h2>Software Packages used:</h2>

Package Vendor: ARM
                http://www.keil.com/pack/ARM.CMSIS.5.7.0.pack
                ARM.CMSIS.5.7.0
                CMSIS (Cortex Microcontroller Software Interface Standard)
   * Component: CORE Version: 5.4.0

Package Vendor: Keil
                https://www.keil.com/pack/Keil.STM32L4xx_DFP.2.3.0.pack
                Keil.STM32L4xx_DFP.2.3.0
                STMicroelectronics STM32L4 Series Device Support, Drivers and Examples

<h2>Collection of Component include folders:</h2>
  .\RTE\_STM32L476G-Discovery
  D:\software\Keil\Packs\ARM\CMSIS\5.7.0\CMSIS\Core\Include
  D:\software\Keil\Packs\Keil\STM32L4xx_DFP\2.3.0\Drivers\CMSIS\Device\ST\STM32L4xx\Include

<h2>Collection of Component Files used:</h2>

   * Component: ARM::CMSIS:CORE:5.4.0
Build Time Elapsed:  00:00:53
</pre>
</body>
</html>
